../drivers/fsl_clock.c:82:6:CLOCK_AttachClk	32	static
../drivers/fsl_clock.c:194:6:CLOCK_SetClkDiv	24	static
../drivers/fsl_clock.c:221:10:CLOCK_GetClkDiv	24	static
../drivers/fsl_clock.c:232:10:CLOCK_GetFRGInputClock	16	static
../drivers/fsl_clock.c:261:10:CLOCK_SetFRGClock	40	static
../drivers/fsl_clock.c:279:10:CLOCK_GetFRGClock	40	static
../drivers/fsl_clock.c:293:10:CLOCK_GetClkOutFreq	16	static
../drivers/fsl_clock.c:338:10:CLOCK_GetWdtOscFreq	16	static
../drivers/fsl_clock.c:368:10:CLOCK_GetSpifiOscFreq	16	static
../drivers/fsl_clock.c:398:10:CLOCK_GetPWMClockFreq	16	static
../drivers/fsl_clock.c:427:10:CLOCK_GetFreq	24	static
../drivers/fsl_clock.c:499:10:CLOCK_GetCoreSysClkFreq	8	static
../drivers/fsl_clock.c:506:10:CLOCK_GetMainClockRate	16	static
../drivers/fsl_clock.c:544:10:CLOCK_GetOsc32kFreq	16	static
../drivers/fsl_clock.c:558:10:CLOCK_GetOsc32MFreq	16	static
../drivers/fsl_clock.c:572:10:CLOCK_GetXtal32kFreq	16	static
../drivers/fsl_clock.c:584:10:CLOCK_GetXtal32MFreq	4	static
../drivers/fsl_clock.c:589:10:CLOCK_GetFro32kFreq	16	static
../drivers/fsl_clock.c:601:10:CLOCK_GetFro1MFreq	4	static
../drivers/fsl_clock.c:606:10:CLOCK_GetFro12MFreq	16	static
../drivers/fsl_clock.c:618:10:CLOCK_GetFro32MFreq	16	static
../drivers/fsl_clock.c:630:10:CLOCK_GetFro48MFreq	16	static
../drivers/fsl_clock.c:642:10:CLOCK_GetFro64MFreq	16	static
../drivers/fsl_clock.c:657:10:CLOCK_GetSpifiClkFreq	16	static
../drivers/fsl_clock.c:695:10:CLOCK_GetAdcClock	16	static
../drivers/fsl_clock.c:731:10:CLOCK_GetApbCLkFreq	16	static
../drivers/fsl_clock.c:762:6:CLOCK_EnableClock	24	static
../drivers/fsl_clock.c:838:6:CLOCK_DisableClock	24	static
../drivers/fsl_clock.c:896:6:CLOCK_IsClockEnable	24	static
../drivers/fsl_clock.c:902:6:CLOCK_EnableAPBBridge	4	static
../drivers/fsl_clock.c:907:6:CLOCK_DisableAPBBridge	4	static
../drivers/fsl_clock.c:916:6:CLOCK_uDelay	24	static
../drivers/fsl_clock.c:959:6:CLOCK_XtalBasicTrim	16	static
../drivers/fsl_clock.c:1015:6:CLOCK_Xtal32M_Trim	72	static
../drivers/fsl_clock.c:1095:6:CLOCK_Xtal32k_Trim	64	static
../drivers/fsl_clock.c:1156:6:CLOCK_SetXtal32M_LDO	24	static
../drivers/fsl_clock.c:1189:6:CLOCK_Xtal32M_WaitUntilStable	16	static
../drivers/fsl_clock.c:1200:16:CLOCK_u8OscCapConvert	16	static
../drivers/fsl_clock.c:1230:6:DelayUsecMHz	24	static
../drivers/fsl_clock.c:1236:6:DelayLoopN	16	static
