C:\NXP\mg_workspace\Czujnik-ruchu-HNM01-do-sterowania-sieci-o-wietlenia\JN5189_Project\CMSIS/core_cm4.h:1677:22:__NVIC_EnableIRQ	16	static
C:\NXP\mg_workspace\Czujnik-ruchu-HNM01-do-sterowania-sieci-o-wietlenia\JN5189_Project\drivers/fsl_common.h:440:28:EnableIRQ	16	static
C:\NXP\mg_workspace\Czujnik-ruchu-HNM01-do-sterowania-sieci-o-wietlenia\JN5189_Project\drivers/fsl_power.h:260:20:POWER_EnablePD	16	static
C:\NXP\mg_workspace\Czujnik-ruchu-HNM01-do-sterowania-sieci-o-wietlenia\JN5189_Project\drivers/fsl_adc.h:435:20:ADC_EnableConvSeqA	16	static
C:\NXP\mg_workspace\Czujnik-ruchu-HNM01-do-sterowania-sieci-o-wietlenia\JN5189_Project\drivers/fsl_adc.h:460:20:ADC_DoSoftwareTriggerConvSeqA	16	static
C:\NXP\mg_workspace\Czujnik-ruchu-HNM01-do-sterowania-sieci-o-wietlenia\JN5189_Project\drivers/fsl_adc.h:690:20:ADC_EnableInterrupts	16	static
C:\NXP\mg_workspace\Czujnik-ruchu-HNM01-do-sterowania-sieci-o-wietlenia\JN5189_Project\drivers/fsl_adc.h:755:20:ADC_ClearStatusFlags	16	static
C:\NXP\mg_workspace\Czujnik-ruchu-HNM01-do-sterowania-sieci-o-wietlenia\JN5189_Project\drivers/fsl_ctimer.h:475:20:CTIMER_ClearStatusFlags	16	static
C:\NXP\mg_workspace\Czujnik-ruchu-HNM01-do-sterowania-sieci-o-wietlenia\JN5189_Project\drivers/fsl_ctimer.h:492:20:CTIMER_StartTimer	16	static
../source/JN5189_Project.c:27:6:ADC0_SEQA_IRQHandler	24	static
../source/JN5189_Project.c:39:6:CTIMER0_IRQHandler	8	static
../source/JN5189_Project.c:47:6:Init_Hardware_Timer	32	static
../source/JN5189_Project.c:69:5:main	40	static
