Archive member included to satisfy reference by file (symbol)

C:/NXP/MCUXpressoIDE_24.12.148/ide/plugins/com.nxp.mcuxpresso.tools.win32_24.12.0.202407110909/tools/bin/../lib/gcc/arm-none-eabi/13.2.1/../../../../arm-none-eabi/lib/thumb/v7e-m/nofp\libcr_nohost_nf.a(_cr__main.o)
                              ./startup/startup_jn5189.o (__main)
C:/NXP/MCUXpressoIDE_24.12.148/ide/plugins/com.nxp.mcuxpresso.tools.win32_24.12.0.202407110909/tools/bin/../lib/gcc/arm-none-eabi/13.2.1/../../../../arm-none-eabi/lib/thumb/v7e-m/nofp\libcr_nohost_nf.a(_cr_assert.o)
                              ./utilities/fsl_debug_console.o (__assertion_failed)
C:/NXP/MCUXpressoIDE_24.12.148/ide/plugins/com.nxp.mcuxpresso.tools.win32_24.12.0.202407110909/tools/bin/../lib/gcc/arm-none-eabi/13.2.1/../../../../arm-none-eabi/lib/thumb/v7e-m/nofp\libcr_nohost_nf.a(__ciob.o)
                              C:/NXP/MCUXpressoIDE_24.12.148/ide/plugins/com.nxp.mcuxpresso.tools.win32_24.12.0.202407110909/tools/bin/../lib/gcc/arm-none-eabi/13.2.1/../../../../arm-none-eabi/lib/thumb/v7e-m/nofp\libcr_nohost_nf.a(_cr_assert.o) (__Ciob)
C:/NXP/MCUXpressoIDE_24.12.148/ide/plugins/com.nxp.mcuxpresso.tools.win32_24.12.0.202407110909/tools/bin/../lib/gcc/arm-none-eabi/13.2.1/../../../../arm-none-eabi/lib/thumb/v7e-m/nofp\libcr_nohost_nf.a(__sys_appexit.o)
                              C:/NXP/MCUXpressoIDE_24.12.148/ide/plugins/com.nxp.mcuxpresso.tools.win32_24.12.0.202407110909/tools/bin/../lib/gcc/arm-none-eabi/13.2.1/../../../../arm-none-eabi/lib/thumb/v7e-m/nofp\libcr_nohost_nf.a(_cr_assert.o) (__sys_appexit)
C:/NXP/MCUXpressoIDE_24.12.148/ide/plugins/com.nxp.mcuxpresso.tools.win32_24.12.0.202407110909/tools/bin/../lib/gcc/arm-none-eabi/13.2.1/../../../../arm-none-eabi/lib/thumb/v7e-m/nofp\libcr_c.a(memcpy.o)
                              ./drivers/fsl_flash.o (memcpy)
C:/NXP/MCUXpressoIDE_24.12.148/ide/plugins/com.nxp.mcuxpresso.tools.win32_24.12.0.202407110909/tools/bin/../lib/gcc/arm-none-eabi/13.2.1/../../../../arm-none-eabi/lib/thumb/v7e-m/nofp\libcr_c.a(memset.o)
                              ./utilities/fsl_debug_console.o (memset)
C:/NXP/MCUXpressoIDE_24.12.148/ide/plugins/com.nxp.mcuxpresso.tools.win32_24.12.0.202407110909/tools/bin/../lib/gcc/arm-none-eabi/13.2.1/../../../../arm-none-eabi/lib/thumb/v7e-m/nofp\libcr_c.a(_deferredlazyseek.o)
                              C:/NXP/MCUXpressoIDE_24.12.148/ide/plugins/com.nxp.mcuxpresso.tools.win32_24.12.0.202407110909/tools/bin/../lib/gcc/arm-none-eabi/13.2.1/../../../../arm-none-eabi/lib/thumb/v7e-m/nofp\libcr_nohost_nf.a(_cr_assert.o) (__flsbuf)
C:/NXP/MCUXpressoIDE_24.12.148/ide/plugins/com.nxp.mcuxpresso.tools.win32_24.12.0.202407110909/tools/bin/../lib/gcc/arm-none-eabi/13.2.1/../../../../arm-none-eabi/lib/thumb/v7e-m/nofp\libcr_c.a(_fflush.o)
                              C:/NXP/MCUXpressoIDE_24.12.148/ide/plugins/com.nxp.mcuxpresso.tools.win32_24.12.0.202407110909/tools/bin/../lib/gcc/arm-none-eabi/13.2.1/../../../../arm-none-eabi/lib/thumb/v7e-m/nofp\libcr_c.a(_deferredlazyseek.o) (_fflush)
C:/NXP/MCUXpressoIDE_24.12.148/ide/plugins/com.nxp.mcuxpresso.tools.win32_24.12.0.202407110909/tools/bin/../lib/gcc/arm-none-eabi/13.2.1/../../../../arm-none-eabi/lib/thumb/v7e-m/nofp\libcr_c.a(_writebuf.o)
                              C:/NXP/MCUXpressoIDE_24.12.148/ide/plugins/com.nxp.mcuxpresso.tools.win32_24.12.0.202407110909/tools/bin/../lib/gcc/arm-none-eabi/13.2.1/../../../../arm-none-eabi/lib/thumb/v7e-m/nofp\libcr_c.a(_deferredlazyseek.o) (_Cwritebuf)
C:/NXP/MCUXpressoIDE_24.12.148/ide/plugins/com.nxp.mcuxpresso.tools.win32_24.12.0.202407110909/tools/bin/../lib/gcc/arm-none-eabi/13.2.1/../../../../arm-none-eabi/lib/thumb/v7e-m/nofp\libcr_c.a(alloc.o)
                              ./drivers/fsl_common.o (malloc)
C:/NXP/MCUXpressoIDE_24.12.148/ide/plugins/com.nxp.mcuxpresso.tools.win32_24.12.0.202407110909/tools/bin/../lib/gcc/arm-none-eabi/13.2.1/../../../../arm-none-eabi/lib/thumb/v7e-m/nofp\libcr_c.a(fputs.o)
                              C:/NXP/MCUXpressoIDE_24.12.148/ide/plugins/com.nxp.mcuxpresso.tools.win32_24.12.0.202407110909/tools/bin/../lib/gcc/arm-none-eabi/13.2.1/../../../../arm-none-eabi/lib/thumb/v7e-m/nofp\libcr_nohost_nf.a(_cr_assert.o) (fputs)
C:/NXP/MCUXpressoIDE_24.12.148/ide/plugins/com.nxp.mcuxpresso.tools.win32_24.12.0.202407110909/tools/bin/../lib/gcc/arm-none-eabi/13.2.1/../../../../arm-none-eabi/lib/thumb/v7e-m/nofp\libcr_c.a(fseek.o)
                              C:/NXP/MCUXpressoIDE_24.12.148/ide/plugins/com.nxp.mcuxpresso.tools.win32_24.12.0.202407110909/tools/bin/../lib/gcc/arm-none-eabi/13.2.1/../../../../arm-none-eabi/lib/thumb/v7e-m/nofp\libcr_c.a(_deferredlazyseek.o) (fseek)
C:/NXP/MCUXpressoIDE_24.12.148/ide/plugins/com.nxp.mcuxpresso.tools.win32_24.12.0.202407110909/tools/bin/../lib/gcc/arm-none-eabi/13.2.1/../../../../arm-none-eabi/lib/thumb/v7e-m/nofp\libcr_c.a(ftell.o)
[...]
Memory Configuration

Name             Origin             Length             Attributes
PROGRAM_FLASH    0x00000000         0x000a0000         xr
SRAM             0x04000000         0x00015fe0         xrw
SRAM1            0x04020000         0x00010000         xrw
*default*        0x00000000         0xffffffff

Linker script and memory map

LOAD ./utilities/fsl_debug_console.o
LOAD ./utilities/fsl_str.o
LOAD ./startup/startup_jn5189.o
LOAD ./source/JN5189_Project.o
LOAD ./source/semihost_hardfault.o
LOAD ./drivers/fsl_adc.o
LOAD ./drivers/fsl_clock.o
LOAD ./drivers/fsl_common.o
LOAD ./drivers/fsl_ctimer.o
LOAD ./drivers/fsl_flash.o
LOAD ./drivers/fsl_flexcomm.o
LOAD ./drivers/fsl_gpio.o
LOAD ./drivers/fsl_inputmux.o
LOAD ./drivers/fsl_power.o
LOAD ./drivers/fsl_reset.o
LOAD ./drivers/fsl_usart.o
LOAD ./device/system_JN5189.o
LOAD ./component/uart/usart_adapter.o
LOAD ./component/serial_manager/serial_manager.o
LOAD ./component/serial_manager/serial_port_uart.o
LOAD ./component/lists/generic_list.o
LOAD ./board/board.o
LOAD ./board/board_utility.o
LOAD ./board/clock_config.o
LOAD ./board/peripherals.o
LOAD ./board/pin_mux.o
START GROUP
LOAD C:/NXP/MCUXpressoIDE_24.12.148/ide/plugins/com.nxp.mcuxpresso.tools.win32_24.12.0.202407110909/tools/bin/../lib/gcc/arm-none-eabi/13.2.1/../../../../arm-none-eabi/lib/thumb/v7e-m/nofp\libcr_nohost_nf.a
LOAD C:/NXP/MCUXpressoIDE_24.12.148/ide/plugins/com.nxp.mcuxpresso.tools.win32_24.12.0.202407110909/tools/bin/../lib/gcc/arm-none-eabi/13.2.1/../../../../arm-none-eabi/lib/thumb/v7e-m/nofp\libcr_c.a
LOAD C:/NXP/MCUXpressoIDE_24.12.148/ide/plugins/com.nxp.mcuxpresso.tools.win32_24.12.0.202407110909/tools/bin/../lib/gcc/arm-none-eabi/13.2.1/thumb/v7e-m/nofp\libcr_eabihelpers.a
LOAD C:/NXP/MCUXpressoIDE_24.12.148/ide/plugins/com.nxp.mcuxpresso.tools.win32_24.12.0.202407110909/tools/bin/../lib/gcc/arm-none-eabi/13.2.1/thumb/v7e-m/nofp\libgcc.a
END GROUP
                0x00000000                        __base_PROGRAM_FLASH = 0x0
                0x00000000                        __base_Flash = 0x0
                0x000a0000                        __top_PROGRAM_FLASH = 0xa0000
                0x000a0000                        __top_Flash = 0xa0000
                0x04000000                        __base_SRAM = 0x4000000
                0x04000000                        __base_RAM = 0x4000000
                0x04015fe0                        __top_SRAM = 0x4015fe0
                0x04015fe0                        __top_RAM = 0x4015fe0
                0x04020000                        __base_SRAM1 = 0x4020000
                0x04020000                        __base_RAM2 = 0x4020000
                0x04030000                        __top_SRAM1 = 0x4030000
                0x04030000                        __top_RAM2 = 0x4030000

.text           0x00000000     0x4688
 FILL mask 0xff
                0x00000000                        __vectors_start__ = ABSOLUTE (.)
 *(SORT_BY_ALIGNMENT(.isr_vector))
 .isr_vector    0x00000000      0x120 ./startup/startup_jn5189.o
                0x00000000                g_pfnVectors
                0x00000000                __Vectors
                0x00000120                        . = ALIGN (0x4)
                0x00000120                        __section_table_start = .
                0x00000120                        __data_section_table = .
                0x00000120        0x4 LONG 0x4688 LOADADDR (.data)
                0x00000124        0x4 LONG 0x4000000 ADDR (.data)
                0x00000128        0x4 LONG 0xc SIZEOF (.data)
                0x0000012c        0x4 LONG 0x4688 LOADADDR (.data_RAM2)
                0x00000130        0x4 LONG 0x4020000 ADDR (.data_RAM2)
                0x00000134        0x4 LONG 0x0 SIZEOF (.data_RAM2)
                0x00000138                        __data_section_table_end = .
                0x00000138                        __bss_section_table = .
                0x00000138        0x4 LONG 0x400000c ADDR (.bss)
                0x0000013c        0x4 LONG 0x13c SIZEOF (.bss)
                0x00000140        0x4 LONG 0x4020000 ADDR (.bss_RAM2)
                0x00000144        0x4 LONG 0x0 SIZEOF (.bss_RAM2)
                0x00000148                        __bss_section_table_end = .
                0x00000148                        __section_table_end = .
 *(SORT_BY_ALIGNMENT(.after_vectors*))
 .after_vectors.reset
                0x00000148       0x30 ./startup/startup_jn5189.o
                0x00000148                ResetISR
 .after_vectors
                0x00000178       0xe0 ./startup/startup_jn5189.o
                0x00000178                ResetISR2
                0x00000240                NMI_Handler
                0x00000244                MemManage_Handler
                0x00000246                BusFault_Handler
                0x00000248                UsageFault_Handler
                0x0000024a                SVC_Handler
                0x0000024c                PendSV_Handler
                0x00000250                CIC_IRB_DriverIRQHandler
                0x00000250                ANA_COMP_DriverIRQHandler
                0x00000250                PWM0_DriverIRQHandler
                0x00000250                PWM4_DriverIRQHandler
                0x00000250                PIN_INT3_DriverIRQHandler
                0x00000250                PIN_INT2_DriverIRQHandler
                0x00000250                PIN_INT0_DriverIRQHandler
                0x00000250                SPIFI0_DriverIRQHandler
                0x00000250                ISO7816_DriverIRQHandler
                0x00000250                IntDefaultHandler
                0x00000250                BLE_DP0_DriverIRQHandler
                0x00000250                ZIGBEE_MODEM_DriverIRQHandler
                0x00000250                DMIC0_DriverIRQHandler
                0x00000250                BLE_WAKE_UP_TIMER_DriverIRQHandler
                0x00000250                PVTVF1_AMBER_DriverIRQHandler
                0x00000250                DMA0_DriverIRQHandler
                0x00000250                ADC0_SEQB_DriverIRQHandler
                0x00000250                PWM6_DriverIRQHandler
                0x00000250                MAILBOX_DriverIRQHandler
                0x00000250                PIN_INT1_DriverIRQHandler
                0x00000250                BLE_DP_DriverIRQHandler
                0x00000250                PWM8_DriverIRQHandler
                0x00000250                HWVAD0_DriverIRQHandler
                0x00000250                PWM9_DriverIRQHandler
                0x00000250                RTC_DriverIRQHandler
                0x00000250                WAKE_UP_TIMER0_DriverIRQHandler
                0x00000250                PVTVF0_RED_DriverIRQHandler
                0x00000250                PWM5_DriverIRQHandler
                0x00000250                RFP_TMU_DriverIRQHandler
                0x00000250                PWM7_DriverIRQHandler
                0x00000250                PWM1_DriverIRQHandler
                0x00000250                BLE_DP2_DriverIRQHandler
                0x00000250                NFCTag_DriverIRQHandler
                0x00000250                BLE_DP1_DriverIRQHandler
                0x00000250                ADC0_SEQA_DriverIRQHandler
                0x00000250                PWM10_DriverIRQHandler
                0x00000250                PVTVF0_AMBER_DriverIRQHandler
                0x00000250                ADC0_THCMP_DriverIRQHandler
                0x00000250                BLE_LL_ALL_DriverIRQHandler
                0x00000250                WAKE_UP_TIMER1_DriverIRQHandler
                0x00000250                SHA_DriverIRQHandler
                0x00000250                GINT0_DriverIRQHandler
                0x00000250                RFP_AGC_DriverIRQHandler
                0x00000250                PWM2_DriverIRQHandler
                0x00000250                ZIGBEE_MAC_DriverIRQHandler
                0x00000250                PWM3_DriverIRQHandler
                0x00000250                WDT_BOD_DriverIRQHandler
                0x00000250                PVTVF1_RED_DriverIRQHandler
 .after_vectors.init_data
                0x00000258       0x1c ./startup/startup_jn5189.o
                0x00000258                data_init
 .after_vectors.init_bss
                0x00000274       0x12 ./startup/startup_jn5189.o
                0x00000274                bss_init
 *(SORT_BY_ALIGNMENT(.text*))
 *fill*         0x00000286        0x2 ff
 .text.DbgConsole_SendDataReliable
                0x00000288       0x58 ./utilities/fsl_debug_console.o
                0x00000288                DbgConsole_SendDataReliable
 .text.DbgConsole_Init
                0x000002e0      0x104 ./utilities/fsl_debug_console.o
                0x000002e0                DbgConsole_Init
 .text.DbgConsole_Printf
                0x000003e4       0x74 ./utilities/fsl_debug_console.o
                0x000003e4                DbgConsole_Printf
 .text.BOOT_GetStartPowerMode
                0x00000458        0xc ./startup/startup_jn5189.o
 .text.__NVIC_EnableIRQ
                0x00000464       0x38 ./source/JN5189_Project.o
 .text.__NVIC_SetPriority
                0x0000049c       0x54 ./source/JN5189_Project.o
 .text.SysTick_Config
                0x000004f0       0x44 ./source/JN5189_Project.o
 .text.SysTick_Handler
                0x00000534       0x54 ./source/JN5189_Project.o
                0x00000534                SysTick_Handler
 .text.ADC0_SEQA_IRQHandler
                0x00000588       0x68 ./source/JN5189_Project.o
                0x00000588                ADC0_SEQA_IRQHandler
 .text.main     0x000005f0      0x1fc ./source/JN5189_Project.o
                0x000005f0                main
 .text.ADC_GetInstance
                0x000007ec       0x44 ./drivers/fsl_adc.o
 .text.ADC_Init
                0x00000830       0xdc ./drivers/fsl_adc.o
                0x00000830                ADC_Init
 .text.ADC_SetConvSeqAConfig
                0x0000090c       0x84 ./drivers/fsl_adc.o
                0x0000090c                ADC_SetConvSeqAConfig
 .text.ADC_GetChannelConversionResult
                0x00000990       0xd8 ./drivers/fsl_adc.o
                0x00000990                ADC_GetChannelConversionResult
 .text.CLOCK_AttachClk
                0x00000a68      0x234 ./drivers/fsl_clock.o
                0x00000a68                CLOCK_AttachClk
 .text.CLOCK_GetFRGInputClock
                0x00000c9c       0x60 ./drivers/fsl_clock.o
                0x00000c9c                CLOCK_GetFRGInputClock
 .text.CLOCK_GetClkOutFreq
                0x00000cfc       0xa8 ./drivers/fsl_clock.o
                0x00000cfc                CLOCK_GetClkOutFreq
 .text.CLOCK_GetWdtOscFreq
                0x00000da4       0x64 ./drivers/fsl_clock.o
                0x00000da4                CLOCK_GetWdtOscFreq
 .text.CLOCK_GetSpifiOscFreq
                0x00000e08       0x84 ./drivers/fsl_clock.o
                0x00000e08                CLOCK_GetSpifiOscFreq
 .text.CLOCK_GetPWMClockFreq
                0x00000e8c       0x5c ./drivers/fsl_clock.o
                0x00000e8c                CLOCK_GetPWMClockFreq
 .text.CLOCK_GetFreq
                0x00000ee8      0x174 ./drivers/fsl_clock.o
                0x00000ee8                CLOCK_GetFreq
 .text.CLOCK_GetMainClockRate
                0x0000105c       0x80 ./drivers/fsl_clock.o
                0x0000105c                CLOCK_GetMainClockRate
 .text.CLOCK_GetXtal32kFreq
                0x000010dc       0x30 ./drivers/fsl_clock.o
                0x000010dc                CLOCK_GetXtal32kFreq
 .text.CLOCK_GetXtal32MFreq
                0x0000110c       0x14 ./drivers/fsl_clock.o
                0x0000110c                CLOCK_GetXtal32MFreq
 .text.CLOCK_GetFro32kFreq
                0x00001120       0x30 ./drivers/fsl_clock.o
                0x00001120                CLOCK_GetFro32kFreq
 .text.CLOCK_GetFro1MFreq
                0x00001150       0x14 ./drivers/fsl_clock.o
                0x00001150                CLOCK_GetFro1MFreq
 .text.CLOCK_GetFro12MFreq
                0x00001164       0x30 ./drivers/fsl_clock.o
                0x00001164                CLOCK_GetFro12MFreq
 .text.CLOCK_GetFro32MFreq
                0x00001194       0x30 ./drivers/fsl_clock.o
                0x00001194                CLOCK_GetFro32MFreq
 .text.CLOCK_GetFro48MFreq
                0x000011c4       0x30 ./drivers/fsl_clock.o
                0x000011c4                CLOCK_GetFro48MFreq
 .text.CLOCK_GetFro64MFreq
                0x000011f4       0x30 ./drivers/fsl_clock.o
                0x000011f4                CLOCK_GetFro64MFreq
 .text.CLOCK_GetApbCLkFreq
                0x00001224       0x60 ./drivers/fsl_clock.o
                0x00001224                CLOCK_GetApbCLkFreq
 .text.CLOCK_EnableClock
                0x00001284      0x158 ./drivers/fsl_clock.o
                0x00001284                CLOCK_EnableClock
 .text.CLOCK_uDelay
                0x000013dc       0x40 ./drivers/fsl_clock.o
                0x000013dc                CLOCK_uDelay
 .text.CLOCK_XtalBasicTrim
                0x0000141c       0x30 ./drivers/fsl_clock.o
                0x0000141c                CLOCK_XtalBasicTrim
 .text.CLOCK_Xtal32M_Trim
                0x0000144c      0x1f8 ./drivers/fsl_clock.o
                0x0000144c                CLOCK_Xtal32M_Trim
 .text.CLOCK_Xtal32M_WaitUntilStable
                0x00001644       0x2c ./drivers/fsl_clock.o
                0x00001644                CLOCK_Xtal32M_WaitUntilStable
 .text.SDK_DelayAtLeastUs
                0x00001670       0x94 ./drivers/fsl_common.o
                0x00001670                SDK_DelayAtLeastUs
 .text.CTIMER_GenericIRQHandler
                0x00001704       0xbc ./drivers/fsl_ctimer.o
                0x00001704                CTIMER_GenericIRQHandler
 .text.FLEXCOMM_GetInstance
                0x000017c0       0x44 ./drivers/fsl_flexcomm.o
                0x000017c0                FLEXCOMM_GetInstance
 .text.FLEXCOMM_Init
                0x00001804       0x5c ./drivers/fsl_flexcomm.o
                0x00001804                FLEXCOMM_Init
 .text.FLEXCOMM0_DriverIRQHandler
                0x00001860       0x3c ./drivers/fsl_flexcomm.o
                0x00001860                FLEXCOMM0_DriverIRQHandler
 .text.FLEXCOMM1_DriverIRQHandler
                0x0000189c       0x3c ./drivers/fsl_flexcomm.o
                0x0000189c                FLEXCOMM1_DriverIRQHandler
 .text.FLEXCOMM2_DriverIRQHandler
                0x000018d8       0x3c ./drivers/fsl_flexcomm.o
                0x000018d8                FLEXCOMM2_DriverIRQHandler
 .text.FLEXCOMM3_DriverIRQHandler
                0x00001914       0x3c ./drivers/fsl_flexcomm.o
                0x00001914                FLEXCOMM3_DriverIRQHandler
 .text.FLEXCOMM4_DriverIRQHandler
                0x00001950       0x3c ./drivers/fsl_flexcomm.o
                0x00001950                FLEXCOMM4_DriverIRQHandler
 .text.FLEXCOMM5_DriverIRQHandler
                0x0000198c       0x3c ./drivers/fsl_flexcomm.o
                0x0000198c                FLEXCOMM5_DriverIRQHandler
 .text.FLEXCOMM6_DriverIRQHandler
                0x000019c8       0x3c ./drivers/fsl_flexcomm.o
                0x000019c8                FLEXCOMM6_DriverIRQHandler
 .text.RESET_SetPeripheralReset
                0x00001a04       0x7c ./drivers/fsl_reset.o
                0x00001a04                RESET_SetPeripheralReset
 .text.RESET_ClearPeripheralReset
                0x00001a80       0x80 ./drivers/fsl_reset.o
                0x00001a80                RESET_ClearPeripheralReset
 .text.USART_Init
                0x00001b00      0x18c ./drivers/fsl_usart.o
                0x00001b00                USART_Init
 .text.USART_GetDefaultConfig
                0x00001c8c       0x7c ./drivers/fsl_usart.o
                0x00001c8c                USART_GetDefaultConfig
 .text.USART_SetBaudRate
                0x00001d08      0x128 ./drivers/fsl_usart.o
                0x00001d08                USART_SetBaudRate
 .text.USART_WriteBlocking
                0x00001e30       0x88 ./drivers/fsl_usart.o
                0x00001e30                USART_WriteBlocking
 .text.__NVIC_SetPriorityGrouping
                0x00001eb8       0x48 ./device/system_JN5189.o
 .text.CLOCK_GetXtal32kFreq
                0x00001f00       0x30 ./device/system_JN5189.o
 .text.CLOCK_GetXtal32MFreq
                0x00001f30       0x14 ./device/system_JN5189.o
 .text.CLOCK_GetFro32kFreq
                0x00001f44       0x30 ./device/system_JN5189.o
 .text.CLOCK_GetFro1MFreq
                0x00001f74       0x14 ./device/system_JN5189.o
 .text.CLOCK_GetFro12MFreq
                0x00001f88       0x30 ./device/system_JN5189.o
 .text.CLOCK_GetFro32MFreq
                0x00001fb8       0x30 ./device/system_JN5189.o
 .text.CLOCK_GetFro48MFreq
                0x00001fe8       0x30 ./device/system_JN5189.o
 .text.CLOCK_GetMainClockRate
                0x00002018       0x80 ./device/system_JN5189.o
 .text.SystemInit
                0x00002098       0x48 ./device/system_JN5189.o
                0x00002098                SystemInit
 .text.SystemCoreClockUpdate
                0x000020e0       0x28 ./device/system_JN5189.o
                0x000020e0                SystemCoreClockUpdate
 .text.HAL_UartInit
                0x00002108      0x108 ./component/uart/usart_adapter.o
                0x00002108                HAL_UartInit
 .text.HAL_UartSendBlocking
                0x00002210       0x64 ./component/uart/usart_adapter.o
                0x00002210                HAL_UartSendBlocking
 .text.SerialManager_Write
                0x00002274       0x6c ./component/serial_manager/serial_manager.o
 .text.SerialManager_Init
                0x000022e0       0x74 ./component/serial_manager/serial_manager.o
                0x000022e0                SerialManager_Init
 .text.SerialManager_OpenWriteHandle
                0x00002354       0x64 ./component/serial_manager/serial_manager.o
                0x00002354                SerialManager_OpenWriteHandle
 .text.SerialManager_OpenReadHandle
                0x000023b8       0x74 ./component/serial_manager/serial_manager.o
                0x000023b8                SerialManager_OpenReadHandle
 .text.Serial_UartInit
                0x0000242c       0x80 ./component/serial_manager/serial_port_uart.o
                0x0000242c                Serial_UartInit
 .text.Serial_UartWrite
                0x000024ac       0x58 ./component/serial_manager/serial_port_uart.o
                0x000024ac                Serial_UartWrite
 .text.BOARD_InitDebugConsole
                0x00002504       0x34 ./board/board.o
                0x00002504                BOARD_InitDebugConsole
 .text.BOARD_GetClock32MCapacitanceCharacteristics
                0x00002538       0x14 ./board/board_utility.o
                0x00002538                BOARD_GetClock32MCapacitanceCharacteristics
 .text.BOARD_BootClockRUN
                0x0000254c       0xec ./board/clock_config.o
                0x0000254c                BOARD_BootClockRUN
 .text.BOARD_InitPins
                0x00002638       0x74 ./board/pin_mux.o
                0x00002638                BOARD_InitPins
 .text.__assertion_failed
                0x000026ac       0x4c C:/NXP/MCUXpressoIDE_24.12.148/ide/plugins/com.nxp.mcuxpresso.tools.win32_24.12.0.202407110909/tools/bin/../lib/gcc/arm-none-eabi/13.2.1/../../../../arm-none-eabi/lib/thumb/v7e-m/nofp\libcr_nohost_nf.a(_cr_assert.o)
                0x000026ac                __assertion_failed
 .text._Cwritebuf
                0x000026f8       0x6c C:/NXP/MCUXpressoIDE_24.12.148/ide/plugins/com.nxp.mcuxpresso.tools.win32_24.12.0.202407110909/tools/bin/../lib/gcc/arm-none-eabi/13.2.1/../../../../arm-none-eabi/lib/thumb/v7e-m/nofp\libcr_c.a(_writebuf.o)
                0x000026f8                _Cwritebuf
 .text.malloc   0x00002764       0xc8 C:/NXP/MCUXpressoIDE_24.12.148/ide/plugins/com.nxp.mcuxpresso.tools.win32_24.12.0.202407110909/tools/bin/../lib/gcc/arm-none-eabi/13.2.1/../../../../arm-none-eabi/lib/thumb/v7e-m/nofp\libcr_c.a(alloc.o)
                0x00002764                malloc
 .text._Csys_alloc
                0x0000282c       0x20 C:/NXP/MCUXpressoIDE_24.12.148/ide/plugins/com.nxp.mcuxpresso.tools.win32_24.12.0.202407110909/tools/bin/../lib/gcc/arm-none-eabi/13.2.1/../../../../arm-none-eabi/lib/thumb/v7e-m/nofp\libcr_c.a(alloc.o)
                0x0000282c                _Csys_alloc
 .text.fseek    0x0000284c       0xf8 C:/NXP/MCUXpressoIDE_24.12.148/ide/plugins/com.nxp.mcuxpresso.tools.win32_24.12.0.202407110909/tools/bin/../lib/gcc/arm-none-eabi/13.2.1/../../../../arm-none-eabi/lib/thumb/v7e-m/nofp\libcr_c.a(fseek.o)
                0x0000284c                fseek
 .text.ftell    0x00002944       0x44 C:/NXP/MCUXpressoIDE_24.12.148/ide/plugins/com.nxp.mcuxpresso.tools.win32_24.12.0.202407110909/tools/bin/../lib/gcc/arm-none-eabi/13.2.1/../../../../arm-none-eabi/lib/thumb/v7e-m/nofp\libcr_c.a(ftell.o)
                0x00002944                ftell
 .text._initio  0x00002988       0x78 C:/NXP/MCUXpressoIDE_24.12.148/ide/plugins/com.nxp.mcuxpresso.tools.win32_24.12.0.202407110909/tools/bin/../lib/gcc/arm-none-eabi/13.2.1/../../../../arm-none-eabi/lib/thumb/v7e-m/nofp\libcr_c.a(initio.o)
                0x00002988                _initio
 .text._sbrk    0x00002a00       0x3c C:/NXP/MCUXpressoIDE_24.12.148/ide/plugins/com.nxp.mcuxpresso.tools.win32_24.12.0.202407110909/tools/bin/../lib/gcc/arm-none-eabi/13.2.1/../../../../arm-none-eabi/lib/thumb/v7e-m/nofp\libcr_c.a(_cr_sbrk.o)
                0x00002a00                _sbrk
 .text.fflush   0x00002a3c       0x3c C:/NXP/MCUXpressoIDE_24.12.148/ide/plugins/com.nxp.mcuxpresso.tools.win32_24.12.0.202407110909/tools/bin/../lib/gcc/arm-none-eabi/13.2.1/../../../../arm-none-eabi/lib/thumb/v7e-m/nofp\libcr_c.a(fflush.o)
                0x00002a3c                fflush
 .text.__check_heap_overflow
                0x00002a78       0x18 C:/NXP/MCUXpressoIDE_24.12.148/ide/plugins/com.nxp.mcuxpresso.tools.win32_24.12.0.202407110909/tools/bin/../lib/gcc/arm-none-eabi/13.2.1/../../../../arm-none-eabi/lib/thumb/v7e-m/nofp\libcr_c.a(_cr_check_heap.o)
                0x00002a78                __check_heap_overflow
 .text.DbgConsole_PrintCallback
                0x00002a90       0x66 ./utilities/fsl_debug_console.o
 .text.ConvertRadixNumToString
                0x00002af6      0x112 ./utilities/fsl_str.o
 .text.StrFormatPrintf
                0x00002c08      0x30c ./utilities/fsl_str.o
                0x00002c08                StrFormatPrintf
 .text.WDT_BOD_IRQHandler
                0x00002f14        0x8 ./startup/startup_jn5189.o
                0x00002f14                WDT_BOD_IRQHandler
 .text.DMA0_IRQHandler
                0x00002f1c        0x8 ./startup/startup_jn5189.o
                0x00002f1c                DMA0_IRQHandler
 .text.GINT0_IRQHandler
                0x00002f24        0x8 ./startup/startup_jn5189.o
                0x00002f24                GINT0_IRQHandler
 .text.CIC_IRB_IRQHandler
                0x00002f2c        0x8 ./startup/startup_jn5189.o
                0x00002f2c                CIC_IRB_IRQHandler
 .text.PIN_INT0_IRQHandler
                0x00002f34        0x8 ./startup/startup_jn5189.o
                0x00002f34                PIN_INT0_IRQHandler
 .text.PIN_INT1_IRQHandler
                0x00002f3c        0x8 ./startup/startup_jn5189.o
                0x00002f3c                PIN_INT1_IRQHandler
 .text.PIN_INT2_IRQHandler
                0x00002f44        0x8 ./startup/startup_jn5189.o
                0x00002f44                PIN_INT2_IRQHandler
 .text.PIN_INT3_IRQHandler
                0x00002f4c        0x8 ./startup/startup_jn5189.o
                0x00002f4c                PIN_INT3_IRQHandler
 .text.SPIFI0_IRQHandler
                0x00002f54        0x8 ./startup/startup_jn5189.o
                0x00002f54                SPIFI0_IRQHandler
 .text.CTIMER0_IRQHandler
                0x00002f5c        0x8 ./startup/startup_jn5189.o
                0x00002f5c                CTIMER0_IRQHandler
 .text.CTIMER1_IRQHandler
                0x00002f64        0x8 ./startup/startup_jn5189.o
                0x00002f64                CTIMER1_IRQHandler
 .text.FLEXCOMM0_IRQHandler
                0x00002f6c        0x8 ./startup/startup_jn5189.o
                0x00002f6c                FLEXCOMM0_IRQHandler
 .text.FLEXCOMM1_IRQHandler
                0x00002f74        0x8 ./startup/startup_jn5189.o
                0x00002f74                FLEXCOMM1_IRQHandler
 .text.FLEXCOMM2_IRQHandler
                0x00002f7c        0x8 ./startup/startup_jn5189.o
                0x00002f7c                FLEXCOMM2_IRQHandler
 .text.FLEXCOMM3_IRQHandler
                0x00002f84        0x8 ./startup/startup_jn5189.o
                0x00002f84                FLEXCOMM3_IRQHandler
 .text.FLEXCOMM4_IRQHandler
                0x00002f8c        0x8 ./startup/startup_jn5189.o
                0x00002f8c                FLEXCOMM4_IRQHandler
 .text.FLEXCOMM5_IRQHandler
                0x00002f94        0x8 ./startup/startup_jn5189.o
                0x00002f94                FLEXCOMM5_IRQHandler
 .text.PWM0_IRQHandler
                0x00002f9c        0x8 ./startup/startup_jn5189.o
                0x00002f9c                PWM0_IRQHandler
 .text.PWM1_IRQHandler
                0x00002fa4        0x8 ./startup/startup_jn5189.o
                0x00002fa4                PWM1_IRQHandler
 .text.PWM2_IRQHandler
                0x00002fac        0x8 ./startup/startup_jn5189.o
                0x00002fac                PWM2_IRQHandler
 .text.PWM3_IRQHandler
                0x00002fb4        0x8 ./startup/startup_jn5189.o
                0x00002fb4                PWM3_IRQHandler
 .text.PWM4_IRQHandler
                0x00002fbc        0x8 ./startup/startup_jn5189.o
                0x00002fbc                PWM4_IRQHandler
 .text.PWM5_IRQHandler
                0x00002fc4        0x8 ./startup/startup_jn5189.o
                0x00002fc4                PWM5_IRQHandler
 .text.PWM6_IRQHandler
                0x00002fcc        0x8 ./startup/startup_jn5189.o
                0x00002fcc                PWM6_IRQHandler
 .text.PWM7_IRQHandler
                0x00002fd4        0x8 ./startup/startup_jn5189.o
                0x00002fd4                PWM7_IRQHandler
 .text.PWM8_IRQHandler
                0x00002fdc        0x8 ./startup/startup_jn5189.o
                0x00002fdc                PWM8_IRQHandler
 .text.PWM9_IRQHandler
                0x00002fe4        0x8 ./startup/startup_jn5189.o
                0x00002fe4                PWM9_IRQHandler
 .text.PWM10_IRQHandler
                0x00002fec        0x8 ./startup/startup_jn5189.o
                0x00002fec                PWM10_IRQHandler
 .text.FLEXCOMM6_IRQHandler
                0x00002ff4        0x8 ./startup/startup_jn5189.o
                0x00002ff4                FLEXCOMM6_IRQHandler
 .text.RTC_IRQHandler
                0x00002ffc        0x8 ./startup/startup_jn5189.o
                0x00002ffc                RTC_IRQHandler
 .text.NFCTag_IRQHandler
                0x00003004        0x8 ./startup/startup_jn5189.o
                0x00003004                NFCTag_IRQHandler
 .text.MAILBOX_IRQHandler
                0x0000300c        0x8 ./startup/startup_jn5189.o
                0x0000300c                MAILBOX_IRQHandler
 .text.ADC0_SEQB_IRQHandler
                0x00003014        0x8 ./startup/startup_jn5189.o
                0x00003014                ADC0_SEQB_IRQHandler
 .text.ADC0_THCMP_IRQHandler
                0x0000301c        0x8 ./startup/startup_jn5189.o
                0x0000301c                ADC0_THCMP_IRQHandler
 .text.DMIC0_IRQHandler
                0x00003024        0x8 ./startup/startup_jn5189.o
                0x00003024                DMIC0_IRQHandler
 .text.HWVAD0_IRQHandler
                0x0000302c        0x8 ./startup/startup_jn5189.o
                0x0000302c                HWVAD0_IRQHandler
 .text.BLE_DP_IRQHandler
                0x00003034        0x8 ./startup/startup_jn5189.o
                0x00003034                BLE_DP_IRQHandler
 .text.BLE_DP0_IRQHandler
                0x0000303c        0x8 ./startup/startup_jn5189.o
                0x0000303c                BLE_DP0_IRQHandler
 .text.BLE_DP1_IRQHandler
                0x00003044        0x8 ./startup/startup_jn5189.o
                0x00003044                BLE_DP1_IRQHandler
 .text.BLE_DP2_IRQHandler
                0x0000304c        0x8 ./startup/startup_jn5189.o
                0x0000304c                BLE_DP2_IRQHandler
 .text.BLE_LL_ALL_IRQHandler
                0x00003054        0x8 ./startup/startup_jn5189.o
                0x00003054                BLE_LL_ALL_IRQHandler
 .text.RFP_TMU_IRQHandler
                0x0000305c        0x8 ./startup/startup_jn5189.o
                0x0000305c                RFP_TMU_IRQHandler
 .text.RFP_AGC_IRQHandler
                0x00003064        0x8 ./startup/startup_jn5189.o
                0x00003064                RFP_AGC_IRQHandler
 .text.ISO7816_IRQHandler
                0x0000306c        0x8 ./startup/startup_jn5189.o
                0x0000306c                ISO7816_IRQHandler
 .text.ANA_COMP_IRQHandler
                0x00003074        0x8 ./startup/startup_jn5189.o
                0x00003074                ANA_COMP_IRQHandler
 .text.WAKE_UP_TIMER0_IRQHandler
                0x0000307c        0x8 ./startup/startup_jn5189.o
                0x0000307c                WAKE_UP_TIMER0_IRQHandler
 .text.WAKE_UP_TIMER1_IRQHandler
                0x00003084        0x8 ./startup/startup_jn5189.o
                0x00003084                WAKE_UP_TIMER1_IRQHandler
 .text.PVTVF0_AMBER_IRQHandler
                0x0000308c        0x8 ./startup/startup_jn5189.o
                0x0000308c                PVTVF0_AMBER_IRQHandler
 .text.PVTVF0_RED_IRQHandler
                0x00003094        0x8 ./startup/startup_jn5189.o
                0x00003094                PVTVF0_RED_IRQHandler
 .text.PVTVF1_AMBER_IRQHandler
                0x0000309c        0x8 ./startup/startup_jn5189.o
                0x0000309c                PVTVF1_AMBER_IRQHandler
 .text.PVTVF1_RED_IRQHandler
                0x000030a4        0x8 ./startup/startup_jn5189.o
                0x000030a4                PVTVF1_RED_IRQHandler
 .text.BLE_WAKE_UP_TIMER_IRQHandler
                0x000030ac        0x8 ./startup/startup_jn5189.o
                0x000030ac                BLE_WAKE_UP_TIMER_IRQHandler
 .text.SHA_IRQHandler
                0x000030b4        0x8 ./startup/startup_jn5189.o
                0x000030b4                SHA_IRQHandler
 .text.EnableIRQ
                0x000030bc       0x2c ./source/JN5189_Project.o
 .text.GPIO_PinWrite
                0x000030e8       0x2c ./source/JN5189_Project.o
 .text.ADC_EnableConvSeqA
                0x00003114       0x36 ./source/JN5189_Project.o
 .text.ADC_EnableConvSeqABurstMode
                0x0000314a       0x36 ./source/JN5189_Project.o
 .text.ADC_EnableInterrupts
                0x00003180       0x24 ./source/JN5189_Project.o
 .text.ADC_ClearStatusFlags
                0x000031a4       0x1a ./source/JN5189_Project.o
 .text.HardFault_Handler
                0x000031be       0x36 ./source/semihost_hardfault.o
                0x000031be                HardFault_Handler
 .text.ADC_GetDefaultConfig
                0x000031f4       0x32 ./drivers/fsl_adc.o
                0x000031f4                ADC_GetDefaultConfig
 .text.CLOCK_SetClkDiv
                0x00003226       0xb6 ./drivers/fsl_clock.o
                0x00003226                CLOCK_SetClkDiv
 .text.CLOCK_GetFRGClock
                0x000032dc       0x64 ./drivers/fsl_clock.o
                0x000032dc                CLOCK_GetFRGClock
 .text.CLOCK_GetCoreSysClkFreq
                0x00003340       0x1e ./drivers/fsl_clock.o
                0x00003340                CLOCK_GetCoreSysClkFreq
 .text.CLOCK_GetOsc32kFreq
                0x0000335e       0x32 ./drivers/fsl_clock.o
                0x0000335e                CLOCK_GetOsc32kFreq
 .text.CLOCK_GetOsc32MFreq
                0x00003390       0x32 ./drivers/fsl_clock.o
                0x00003390                CLOCK_GetOsc32MFreq
 .text.CLOCK_EnableAPBBridge
                0x000033c2       0x1c ./drivers/fsl_clock.o
                0x000033c2                CLOCK_EnableAPBBridge
 .text.CLOCK_u8OscCapConvert
                0x000033de       0x54 ./drivers/fsl_clock.o
 .text.DelayLoopN
                0x00003432       0x22 ./drivers/fsl_clock.o
                0x00003432                DelayLoopN
 .text.DelayLoop
                0x00003454       0x1e ./drivers/fsl_common.o
 .text.CTIMER_GetStatusFlags
                0x00003472       0x16 ./drivers/fsl_ctimer.o
 .text.CTIMER_ClearStatusFlags
                0x00003488       0x1a ./drivers/fsl_ctimer.o
 .text.CTIMER0_DriverIRQHandler
                0x000034a2       0x14 ./drivers/fsl_ctimer.o
                0x000034a2                CTIMER0_DriverIRQHandler
 .text.CTIMER1_DriverIRQHandler
                0x000034b6       0x14 ./drivers/fsl_ctimer.o
                0x000034b6                CTIMER1_DriverIRQHandler
 .text.FLEXCOMM_PeripheralIsPresent
                0x000034ca       0x62 ./drivers/fsl_flexcomm.o
 .text.FLEXCOMM_SetPeriph
                0x0000352c       0x74 ./drivers/fsl_flexcomm.o
 .text.GPIO_PinInit
                0x000035a0       0x7c ./drivers/fsl_gpio.o
                0x000035a0                GPIO_PinInit
 .text.RESET_PeripheralReset
                0x0000361c       0x1c ./drivers/fsl_reset.o
                0x0000361c                RESET_PeripheralReset
 .text.USART_EnableContinuousSCLK
                0x00003638       0x36 ./drivers/fsl_usart.o
 .text.CLOCK_GetOsc32kFreq
                0x0000366e       0x32 ./device/system_JN5189.o
 .text.HAL_UartGetStatus
                0x000036a0       0x20 ./component/uart/usart_adapter.o
 .text.DisableGlobalIRQ
                0x000036c0       0x20 ./component/serial_manager/serial_manager.o
 .text.EnableGlobalIRQ
                0x000036e0       0x1e ./component/serial_manager/serial_manager.o
 .text.SerialManager_StartWriting
                0x000036fe       0x48 ./component/serial_manager/serial_manager.o
 .text.SerialManager_WriteBlocking
                0x00003746       0x20 ./component/serial_manager/serial_manager.o
                0x00003746                SerialManager_WriteBlocking
 .text.BOARD_InitBootClocks
                0x00003766        0xc ./board/clock_config.o
                0x00003766                BOARD_InitBootClocks
 .text.BOARD_InitBootPeripherals
                0x00003772        0xc ./board/peripherals.o
                0x00003772                BOARD_InitBootPeripherals
 .text.IOCON_PinMuxSet
                0x0000377e       0x30 ./board/pin_mux.o
 .text.BOARD_InitBootPins
                0x000037ae        0xc ./board/pin_mux.o
                0x000037ae                BOARD_InitBootPins
 .text.__main   0x000037ba        0xe C:/NXP/MCUXpressoIDE_24.12.148/ide/plugins/com.nxp.mcuxpresso.tools.win32_24.12.0.202407110909/tools/bin/../lib/gcc/arm-none-eabi/13.2.1/../../../../arm-none-eabi/lib/thumb/v7e-m/nofp\libcr_nohost_nf.a(_cr__main.o)
                0x000037ba                __main
 .text.__sys_appexit
                0x000037c8        0x2 C:/NXP/MCUXpressoIDE_24.12.148/ide/plugins/com.nxp.mcuxpresso.tools.win32_24.12.0.202407110909/tools/bin/../lib/gcc/arm-none-eabi/13.2.1/../../../../arm-none-eabi/lib/thumb/v7e-m/nofp\libcr_nohost_nf.a(__sys_appexit.o)
                0x000037c8                __sys_appexit
                0x000037c8                __exit
 .text.memset   0x000037ca        0x4 C:/NXP/MCUXpressoIDE_24.12.148/ide/plugins/com.nxp.mcuxpresso.tools.win32_24.12.0.202407110909/tools/bin/../lib/gcc/arm-none-eabi/13.2.1/../../../../arm-none-eabi/lib/thumb/v7e-m/nofp\libcr_c.a(memset.o)
                0x000037ca                memset
 .text._deferredlazyseek
                0x000037ce       0x40 C:/NXP/MCUXpressoIDE_24.12.148/ide/plugins/com.nxp.mcuxpresso.tools.win32_24.12.0.202407110909/tools/bin/../lib/gcc/arm-none-eabi/13.2.1/../../../../arm-none-eabi/lib/thumb/v7e-m/nofp\libcr_c.a(_deferredlazyseek.o)
                0x000037ce                _deferredlazyseek
 .text.__flsbuf
                0x0000380e      0x126 C:/NXP/MCUXpressoIDE_24.12.148/ide/plugins/com.nxp.mcuxpresso.tools.win32_24.12.0.202407110909/tools/bin/../lib/gcc/arm-none-eabi/13.2.1/../../../../arm-none-eabi/lib/thumb/v7e-m/nofp\libcr_c.a(_deferredlazyseek.o)
                0x0000380e                __flsbuf
 .text._fflush  0x00003934       0x52 C:/NXP/MCUXpressoIDE_24.12.148/ide/plugins/com.nxp.mcuxpresso.tools.win32_24.12.0.202407110909/tools/bin/../lib/gcc/arm-none-eabi/13.2.1/../../../../arm-none-eabi/lib/thumb/v7e-m/nofp\libcr_c.a(_fflush.o)
                0x00003934                _fflush
 .text.free     0x00003986       0x30 C:/NXP/MCUXpressoIDE_24.12.148/ide/plugins/com.nxp.mcuxpresso.tools.win32_24.12.0.202407110909/tools/bin/../lib/gcc/arm-none-eabi/13.2.1/../../../../arm-none-eabi/lib/thumb/v7e-m/nofp\libcr_c.a(alloc.o)
                0x00003986                free
 .text.fputs    0x000039b6       0x2c C:/NXP/MCUXpressoIDE_24.12.148/ide/plugins/com.nxp.mcuxpresso.tools.win32_24.12.0.202407110909/tools/bin/../lib/gcc/arm-none-eabi/13.2.1/../../../../arm-none-eabi/lib/thumb/v7e-m/nofp\libcr_c.a(fputs.o)
                0x000039b6                fputs
 .text.setvbuf  0x000039e2       0x3e C:/NXP/MCUXpressoIDE_24.12.148/ide/plugins/com.nxp.mcuxpresso.tools.win32_24.12.0.202407110909/tools/bin/../lib/gcc/arm-none-eabi/13.2.1/../../../../arm-none-eabi/lib/thumb/v7e-m/nofp\libcr_c.a(setvbuf.o)
                0x000039e2                setvbuf
 .text.strlen   0x00003a20       0x4e C:/NXP/MCUXpressoIDE_24.12.148/ide/plugins/com.nxp.mcuxpresso.tools.win32_24.12.0.202407110909/tools/bin/../lib/gcc/arm-none-eabi/13.2.1/../../../../arm-none-eabi/lib/thumb/v7e-m/nofp\libcr_c.a(strlen.o)
                0x00003a20                strlen
 .text._fdopen  0x00003a6e       0x68 C:/NXP/MCUXpressoIDE_24.12.148/ide/plugins/com.nxp.mcuxpresso.tools.win32_24.12.0.202407110909/tools/bin/../lib/gcc/arm-none-eabi/13.2.1/../../../../arm-none-eabi/lib/thumb/v7e-m/nofp\libcr_c.a(_fdopen.o)
                0x00003a6e                _fdopen
 .text.fclose   0x00003ad6       0x58 C:/NXP/MCUXpressoIDE_24.12.148/ide/plugins/com.nxp.mcuxpresso.tools.win32_24.12.0.202407110909/tools/bin/../lib/gcc/arm-none-eabi/13.2.1/../../../../arm-none-eabi/lib/thumb/v7e-m/nofp\libcr_c.a(fclose.o)
                0x00003ad6                fclose
 .text.remove   0x00003b2e       0x14 C:/NXP/MCUXpressoIDE_24.12.148/ide/plugins/com.nxp.mcuxpresso.tools.win32_24.12.0.202407110909/tools/bin/../lib/gcc/arm-none-eabi/13.2.1/../../../../arm-none-eabi/lib/thumb/v7e-m/nofp\libcr_c.a(remove.o)
                0x00003b2e                remove
 .text._do_fflush
                0x00003b42       0x40 C:/NXP/MCUXpressoIDE_24.12.148/ide/plugins/com.nxp.mcuxpresso.tools.win32_24.12.0.202407110909/tools/bin/../lib/gcc/arm-none-eabi/13.2.1/../../../../arm-none-eabi/lib/thumb/v7e-m/nofp\libcr_c.a(_do_fflush.o)
                0x00003b42                _do_fflush
 .text.__aeabi_division_uldivmod
                0x00003b82      0x174 C:/NXP/MCUXpressoIDE_24.12.148/ide/plugins/com.nxp.mcuxpresso.tools.win32_24.12.0.202407110909/tools/bin/../lib/gcc/arm-none-eabi/13.2.1/thumb/v7e-m/nofp\libcr_eabihelpers.a(division_64.o)
                0x00003b82                __aeabi_uldivmod
                0x00003b86                __bhs_ldivmod1
 .text.__aeabi_division_idiv0
                0x00003cf6        0x2 C:/NXP/MCUXpressoIDE_24.12.148/ide/plugins/com.nxp.mcuxpresso.tools.win32_24.12.0.202407110909/tools/bin/../lib/gcc/arm-none-eabi/13.2.1/thumb/v7e-m/nofp\libcr_eabihelpers.a(division_idiv0.o)
                0x00003cf6                __aeabi_idiv0
 .text.__aeabi_memset_lowlevel
                0x00003cf8       0x32 C:/NXP/MCUXpressoIDE_24.12.148/ide/plugins/com.nxp.mcuxpresso.tools.win32_24.12.0.202407110909/tools/bin/../lib/gcc/arm-none-eabi/13.2.1/thumb/v7e-m/nofp\libcr_eabihelpers.a(memcpy.o)
                0x00003cf8                __aeabi_lowlevel_memset
 .text.__sys_close
                0x00003d2a        0x6 C:/NXP/MCUXpressoIDE_24.12.148/ide/plugins/com.nxp.mcuxpresso.tools.win32_24.12.0.202407110909/tools/bin/../lib/gcc/arm-none-eabi/13.2.1/../../../../arm-none-eabi/lib/thumb/v7e-m/nofp\libcr_nohost_nf.a(__sys_close.o)
                0x00003d2a                __sys_close
 .text.__sys_flen
                0x00003d30        0x6 C:/NXP/MCUXpressoIDE_24.12.148/ide/plugins/com.nxp.mcuxpresso.tools.win32_24.12.0.202407110909/tools/bin/../lib/gcc/arm-none-eabi/13.2.1/../../../../arm-none-eabi/lib/thumb/v7e-m/nofp\libcr_nohost_nf.a(__sys_flen.o)
                0x00003d30                __sys_flen
 .text.__sys_istty
                0x00003d36        0x6 C:/NXP/MCUXpressoIDE_24.12.148/ide/plugins/com.nxp.mcuxpresso.tools.win32_24.12.0.202407110909/tools/bin/../lib/gcc/arm-none-eabi/13.2.1/../../../../arm-none-eabi/lib/thumb/v7e-m/nofp\libcr_nohost_nf.a(__sys_istty.o)
                0x00003d36                __sys_istty
 .text.__sys_remove
                0x00003d3c        0x6 C:/NXP/MCUXpressoIDE_24.12.148/ide/plugins/com.nxp.mcuxpresso.tools.win32_24.12.0.202407110909/tools/bin/../lib/gcc/arm-none-eabi/13.2.1/../../../../arm-none-eabi/lib/thumb/v7e-m/nofp\libcr_nohost_nf.a(__sys_remove.o)
                0x00003d3c                __sys_remove
 .text.__sys_seek
                0x00003d42        0x6 C:/NXP/MCUXpressoIDE_24.12.148/ide/plugins/com.nxp.mcuxpresso.tools.win32_24.12.0.202407110909/tools/bin/../lib/gcc/arm-none-eabi/13.2.1/../../../../arm-none-eabi/lib/thumb/v7e-m/nofp\libcr_nohost_nf.a(__sys_seek.o)
                0x00003d42                __sys_seek
 .text.__sys_tmpnam
                0x00003d48        0x6 C:/NXP/MCUXpressoIDE_24.12.148/ide/plugins/com.nxp.mcuxpresso.tools.win32_24.12.0.202407110909/tools/bin/../lib/gcc/arm-none-eabi/13.2.1/../../../../arm-none-eabi/lib/thumb/v7e-m/nofp\libcr_nohost_nf.a(__sys_tmpnam.o)
                0x00003d48                __sys_tmpnam
 .text.__sys_write
                0x00003d4e        0x4 C:/NXP/MCUXpressoIDE_24.12.148/ide/plugins/com.nxp.mcuxpresso.tools.win32_24.12.0.202407110909/tools/bin/../lib/gcc/arm-none-eabi/13.2.1/../../../../arm-none-eabi/lib/thumb/v7e-m/nofp\libcr_nohost_nf.a(__sys_write.o)
                0x00003d4e                __sys_write
 *(SORT_BY_ALIGNMENT(.rodata) SORT_BY_ALIGNMENT(.rodata.*) SORT_BY_ALIGNMENT(.constdata) SORT_BY_ALIGNMENT(.constdata.*))
 *fill*         0x00003d52        0x2 ff
 .rodata.DbgConsole_SendDataReliable.str1.4
                0x00003d54      0x88c ./utilities/fsl_debug_console.o
                                 0x4c (size before relaxing)
 .rodata.DbgConsole_Init.str1.4
                0x000045e0       0xca ./utilities/fsl_debug_console.o
 .rodata.main.str1.4
                0x000045e0       0x43 ./source/JN5189_Project.o
 .rodata.ADC_GetInstance.str1.4
                0x000045e0       0x31 ./drivers/fsl_adc.o
 .rodata.ADC_Init.str1.4
                0x000045e0       0x1e ./drivers/fsl_adc.o
 .rodata.ADC_SetConvSeqAConfig.str1.4
                0x000045e0       0x1f ./drivers/fsl_adc.o
 .rodata.ADC_GetChannelConversionResult.str1.4
                0x000045e0       0x48 ./drivers/fsl_adc.o
 .rodata.CLOCK_XtalBasicTrim.str1.4
                0x000045e0       0x2f ./drivers/fsl_clock.o
 .rodata.SDK_DelayAtLeastUs.str1.4
                0x000045e0       0x4b ./drivers/fsl_common.o
 .rodata.s_ctimerBases
                0x000045e0        0x8 ./drivers/fsl_ctimer.o
 .rodata.s_flexcommBaseAddrs
                0x000045e8       0x1c ./drivers/fsl_flexcomm.o
 .rodata.s_flexcommClocks
                0x00004604       0x1c ./drivers/fsl_flexcomm.o
 .rodata.s_flexcommResets
                0x00004620       0x1c ./drivers/fsl_flexcomm.o
 .rodata.FLEXCOMM_GetInstance.str1.4
                0x0000463c       0x1a ./drivers/fsl_flexcomm.o
 .rodata.FLEXCOMM0_DriverIRQHandler.str1.4
                0x0000463c       0x2d ./drivers/fsl_flexcomm.o
 .rodata.FLEXCOMM1_DriverIRQHandler.str1.4
                0x0000463c       0x2d ./drivers/fsl_flexcomm.o
 .rodata.FLEXCOMM2_DriverIRQHandler.str1.4
                0x0000463c       0x2d ./drivers/fsl_flexcomm.o
 .rodata.FLEXCOMM3_DriverIRQHandler.str1.4
                0x0000463c       0x2d ./drivers/fsl_flexcomm.o
 .rodata.FLEXCOMM4_DriverIRQHandler.str1.4
                0x0000463c       0x2d ./drivers/fsl_flexcomm.o
 .rodata.FLEXCOMM5_DriverIRQHandler.str1.4
                0x0000463c       0x2d ./drivers/fsl_flexcomm.o
 .rodata.FLEXCOMM6_DriverIRQHandler.str1.4
                0x0000463c       0x2d ./drivers/fsl_flexcomm.o
 .rodata.RESET_SetPeripheralReset.str1.4
                0x0000463c       0x1e ./drivers/fsl_reset.o
 .rodata.RESET_ClearPeripheralReset.str1.4
                0x0000463c       0x1e ./drivers/fsl_reset.o
 .rodata.USART_Init.str1.4
                0x0000463c       0x4e ./drivers/fsl_usart.o
 .rodata.USART_GetDefaultConfig.str1.4
                0x0000463c       0x21 ./drivers/fsl_usart.o
 .rodata.USART_SetBaudRate.str1.4
                0x0000463c       0x51 ./drivers/fsl_usart.o
 .rodata.USART_WriteBlocking.str1.4
                0x0000463c       0x36 ./drivers/fsl_usart.o
 .rodata.s_UsartAdapterBase
                0x0000463c        0x8 ./component/uart/usart_adapter.o
 .rodata.HAL_UartInit.str1.4
                0x00004644       0xdb ./component/uart/usart_adapter.o
 .rodata.HAL_UartSendBlocking.str1.4
                0x00004644       0x59 ./component/uart/usart_adapter.o
 .rodata.SerialManager_Write.str1.4
                0x00004644       0x82 ./component/serial_manager/serial_manager.o
 .rodata.SerialManager_Init.str1.4
                0x00004644       0x44 ./component/serial_manager/serial_manager.o
 .rodata.SerialManager_OpenWriteHandle.str1.4
                0x00004644       0x48 ./component/serial_manager/serial_manager.o
 .rodata.SerialManager_OpenReadHandle.str1.4
                0x00004644       0x4b ./component/serial_manager/serial_manager.o
 .rodata.Serial_UartInit.str1.4
                0x00004644       0x4e ./component/serial_manager/serial_port_uart.o
 .rodata.Serial_UartWrite.str1.4
                0x00004644       0x68 ./component/serial_manager/serial_port_uart.o
 .rodata.BOARD_Clock32MCapacitanceCharacteristics
                0x00004644        0xc ./board/board_utility.o
                0x00004644                BOARD_Clock32MCapacitanceCharacteristics
 .rodata.__num_Ciob_streams
                0x00004650        0x4 C:/NXP/MCUXpressoIDE_24.12.148/ide/plugins/com.nxp.mcuxpresso.tools.win32_24.12.0.202407110909/tools/bin/../lib/gcc/arm-none-eabi/13.2.1/../../../../arm-none-eabi/lib/thumb/v7e-m/nofp\libcr_nohost_nf.a(__ciob.o)
                0x00004650                __num_Ciob_streams
 .rodata.__assertion_failed.str1.1
                0x00004654       0x31 C:/NXP/MCUXpressoIDE_24.12.148/ide/plugins/com.nxp.mcuxpresso.tools.win32_24.12.0.202407110909/tools/bin/../lib/gcc/arm-none-eabi/13.2.1/../../../../arm-none-eabi/lib/thumb/v7e-m/nofp\libcr_nohost_nf.a(_cr_assert.o)
                                 0x15 (size before relaxing)
 .rodata._Csys_alloc.str1.1
                0x00004685       0x18 C:/NXP/MCUXpressoIDE_24.12.148/ide/plugins/com.nxp.mcuxpresso.tools.win32_24.12.0.202407110909/tools/bin/../lib/gcc/arm-none-eabi/13.2.1/../../../../arm-none-eabi/lib/thumb/v7e-m/nofp\libcr_c.a(alloc.o)
 .rodata._initio.str1.1
                0x00004685        0x4 C:/NXP/MCUXpressoIDE_24.12.148/ide/plugins/com.nxp.mcuxpresso.tools.win32_24.12.0.202407110909/tools/bin/../lib/gcc/arm-none-eabi/13.2.1/../../../../arm-none-eabi/lib/thumb/v7e-m/nofp\libcr_c.a(initio.o)
                0x00004720                        . = ALIGN (0x4)
 *fill*         0x00004685        0x3 ff

.glue_7         0x00004688        0x0
 .glue_7        0x00004688        0x0 linker stubs

.glue_7t        0x00004688        0x0
 .glue_7t       0x00004688        0x0 linker stubs

.vfp11_veneer   0x00004688        0x0
 .vfp11_veneer  0x00004688        0x0 linker stubs

.v4_bx          0x00004688        0x0
 .v4_bx         0x00004688        0x0 linker stubs

.iplt           0x00004688        0x0
 .iplt          0x00004688        0x0 ./utilities/fsl_debug_console.o

.rel.dyn        0x00004688        0x0
 .rel.iplt      0x00004688        0x0 ./utilities/fsl_debug_console.o

.ARM.extab
 *(SORT_BY_ALIGNMENT(.ARM.extab*) SORT_BY_ALIGNMENT(.gnu.linkonce.armextab.*))

.ARM.exidx      0x00004688        0x0
                0x00004688                        __exidx_start = .
 *(SORT_BY_ALIGNMENT(.ARM.exidx*) SORT_BY_ALIGNMENT(.gnu.linkonce.armexidx.*))
                0x00004688                        __exidx_end = .
                0x00004688                        _etext = .

.data_RAM2      0x04020000        0x0 load address 0x00004688
 FILL mask 0xff
                [!provide]                        PROVIDE (__start_data_RAM2 = .)
                [!provide]                        PROVIDE (__start_data_SRAM1 = .)
 *(SORT_BY_ALIGNMENT(.ramfunc.$RAM2))
 *(SORT_BY_ALIGNMENT(.ramfunc.$SRAM1))
 *(SORT_BY_ALIGNMENT(.data.$RAM2))
 *(SORT_BY_ALIGNMENT(.data.$SRAM1))
 *(SORT_BY_ALIGNMENT(.data.$RAM2.*))
 *(SORT_BY_ALIGNMENT(.data.$SRAM1.*))
                0x04020000                        . = ALIGN (0x4)
                [!provide]                        PROVIDE (__end_data_RAM2 = .)
                [!provide]                        PROVIDE (__end_data_SRAM1 = .)

.uninit_RESERVED
                0x04000000        0x0
                0x04000000                        _start_uninit_RESERVED = .
 *(SORT_BY_ALIGNMENT(.bss.$RESERVED*))
                0x04000000                        . = ALIGN (0x4)
                0x04000000                        _end_uninit_RESERVED = .

.data           0x04000000        0xc load address 0x00004688
 FILL mask 0xff
                0x04000000                        _data = .
                [!provide]                        PROVIDE (__start_data_RAM = .)
                [!provide]                        PROVIDE (__start_data_SRAM = .)
 *(SORT_BY_ALIGNMENT(vtable))
 *(SORT_BY_ALIGNMENT(.ramfunc*))
 *(SORT_BY_ALIGNMENT(CodeQuickAccess))
 *(SORT_BY_ALIGNMENT(DataQuickAccess))
 *(SORT_BY_ALIGNMENT(RamFunction))
 *(SORT_BY_ALIGNMENT(.data*))
 .data.minValue
                0x04000000        0x4 ./source/JN5189_Project.o
                0x04000000                minValue
 .data.noiseFloor
                0x04000004        0x4 ./source/JN5189_Project.o
                0x04000004                noiseFloor
 .data.SystemCoreClock
                0x04000008        0x4 ./device/system_JN5189.o
                0x04000008                SystemCoreClock
                0x0400000c                        . = ALIGN (0x4)
                0x0400000c                        _edata = .
                [!provide]                        PROVIDE (__end_data_RAM = .)
                [!provide]                        PROVIDE (__end_data_SRAM = .)

.igot.plt       0x0400000c        0x0 load address 0x00004694
 .igot.plt      0x0400000c        0x0 ./utilities/fsl_debug_console.o

.bss_RAM2       0x04020000        0x0
                [!provide]                        PROVIDE (__start_bss_RAM2 = .)
                [!provide]                        PROVIDE (__start_bss_SRAM1 = .)
 *(SORT_BY_ALIGNMENT(.bss.$RAM2))
 *(SORT_BY_ALIGNMENT(.bss.$SRAM1))
 *(SORT_BY_ALIGNMENT(.bss.$RAM2.*))
 *(SORT_BY_ALIGNMENT(.bss.$SRAM1.*))
                0x04020000                        . = ALIGN ((. != 0x0)?0x4:0x1)
                [!provide]                        PROVIDE (__end_bss_RAM2 = .)
                [!provide]                        PROVIDE (__end_bss_SRAM1 = .)

.bss            0x0400000c      0x13c
                0x0400000c                        _bss = .
                [!provide]                        PROVIDE (__start_bss_RAM = .)
                [!provide]                        PROVIDE (__start_bss_SRAM = .)
 *(SORT_BY_ALIGNMENT(.bss*))
 .bss.s_debugConsoleState
                0x0400000c       0x1c ./utilities/fsl_debug_console.o
 .bss.g_serialHandle
                0x04000028        0x4 ./utilities/fsl_debug_console.o
                0x04000028                g_serialHandle
 .bss.adcResultValue
                0x0400002c        0x4 ./source/JN5189_Project.o
                0x0400002c                adcResultValue
 .bss.maxValue  0x04000030        0x4 ./source/JN5189_Project.o
                0x04000030                maxValue
 .bss.finalVal  0x04000034        0x4 ./source/JN5189_Project.o
                0x04000034                finalVal
 .bss.state     0x04000038        0x4 ./source/JN5189_Project.o
                0x04000038                state
 .bss.printDelayCounter
                0x0400003c        0x4 ./source/JN5189_Project.o
                0x0400003c                printDelayCounter
 .bss.s_ctimerCallback
                0x04000040        0x8 ./drivers/fsl_ctimer.o
 .bss.ctimerCallbackType
                0x04000048        0x2 ./drivers/fsl_ctimer.o
 *fill*         0x0400004a        0x2 
 .bss.s_flexcommIrqHandler
                0x0400004c       0x1c ./drivers/fsl_flexcomm.o
 .bss.s_flexcommHandle
                0x04000068       0x1c ./drivers/fsl_flexcomm.o
 .bss.__Ciob    0x04000084       0xb4 C:/NXP/MCUXpressoIDE_24.12.148/ide/plugins/com.nxp.mcuxpresso.tools.win32_24.12.0.202407110909/tools/bin/../lib/gcc/arm-none-eabi/13.2.1/../../../../arm-none-eabi/lib/thumb/v7e-m/nofp\libcr_nohost_nf.a(__ciob.o)
                0x04000084                __Ciob
 .bss.__end_of_heap
                0x04000138        0x4 C:/NXP/MCUXpressoIDE_24.12.148/ide/plugins/com.nxp.mcuxpresso.tools.win32_24.12.0.202407110909/tools/bin/../lib/gcc/arm-none-eabi/13.2.1/../../../../arm-none-eabi/lib/thumb/v7e-m/nofp\libcr_c.a(__init_alloc.o)
                0x04000138                __end_of_heap
 .bss.__heaps   0x0400013c        0x4 C:/NXP/MCUXpressoIDE_24.12.148/ide/plugins/com.nxp.mcuxpresso.tools.win32_24.12.0.202407110909/tools/bin/../lib/gcc/arm-none-eabi/13.2.1/../../../../arm-none-eabi/lib/thumb/v7e-m/nofp\libcr_c.a(__init_alloc.o)
                0x0400013c                __heaps
 .bss.errno     0x04000140        0x4 C:/NXP/MCUXpressoIDE_24.12.148/ide/plugins/com.nxp.mcuxpresso.tools.win32_24.12.0.202407110909/tools/bin/../lib/gcc/arm-none-eabi/13.2.1/../../../../arm-none-eabi/lib/thumb/v7e-m/nofp\libcr_c.a(errno.o)
                0x04000140                errno
 .bss.ledTimeoutMs
                0x04000144        0x2 ./source/JN5189_Project.o
                0x04000144                ledTimeoutMs
 .bss.processDataFlag
                0x04000146        0x1 ./source/JN5189_Project.o
                0x04000146                processDataFlag
 *(SORT_BY_ALIGNMENT(COMMON))
                0x04000148                        . = ALIGN (0x4)
 *fill*         0x04000147        0x1 
                0x04000148                        _ebss = .
                [!provide]                        PROVIDE (__end_bss_RAM = .)
                [!provide]                        PROVIDE (__end_bss_SRAM = .)
                [!provide]                        PROVIDE (end = .)

.noinit_RAM2    0x04020000        0x0
                [!provide]                        PROVIDE (__start_noinit_RAM2 = .)
                [!provide]                        PROVIDE (__start_noinit_SRAM1 = .)
 *(SORT_BY_ALIGNMENT(.noinit.$RAM2))
 *(SORT_BY_ALIGNMENT(.noinit.$SRAM1))
 *(SORT_BY_ALIGNMENT(.noinit.$RAM2.*))
 *(SORT_BY_ALIGNMENT(.noinit.$SRAM1.*))
                0x04020000                        . = ALIGN (0x4)
                [!provide]                        PROVIDE (__end_noinit_RAM2 = .)
                [!provide]                        PROVIDE (__end_noinit_SRAM1 = .)

.noinit         0x04000148        0x0
                0x04000148                        _noinit = .
                [!provide]                        PROVIDE (__start_noinit_RAM = .)
                [!provide]                        PROVIDE (__start_noinit_SRAM = .)
 *(SORT_BY_ALIGNMENT(.noinit*))
                0x04000148                        . = ALIGN (0x4)
                0x04000148                        _end_noinit = .
                [!provide]                        PROVIDE (__end_noinit_RAM = .)
                [!provide]                        PROVIDE (__end_noinit_SRAM = .)
                0x00001000                        _HeapSize = 0x1000

.heap           0x04000148     0x1000
                0x04000148                        _pvHeapStart = .
                0x04001148                        . = (. + _HeapSize)
 *fill*         0x04000148     0x1000 
                0x04001148                        . = ALIGN (0x4)
                0x04001148                        _pvHeapLimit = .
                0x00001000                        _StackSize = 0x1000

.heap2stackfill
                0x04001148     0x1000
                0x04002148                        . = (. + _StackSize)
 *fill*         0x04001148     0x1000 

.stack          0x04014fe0        0x0
                0x04014fe0                        _vStackBase = .
                0x04014fe0                        . = ALIGN (0x4)
                0x04015fe0                        _vStackTop = (. + _StackSize)
                0x00000000                        _image_start = LOADADDR (.text)
                0x00004694                        _image_end = (LOADADDR (.data) + SIZEOF (.data))
                0x00004694                        _image_size = (_image_end - _image_start)
OUTPUT(JN5189_Project3.axf elf32-littlearm)
LOAD linker stubs

.debug_info     0x00000000    0x196ce
 .debug_info    0x00000000     0x1586 ./utilities/fsl_debug_console.o
 .debug_info    0x00001586      0x51f ./utilities/fsl_str.o
 .debug_info    0x00001aa5     0x1691 ./startup/startup_jn5189.o
 .debug_info    0x00003136     0x2257 ./source/JN5189_Project.o
 .debug_info    0x0000538d       0x3c ./source/semihost_hardfault.o
 .debug_info    0x000053c9     0x17a0 ./drivers/fsl_adc.o
 .debug_info    0x00006b69     0x2164 ./drivers/fsl_clock.o
 .debug_info    0x00008ccd     0x10db ./drivers/fsl_common.o
 .debug_info    0x00009da8     0x1e62 ./drivers/fsl_ctimer.o
 .debug_info    0x0000bc0a     0x16f3 ./drivers/fsl_flexcomm.o
 .debug_info    0x0000d2fd     0x13db ./drivers/fsl_gpio.o
 .debug_info    0x0000e6d8      0xe7c ./drivers/fsl_reset.o
 .debug_info    0x0000f554     0x1fbb ./drivers/fsl_usart.o
 .debug_info    0x0001150f     0x10e0 ./device/system_JN5189.o
 .debug_info    0x000125ef     0x159c ./component/uart/usart_adapter.o
 .debug_info    0x00013b8b      0x8e2 ./component/serial_manager/serial_manager.o
 .debug_info    0x0001446d      0x536 ./component/serial_manager/serial_port_uart.o
 .debug_info    0x000149a3      0x35a ./board/board.o
 .debug_info    0x00014cfd     0x1125 ./board/board_utility.o
 .debug_info    0x00015e22      0x50d ./board/clock_config.o
 .debug_info    0x0001632f       0x3c ./board/peripherals.o
 .debug_info    0x0001636b      0x377 ./board/pin_mux.o
 .debug_info    0x000166e2       0x85 C:/NXP/MCUXpressoIDE_24.12.148/ide/plugins/com.nxp.mcuxpresso.tools.win32_24.12.0.202407110909/tools/bin/../lib/gcc/arm-none-eabi/13.2.1/../../../../arm-none-eabi/lib/thumb/v7e-m/nofp\libcr_nohost_nf.a(_cr__main.o)
 .debug_info    0x00016767      0x235 C:/NXP/MCUXpressoIDE_24.12.148/ide/plugins/com.nxp.mcuxpresso.tools.win32_24.12.0.202407110909/tools/bin/../lib/gcc/arm-none-eabi/13.2.1/../../../../arm-none-eabi/lib/thumb/v7e-m/nofp\libcr_nohost_nf.a(_cr_assert.o)
 .debug_info    0x0001699c      0x18b C:/NXP/MCUXpressoIDE_24.12.148/ide/plugins/com.nxp.mcuxpresso.tools.win32_24.12.0.202407110909/tools/bin/../lib/gcc/arm-none-eabi/13.2.1/../../../../arm-none-eabi/lib/thumb/v7e-m/nofp\libcr_nohost_nf.a(__ciob.o)
 .debug_info    0x00016b27       0x38 C:/NXP/MCUXpressoIDE_24.12.148/ide/plugins/com.nxp.mcuxpresso.tools.win32_24.12.0.202407110909/tools/bin/../lib/gcc/arm-none-eabi/13.2.1/../../../../arm-none-eabi/lib/thumb/v7e-m/nofp\libcr_nohost_nf.a(__sys_appexit.o)
 .debug_info    0x00016b5f       0xfc C:/NXP/MCUXpressoIDE_24.12.148/ide/plugins/com.nxp.mcuxpresso.tools.win32_24.12.0.202407110909/tools/bin/../lib/gcc/arm-none-eabi/13.2.1/../../../../arm-none-eabi/lib/thumb/v7e-m/nofp\libcr_c.a(memset.o)
 .debug_info    0x00016c5b      0x369 C:/NXP/MCUXpressoIDE_24.12.148/ide/plugins/com.nxp.mcuxpresso.tools.win32_24.12.0.202407110909/tools/bin/../lib/gcc/arm-none-eabi/13.2.1/../../../../arm-none-eabi/lib/thumb/v7e-m/nofp\libcr_c.a(_deferredlazyseek.o)
 .debug_info    0x00016fc4      0x1e3 C:/NXP/MCUXpressoIDE_24.12.148/ide/plugins/com.nxp.mcuxpresso.tools.win32_24.12.0.202407110909/tools/bin/../lib/gcc/arm-none-eabi/13.2.1/../../../../arm-none-eabi/lib/thumb/v7e-m/nofp\libcr_c.a(_fflush.o)
 .debug_info    0x000171a7      0x289 C:/NXP/MCUXpressoIDE_24.12.148/ide/plugins/com.nxp.mcuxpresso.tools.win32_24.12.0.202407110909/tools/bin/../lib/gcc/arm-none-eabi/13.2.1/../../../../arm-none-eabi/lib/thumb/v7e-m/nofp\libcr_c.a(_writebuf.o)
 .debug_info    0x00017430      0x520 C:/NXP/MCUXpressoIDE_24.12.148/ide/plugins/com.nxp.mcuxpresso.tools.win32_24.12.0.202407110909/tools/bin/../lib/gcc/arm-none-eabi/13.2.1/../../../../arm-none-eabi/lib/thumb/v7e-m/nofp\libcr_c.a(alloc.o)
 .debug_info    0x00017950      0x1e0 C:/NXP/MCUXpressoIDE_24.12.148/ide/plugins/com.nxp.mcuxpresso.tools.win32_24.12.0.202407110909/tools/bin/../lib/gcc/arm-none-eabi/13.2.1/../../../../arm-none-eabi/lib/thumb/v7e-m/nofp\libcr_c.a(fputs.o)
 .debug_info    0x00017b30      0x276 C:/NXP/MCUXpressoIDE_24.12.148/ide/plugins/com.nxp.mcuxpresso.tools.win32_24.12.0.202407110909/tools/bin/../lib/gcc/arm-none-eabi/13.2.1/../../../../arm-none-eabi/lib/thumb/v7e-m/nofp\libcr_c.a(fseek.o)
 .debug_info    0x00017da6      0x197 C:/NXP/MCUXpressoIDE_24.12.148/ide/plugins/com.nxp.mcuxpresso.tools.win32_24.12.0.202407110909/tools/bin/../lib/gcc/arm-none-eabi/13.2.1/../../../../arm-none-eabi/lib/thumb/v7e-m/nofp\libcr_c.a(ftell.o)
 .debug_info    0x00017f3d      0x339 C:/NXP/MCUXpressoIDE_24.12.148/ide/plugins/com.nxp.mcuxpresso.tools.win32_24.12.0.202407110909/tools/bin/../lib/gcc/arm-none-eabi/13.2.1/../../../../arm-none-eabi/lib/thumb/v7e-m/nofp\libcr_c.a(initio.o)
 .debug_info    0x00018276      0x1fd C:/NXP/MCUXpressoIDE_24.12.148/ide/plugins/com.nxp.mcuxpresso.tools.win32_24.12.0.202407110909/tools/bin/../lib/gcc/arm-none-eabi/13.2.1/../../../../arm-none-eabi/lib/thumb/v7e-m/nofp\libcr_c.a(setvbuf.o)
 .debug_info    0x00018473       0xe1 C:/NXP/MCUXpressoIDE_24.12.148/ide/plugins/com.nxp.mcuxpresso.tools.win32_24.12.0.202407110909/tools/bin/../lib/gcc/arm-none-eabi/13.2.1/../../../../arm-none-eabi/lib/thumb/v7e-m/nofp\libcr_c.a(strlen.o)
 .debug_info    0x00018554       0xd4 C:/NXP/MCUXpressoIDE_24.12.148/ide/plugins/com.nxp.mcuxpresso.tools.win32_24.12.0.202407110909/tools/bin/../lib/gcc/arm-none-eabi/13.2.1/../../../../arm-none-eabi/lib/thumb/v7e-m/nofp\libcr_c.a(__init_alloc.o)
 .debug_info    0x00018628      0x107 C:/NXP/MCUXpressoIDE_24.12.148/ide/plugins/com.nxp.mcuxpresso.tools.win32_24.12.0.202407110909/tools/bin/../lib/gcc/arm-none-eabi/13.2.1/../../../../arm-none-eabi/lib/thumb/v7e-m/nofp\libcr_c.a(_cr_sbrk.o)
 .debug_info    0x0001872f      0x24b C:/NXP/MCUXpressoIDE_24.12.148/ide/plugins/com.nxp.mcuxpresso.tools.win32_24.12.0.202407110909/tools/bin/../lib/gcc/arm-none-eabi/13.2.1/../../../../arm-none-eabi/lib/thumb/v7e-m/nofp\libcr_c.a(_fdopen.o)
 .debug_info    0x0001897a       0x44 C:/NXP/MCUXpressoIDE_24.12.148/ide/plugins/com.nxp.mcuxpresso.tools.win32_24.12.0.202407110909/tools/bin/../lib/gcc/arm-none-eabi/13.2.1/../../../../arm-none-eabi/lib/thumb/v7e-m/nofp\libcr_c.a(errno.o)
 .debug_info    0x000189be      0x318 C:/NXP/MCUXpressoIDE_24.12.148/ide/plugins/com.nxp.mcuxpresso.tools.win32_24.12.0.202407110909/tools/bin/../lib/gcc/arm-none-eabi/13.2.1/../../../../arm-none-eabi/lib/thumb/v7e-m/nofp\libcr_c.a(fclose.o)
 .debug_info    0x00018cd6      0x209 C:/NXP/MCUXpressoIDE_24.12.148/ide/plugins/com.nxp.mcuxpresso.tools.win32_24.12.0.202407110909/tools/bin/../lib/gcc/arm-none-eabi/13.2.1/../../../../arm-none-eabi/lib/thumb/v7e-m/nofp\libcr_c.a(fflush.o)
 .debug_info    0x00018edf      0x1d7 C:/NXP/MCUXpressoIDE_24.12.148/ide/plugins/com.nxp.mcuxpresso.tools.win32_24.12.0.202407110909/tools/bin/../lib/gcc/arm-none-eabi/13.2.1/../../../../arm-none-eabi/lib/thumb/v7e-m/nofp\libcr_c.a(remove.o)
 .debug_info    0x000190b6       0x78 C:/NXP/MCUXpressoIDE_24.12.148/ide/plugins/com.nxp.mcuxpresso.tools.win32_24.12.0.202407110909/tools/bin/../lib/gcc/arm-none-eabi/13.2.1/../../../../arm-none-eabi/lib/thumb/v7e-m/nofp\libcr_c.a(_cr_check_heap.o)
 .debug_info    0x0001912e      0x23a C:/NXP/MCUXpressoIDE_24.12.148/ide/plugins/com.nxp.mcuxpresso.tools.win32_24.12.0.202407110909/tools/bin/../lib/gcc/arm-none-eabi/13.2.1/../../../../arm-none-eabi/lib/thumb/v7e-m/nofp\libcr_c.a(_do_fflush.o)
 .debug_info    0x00019368       0x6a C:/NXP/MCUXpressoIDE_24.12.148/ide/plugins/com.nxp.mcuxpresso.tools.win32_24.12.0.202407110909/tools/bin/../lib/gcc/arm-none-eabi/13.2.1/../../../../arm-none-eabi/lib/thumb/v7e-m/nofp\libcr_nohost_nf.a(__sys_close.o)
 .debug_info    0x000193d2       0x6a C:/NXP/MCUXpressoIDE_24.12.148/ide/plugins/com.nxp.mcuxpresso.tools.win32_24.12.0.202407110909/tools/bin/../lib/gcc/arm-none-eabi/13.2.1/../../../../arm-none-eabi/lib/thumb/v7e-m/nofp\libcr_nohost_nf.a(__sys_flen.o)
 .debug_info    0x0001943c       0x6a C:/NXP/MCUXpressoIDE_24.12.148/ide/plugins/com.nxp.mcuxpresso.tools.win32_24.12.0.202407110909/tools/bin/../lib/gcc/arm-none-eabi/13.2.1/../../../../arm-none-eabi/lib/thumb/v7e-m/nofp\libcr_nohost_nf.a(__sys_istty.o)
 .debug_info    0x000194a6       0x8a C:/NXP/MCUXpressoIDE_24.12.148/ide/plugins/com.nxp.mcuxpresso.tools.win32_24.12.0.202407110909/tools/bin/../lib/gcc/arm-none-eabi/13.2.1/../../../../arm-none-eabi/lib/thumb/v7e-m/nofp\libcr_nohost_nf.a(__sys_remove.o)
 .debug_info    0x00019530       0x78 C:/NXP/MCUXpressoIDE_24.12.148/ide/plugins/com.nxp.mcuxpresso.tools.win32_24.12.0.202407110909/tools/bin/../lib/gcc/arm-none-eabi/13.2.1/../../../../arm-none-eabi/lib/thumb/v7e-m/nofp\libcr_nohost_nf.a(__sys_seek.o)
 .debug_info    0x000195a8       0x93 C:/NXP/MCUXpressoIDE_24.12.148/ide/plugins/com.nxp.mcuxpresso.tools.win32_24.12.0.202407110909/tools/bin/../lib/gcc/arm-none-eabi/13.2.1/../../../../arm-none-eabi/lib/thumb/v7e-m/nofp\libcr_nohost_nf.a(__sys_tmpnam.o)
 .debug_info    0x0001963b       0x93 C:/NXP/MCUXpressoIDE_24.12.148/ide/plugins/com.nxp.mcuxpresso.tools.win32_24.12.0.202407110909/tools/bin/../lib/gcc/arm-none-eabi/13.2.1/../../../../arm-none-eabi/lib/thumb/v7e-m/nofp\libcr_nohost_nf.a(__sys_write.o)

.debug_abbrev   0x00000000     0x4796
 .debug_abbrev  0x00000000      0x2c1 ./utilities/fsl_debug_console.o
 .debug_abbrev  0x000002c1      0x191 ./utilities/fsl_str.o
 .debug_abbrev  0x00000452      0x245 ./startup/startup_jn5189.o
 .debug_abbrev  0x00000697      0x34c ./source/JN5189_Project.o
 .debug_abbrev  0x000009e3       0x31 ./source/semihost_hardfault.o
 .debug_abbrev  0x00000a14      0x26b ./drivers/fsl_adc.o
 .debug_abbrev  0x00000c7f      0x383 ./drivers/fsl_clock.o
 .debug_abbrev  0x00001002      0x293 ./drivers/fsl_common.o
 .debug_abbrev  0x00001295      0x388 ./drivers/fsl_ctimer.o
 .debug_abbrev  0x0000161d      0x29b ./drivers/fsl_flexcomm.o
 .debug_abbrev  0x000018b8      0x21d ./drivers/fsl_gpio.o
 .debug_abbrev  0x00001ad5      0x1bc ./drivers/fsl_reset.o
 .debug_abbrev  0x00001c91      0x3ac ./drivers/fsl_usart.o
 .debug_abbrev  0x0000203d      0x212 ./device/system_JN5189.o
 .debug_abbrev  0x0000224f      0x27a ./component/uart/usart_adapter.o
 .debug_abbrev  0x000024c9      0x23b ./component/serial_manager/serial_manager.o
 .debug_abbrev  0x00002704      0x164 ./component/serial_manager/serial_port_uart.o
 .debug_abbrev  0x00002868      0x13b ./board/board.o
 .debug_abbrev  0x000029a3      0x1ad ./board/board_utility.o
 .debug_abbrev  0x00002b50       0xec ./board/clock_config.o
 .debug_abbrev  0x00002c3c       0x31 ./board/peripherals.o
 .debug_abbrev  0x00002c6d      0x163 ./board/pin_mux.o
 .debug_abbrev  0x00002dd0       0x70 C:/NXP/MCUXpressoIDE_24.12.148/ide/plugins/com.nxp.mcuxpresso.tools.win32_24.12.0.202407110909/tools/bin/../lib/gcc/arm-none-eabi/13.2.1/../../../../arm-none-eabi/lib/thumb/v7e-m/nofp\libcr_nohost_nf.a(_cr__main.o)
 .debug_abbrev  0x00002e40      0x12f C:/NXP/MCUXpressoIDE_24.12.148/ide/plugins/com.nxp.mcuxpresso.tools.win32_24.12.0.202407110909/tools/bin/../lib/gcc/arm-none-eabi/13.2.1/../../../../arm-none-eabi/lib/thumb/v7e-m/nofp\libcr_nohost_nf.a(_cr_assert.o)
 .debug_abbrev  0x00002f6f       0xb5 C:/NXP/MCUXpressoIDE_24.12.148/ide/plugins/com.nxp.mcuxpresso.tools.win32_24.12.0.202407110909/tools/bin/../lib/gcc/arm-none-eabi/13.2.1/../../../../arm-none-eabi/lib/thumb/v7e-m/nofp\libcr_nohost_nf.a(__ciob.o)
 .debug_abbrev  0x00003024       0x2e C:/NXP/MCUXpressoIDE_24.12.148/ide/plugins/com.nxp.mcuxpresso.tools.win32_24.12.0.202407110909/tools/bin/../lib/gcc/arm-none-eabi/13.2.1/../../../../arm-none-eabi/lib/thumb/v7e-m/nofp\libcr_nohost_nf.a(__sys_appexit.o)
 .debug_abbrev  0x00003052       0xa8 C:/NXP/MCUXpressoIDE_24.12.148/ide/plugins/com.nxp.mcuxpresso.tools.win32_24.12.0.202407110909/tools/bin/../lib/gcc/arm-none-eabi/13.2.1/../../../../arm-none-eabi/lib/thumb/v7e-m/nofp\libcr_c.a(memset.o)
 .debug_abbrev  0x000030fa      0x152 C:/NXP/MCUXpressoIDE_24.12.148/ide/plugins/com.nxp.mcuxpresso.tools.win32_24.12.0.202407110909/tools/bin/../lib/gcc/arm-none-eabi/13.2.1/../../../../arm-none-eabi/lib/thumb/v7e-m/nofp\libcr_c.a(_deferredlazyseek.o)
 .debug_abbrev  0x0000324c       0xf1 C:/NXP/MCUXpressoIDE_24.12.148/ide/plugins/com.nxp.mcuxpresso.tools.win32_24.12.0.202407110909/tools/bin/../lib/gcc/arm-none-eabi/13.2.1/../../../../arm-none-eabi/lib/thumb/v7e-m/nofp\libcr_c.a(_fflush.o)
 .debug_abbrev  0x0000333d      0x126 C:/NXP/MCUXpressoIDE_24.12.148/ide/plugins/com.nxp.mcuxpresso.tools.win32_24.12.0.202407110909/tools/bin/../lib/gcc/arm-none-eabi/13.2.1/../../../../arm-none-eabi/lib/thumb/v7e-m/nofp\libcr_c.a(_writebuf.o)
 .debug_abbrev  0x00003463      0x284 C:/NXP/MCUXpressoIDE_24.12.148/ide/plugins/com.nxp.mcuxpresso.tools.win32_24.12.0.202407110909/tools/bin/../lib/gcc/arm-none-eabi/13.2.1/../../../../arm-none-eabi/lib/thumb/v7e-m/nofp\libcr_c.a(alloc.o)
 .debug_abbrev  0x000036e7      0x10c C:/NXP/MCUXpressoIDE_24.12.148/ide/plugins/com.nxp.mcuxpresso.tools.win32_24.12.0.202407110909/tools/bin/../lib/gcc/arm-none-eabi/13.2.1/../../../../arm-none-eabi/lib/thumb/v7e-m/nofp\libcr_c.a(fputs.o)
 .debug_abbrev  0x000037f3      0x11b C:/NXP/MCUXpressoIDE_24.12.148/ide/plugins/com.nxp.mcuxpresso.tools.win32_24.12.0.202407110909/tools/bin/../lib/gcc/arm-none-eabi/13.2.1/../../../../arm-none-eabi/lib/thumb/v7e-m/nofp\libcr_c.a(fseek.o)
 .debug_abbrev  0x0000390e       0xc2 C:/NXP/MCUXpressoIDE_24.12.148/ide/plugins/com.nxp.mcuxpresso.tools.win32_24.12.0.202407110909/tools/bin/../lib/gcc/arm-none-eabi/13.2.1/../../../../arm-none-eabi/lib/thumb/v7e-m/nofp\libcr_c.a(ftell.o)
 .debug_abbrev  0x000039d0      0x169 C:/NXP/MCUXpressoIDE_24.12.148/ide/plugins/com.nxp.mcuxpresso.tools.win32_24.12.0.202407110909/tools/bin/../lib/gcc/arm-none-eabi/13.2.1/../../../../arm-none-eabi/lib/thumb/v7e-m/nofp\libcr_c.a(initio.o)
 .debug_abbrev  0x00003b39       0xe1 C:/NXP/MCUXpressoIDE_24.12.148/ide/plugins/com.nxp.mcuxpresso.tools.win32_24.12.0.202407110909/tools/bin/../lib/gcc/arm-none-eabi/13.2.1/../../../../arm-none-eabi/lib/thumb/v7e-m/nofp\libcr_c.a(setvbuf.o)
 .debug_abbrev  0x00003c1a       0xa7 C:/NXP/MCUXpressoIDE_24.12.148/ide/plugins/com.nxp.mcuxpresso.tools.win32_24.12.0.202407110909/tools/bin/../lib/gcc/arm-none-eabi/13.2.1/../../../../arm-none-eabi/lib/thumb/v7e-m/nofp\libcr_c.a(strlen.o)
 .debug_abbrev  0x00003cc1       0xaf C:/NXP/MCUXpressoIDE_24.12.148/ide/plugins/com.nxp.mcuxpresso.tools.win32_24.12.0.202407110909/tools/bin/../lib/gcc/arm-none-eabi/13.2.1/../../../../arm-none-eabi/lib/thumb/v7e-m/nofp\libcr_c.a(__init_alloc.o)
 .debug_abbrev  0x00003d70       0xd3 C:/NXP/MCUXpressoIDE_24.12.148/ide/plugins/com.nxp.mcuxpresso.tools.win32_24.12.0.202407110909/tools/bin/../lib/gcc/arm-none-eabi/13.2.1/../../../../arm-none-eabi/lib/thumb/v7e-m/nofp\libcr_c.a(_cr_sbrk.o)
 .debug_abbrev  0x00003e43      0x119 C:/NXP/MCUXpressoIDE_24.12.148/ide/plugins/com.nxp.mcuxpresso.tools.win32_24.12.0.202407110909/tools/bin/../lib/gcc/arm-none-eabi/13.2.1/../../../../arm-none-eabi/lib/thumb/v7e-m/nofp\libcr_c.a(_fdopen.o)
 .debug_abbrev  0x00003f5c       0x44 C:/NXP/MCUXpressoIDE_24.12.148/ide/plugins/com.nxp.mcuxpresso.tools.win32_24.12.0.202407110909/tools/bin/../lib/gcc/arm-none-eabi/13.2.1/../../../../arm-none-eabi/lib/thumb/v7e-m/nofp\libcr_c.a(errno.o)
 .debug_abbrev  0x00003fa0      0x155 C:/NXP/MCUXpressoIDE_24.12.148/ide/plugins/com.nxp.mcuxpresso.tools.win32_24.12.0.202407110909/tools/bin/../lib/gcc/arm-none-eabi/13.2.1/../../../../arm-none-eabi/lib/thumb/v7e-m/nofp\libcr_c.a(fclose.o)
 .debug_abbrev  0x000040f5      0x125 C:/NXP/MCUXpressoIDE_24.12.148/ide/plugins/com.nxp.mcuxpresso.tools.win32_24.12.0.202407110909/tools/bin/../lib/gcc/arm-none-eabi/13.2.1/../../../../arm-none-eabi/lib/thumb/v7e-m/nofp\libcr_c.a(fflush.o)
 .debug_abbrev  0x0000421a       0xfb C:/NXP/MCUXpressoIDE_24.12.148/ide/plugins/com.nxp.mcuxpresso.tools.win32_24.12.0.202407110909/tools/bin/../lib/gcc/arm-none-eabi/13.2.1/../../../../arm-none-eabi/lib/thumb/v7e-m/nofp\libcr_c.a(remove.o)
 .debug_abbrev  0x00004315       0x6b C:/NXP/MCUXpressoIDE_24.12.148/ide/plugins/com.nxp.mcuxpresso.tools.win32_24.12.0.202407110909/tools/bin/../lib/gcc/arm-none-eabi/13.2.1/../../../../arm-none-eabi/lib/thumb/v7e-m/nofp\libcr_c.a(_cr_check_heap.o)
 .debug_abbrev  0x00004380      0x12c C:/NXP/MCUXpressoIDE_24.12.148/ide/plugins/com.nxp.mcuxpresso.tools.win32_24.12.0.202407110909/tools/bin/../lib/gcc/arm-none-eabi/13.2.1/../../../../arm-none-eabi/lib/thumb/v7e-m/nofp\libcr_c.a(_do_fflush.o)
 .debug_abbrev  0x000044ac       0x5c C:/NXP/MCUXpressoIDE_24.12.148/ide/plugins/com.nxp.mcuxpresso.tools.win32_24.12.0.202407110909/tools/bin/../lib/gcc/arm-none-eabi/13.2.1/../../../../arm-none-eabi/lib/thumb/v7e-m/nofp\libcr_nohost_nf.a(__sys_close.o)
 .debug_abbrev  0x00004508       0x5c C:/NXP/MCUXpressoIDE_24.12.148/ide/plugins/com.nxp.mcuxpresso.tools.win32_24.12.0.202407110909/tools/bin/../lib/gcc/arm-none-eabi/13.2.1/../../../../arm-none-eabi/lib/thumb/v7e-m/nofp\libcr_nohost_nf.a(__sys_flen.o)
 .debug_abbrev  0x00004564       0x5c C:/NXP/MCUXpressoIDE_24.12.148/ide/plugins/com.nxp.mcuxpresso.tools.win32_24.12.0.202407110909/tools/bin/../lib/gcc/arm-none-eabi/13.2.1/../../../../arm-none-eabi/lib/thumb/v7e-m/nofp\libcr_nohost_nf.a(__sys_istty.o)
 .debug_abbrev  0x000045c0       0x7d C:/NXP/MCUXpressoIDE_24.12.148/ide/plugins/com.nxp.mcuxpresso.tools.win32_24.12.0.202407110909/tools/bin/../lib/gcc/arm-none-eabi/13.2.1/../../../../arm-none-eabi/lib/thumb/v7e-m/nofp\libcr_nohost_nf.a(__sys_remove.o)
 .debug_abbrev  0x0000463d       0x6d C:/NXP/MCUXpressoIDE_24.12.148/ide/plugins/com.nxp.mcuxpresso.tools.win32_24.12.0.202407110909/tools/bin/../lib/gcc/arm-none-eabi/13.2.1/../../../../arm-none-eabi/lib/thumb/v7e-m/nofp\libcr_nohost_nf.a(__sys_seek.o)
 .debug_abbrev  0x000046aa       0x76 C:/NXP/MCUXpressoIDE_24.12.148/ide/plugins/com.nxp.mcuxpresso.tools.win32_24.12.0.202407110909/tools/bin/../lib/gcc/arm-none-eabi/13.2.1/../../../../arm-none-eabi/lib/thumb/v7e-m/nofp\libcr_nohost_nf.a(__sys_tmpnam.o)
 .debug_abbrev  0x00004720       0x76 C:/NXP/MCUXpressoIDE_24.12.148/ide/plugins/com.nxp.mcuxpresso.tools.win32_24.12.0.202407110909/tools/bin/../lib/gcc/arm-none-eabi/13.2.1/../../../../arm-none-eabi/lib/thumb/v7e-m/nofp\libcr_nohost_nf.a(__sys_write.o)

.debug_aranges  0x00000000      0xe90
 .debug_aranges
                0x00000000       0x80 ./utilities/fsl_debug_console.o
 .debug_aranges
                0x00000080       0x38 ./utilities/fsl_str.o
 .debug_aranges
                0x000000b8      0x238 ./startup/startup_jn5189.o
 .debug_aranges
                0x000002f0       0x78 ./source/JN5189_Project.o
 .debug_aranges
                0x00000368       0x20 ./source/semihost_hardfault.o
 .debug_aranges
                0x00000388       0x58 ./drivers/fsl_adc.o
 .debug_aranges
                0x000003e0      0x158 ./drivers/fsl_clock.o
 .debug_aranges
                0x00000538       0x68 ./drivers/fsl_common.o
 .debug_aranges
                0x000005a0       0xb8 ./drivers/fsl_ctimer.o
 .debug_aranges
                0x00000658       0x78 ./drivers/fsl_flexcomm.o
 .debug_aranges
                0x000006d0       0x28 ./drivers/fsl_gpio.o
 .debug_aranges
                0x000006f8       0x40 ./drivers/fsl_reset.o
 .debug_aranges
                0x00000738       0xe0 ./drivers/fsl_usart.o
 .debug_aranges
                0x00000818       0x78 ./device/system_JN5189.o
 .debug_aranges
                0x00000890       0x40 ./component/uart/usart_adapter.o
 .debug_aranges
                0x000008d0       0x98 ./component/serial_manager/serial_manager.o
 .debug_aranges
                0x00000968       0x38 ./component/serial_manager/serial_port_uart.o
 .debug_aranges
                0x000009a0       0x30 ./board/board.o
 .debug_aranges
                0x000009d0       0x40 ./board/board_utility.o
 .debug_aranges
                0x00000a10       0x28 ./board/clock_config.o
 .debug_aranges
                0x00000a38       0x20 ./board/peripherals.o
 .debug_aranges
                0x00000a58       0x30 ./board/pin_mux.o
 .debug_aranges
                0x00000a88       0x20 C:/NXP/MCUXpressoIDE_24.12.148/ide/plugins/com.nxp.mcuxpresso.tools.win32_24.12.0.202407110909/tools/bin/../lib/gcc/arm-none-eabi/13.2.1/../../../../arm-none-eabi/lib/thumb/v7e-m/nofp\libcr_nohost_nf.a(_cr__main.o)
 .debug_aranges
                0x00000aa8       0x20 C:/NXP/MCUXpressoIDE_24.12.148/ide/plugins/com.nxp.mcuxpresso.tools.win32_24.12.0.202407110909/tools/bin/../lib/gcc/arm-none-eabi/13.2.1/../../../../arm-none-eabi/lib/thumb/v7e-m/nofp\libcr_nohost_nf.a(_cr_assert.o)
 .debug_aranges
                0x00000ac8       0x18 C:/NXP/MCUXpressoIDE_24.12.148/ide/plugins/com.nxp.mcuxpresso.tools.win32_24.12.0.202407110909/tools/bin/../lib/gcc/arm-none-eabi/13.2.1/../../../../arm-none-eabi/lib/thumb/v7e-m/nofp\libcr_nohost_nf.a(__ciob.o)
 .debug_aranges
                0x00000ae0       0x20 C:/NXP/MCUXpressoIDE_24.12.148/ide/plugins/com.nxp.mcuxpresso.tools.win32_24.12.0.202407110909/tools/bin/../lib/gcc/arm-none-eabi/13.2.1/../../../../arm-none-eabi/lib/thumb/v7e-m/nofp\libcr_nohost_nf.a(__sys_appexit.o)
 .debug_aranges
                0x00000b00       0x20 C:/NXP/MCUXpressoIDE_24.12.148/ide/plugins/com.nxp.mcuxpresso.tools.win32_24.12.0.202407110909/tools/bin/../lib/gcc/arm-none-eabi/13.2.1/../../../../arm-none-eabi/lib/thumb/v7e-m/nofp\libcr_c.a(memset.o)
 .debug_aranges
                0x00000b20       0x28 C:/NXP/MCUXpressoIDE_24.12.148/ide/plugins/com.nxp.mcuxpresso.tools.win32_24.12.0.202407110909/tools/bin/../lib/gcc/arm-none-eabi/13.2.1/../../../../arm-none-eabi/lib/thumb/v7e-m/nofp\libcr_c.a(_deferredlazyseek.o)
 .debug_aranges
                0x00000b48       0x20 C:/NXP/MCUXpressoIDE_24.12.148/ide/plugins/com.nxp.mcuxpresso.tools.win32_24.12.0.202407110909/tools/bin/../lib/gcc/arm-none-eabi/13.2.1/../../../../arm-none-eabi/lib/thumb/v7e-m/nofp\libcr_c.a(_fflush.o)
 .debug_aranges
                0x00000b68       0x20 C:/NXP/MCUXpressoIDE_24.12.148/ide/plugins/com.nxp.mcuxpresso.tools.win32_24.12.0.202407110909/tools/bin/../lib/gcc/arm-none-eabi/13.2.1/../../../../arm-none-eabi/lib/thumb/v7e-m/nofp\libcr_c.a(_writebuf.o)
 .debug_aranges
                0x00000b88       0x40 C:/NXP/MCUXpressoIDE_24.12.148/ide/plugins/com.nxp.mcuxpresso.tools.win32_24.12.0.202407110909/tools/bin/../lib/gcc/arm-none-eabi/13.2.1/../../../../arm-none-eabi/lib/thumb/v7e-m/nofp\libcr_c.a(alloc.o)
 .debug_aranges
                0x00000bc8       0x20 C:/NXP/MCUXpressoIDE_24.12.148/ide/plugins/com.nxp.mcuxpresso.tools.win32_24.12.0.202407110909/tools/bin/../lib/gcc/arm-none-eabi/13.2.1/../../../../arm-none-eabi/lib/thumb/v7e-m/nofp\libcr_c.a(fputs.o)
 .debug_aranges
                0x00000be8       0x20 C:/NXP/MCUXpressoIDE_24.12.148/ide/plugins/com.nxp.mcuxpresso.tools.win32_24.12.0.202407110909/tools/bin/../lib/gcc/arm-none-eabi/13.2.1/../../../../arm-none-eabi/lib/thumb/v7e-m/nofp\libcr_c.a(fseek.o)
 .debug_aranges
                0x00000c08       0x20 C:/NXP/MCUXpressoIDE_24.12.148/ide/plugins/com.nxp.mcuxpresso.tools.win32_24.12.0.202407110909/tools/bin/../lib/gcc/arm-none-eabi/13.2.1/../../../../arm-none-eabi/lib/thumb/v7e-m/nofp\libcr_c.a(ftell.o)
 .debug_aranges
                0x00000c28       0x28 C:/NXP/MCUXpressoIDE_24.12.148/ide/plugins/com.nxp.mcuxpresso.tools.win32_24.12.0.202407110909/tools/bin/../lib/gcc/arm-none-eabi/13.2.1/../../../../arm-none-eabi/lib/thumb/v7e-m/nofp\libcr_c.a(initio.o)
 .debug_aranges
                0x00000c50       0x20 C:/NXP/MCUXpressoIDE_24.12.148/ide/plugins/com.nxp.mcuxpresso.tools.win32_24.12.0.202407110909/tools/bin/../lib/gcc/arm-none-eabi/13.2.1/../../../../arm-none-eabi/lib/thumb/v7e-m/nofp\libcr_c.a(setvbuf.o)
 .debug_aranges
                0x00000c70       0x20 C:/NXP/MCUXpressoIDE_24.12.148/ide/plugins/com.nxp.mcuxpresso.tools.win32_24.12.0.202407110909/tools/bin/../lib/gcc/arm-none-eabi/13.2.1/../../../../arm-none-eabi/lib/thumb/v7e-m/nofp\libcr_c.a(strlen.o)
 .debug_aranges
                0x00000c90       0x20 C:/NXP/MCUXpressoIDE_24.12.148/ide/plugins/com.nxp.mcuxpresso.tools.win32_24.12.0.202407110909/tools/bin/../lib/gcc/arm-none-eabi/13.2.1/../../../../arm-none-eabi/lib/thumb/v7e-m/nofp\libcr_c.a(__init_alloc.o)
 .debug_aranges
                0x00000cb0       0x20 C:/NXP/MCUXpressoIDE_24.12.148/ide/plugins/com.nxp.mcuxpresso.tools.win32_24.12.0.202407110909/tools/bin/../lib/gcc/arm-none-eabi/13.2.1/../../../../arm-none-eabi/lib/thumb/v7e-m/nofp\libcr_c.a(_cr_sbrk.o)
 .debug_aranges
                0x00000cd0       0x20 C:/NXP/MCUXpressoIDE_24.12.148/ide/plugins/com.nxp.mcuxpresso.tools.win32_24.12.0.202407110909/tools/bin/../lib/gcc/arm-none-eabi/13.2.1/../../../../arm-none-eabi/lib/thumb/v7e-m/nofp\libcr_c.a(_fdopen.o)
 .debug_aranges
                0x00000cf0       0x18 C:/NXP/MCUXpressoIDE_24.12.148/ide/plugins/com.nxp.mcuxpresso.tools.win32_24.12.0.202407110909/tools/bin/../lib/gcc/arm-none-eabi/13.2.1/../../../../arm-none-eabi/lib/thumb/v7e-m/nofp\libcr_c.a(errno.o)
 .debug_aranges
                0x00000d08       0x20 C:/NXP/MCUXpressoIDE_24.12.148/ide/plugins/com.nxp.mcuxpresso.tools.win32_24.12.0.202407110909/tools/bin/../lib/gcc/arm-none-eabi/13.2.1/../../../../arm-none-eabi/lib/thumb/v7e-m/nofp\libcr_c.a(fclose.o)
 .debug_aranges
                0x00000d28       0x20 C:/NXP/MCUXpressoIDE_24.12.148/ide/plugins/com.nxp.mcuxpresso.tools.win32_24.12.0.202407110909/tools/bin/../lib/gcc/arm-none-eabi/13.2.1/../../../../arm-none-eabi/lib/thumb/v7e-m/nofp\libcr_c.a(fflush.o)
 .debug_aranges
                0x00000d48       0x28 C:/NXP/MCUXpressoIDE_24.12.148/ide/plugins/com.nxp.mcuxpresso.tools.win32_24.12.0.202407110909/tools/bin/../lib/gcc/arm-none-eabi/13.2.1/../../../../arm-none-eabi/lib/thumb/v7e-m/nofp\libcr_c.a(remove.o)
 .debug_aranges
                0x00000d70       0x20 C:/NXP/MCUXpressoIDE_24.12.148/ide/plugins/com.nxp.mcuxpresso.tools.win32_24.12.0.202407110909/tools/bin/../lib/gcc/arm-none-eabi/13.2.1/../../../../arm-none-eabi/lib/thumb/v7e-m/nofp\libcr_c.a(_cr_check_heap.o)
 .debug_aranges
                0x00000d90       0x20 C:/NXP/MCUXpressoIDE_24.12.148/ide/plugins/com.nxp.mcuxpresso.tools.win32_24.12.0.202407110909/tools/bin/../lib/gcc/arm-none-eabi/13.2.1/../../../../arm-none-eabi/lib/thumb/v7e-m/nofp\libcr_c.a(_do_fflush.o)
 .debug_aranges
                0x00000db0       0x20 C:/NXP/MCUXpressoIDE_24.12.148/ide/plugins/com.nxp.mcuxpresso.tools.win32_24.12.0.202407110909/tools/bin/../lib/gcc/arm-none-eabi/13.2.1/../../../../arm-none-eabi/lib/thumb/v7e-m/nofp\libcr_nohost_nf.a(__sys_close.o)
 .debug_aranges
                0x00000dd0       0x20 C:/NXP/MCUXpressoIDE_24.12.148/ide/plugins/com.nxp.mcuxpresso.tools.win32_24.12.0.202407110909/tools/bin/../lib/gcc/arm-none-eabi/13.2.1/../../../../arm-none-eabi/lib/thumb/v7e-m/nofp\libcr_nohost_nf.a(__sys_flen.o)
 .debug_aranges
                0x00000df0       0x20 C:/NXP/MCUXpressoIDE_24.12.148/ide/plugins/com.nxp.mcuxpresso.tools.win32_24.12.0.202407110909/tools/bin/../lib/gcc/arm-none-eabi/13.2.1/../../../../arm-none-eabi/lib/thumb/v7e-m/nofp\libcr_nohost_nf.a(__sys_istty.o)
 .debug_aranges
                0x00000e10       0x20 C:/NXP/MCUXpressoIDE_24.12.148/ide/plugins/com.nxp.mcuxpresso.tools.win32_24.12.0.202407110909/tools/bin/../lib/gcc/arm-none-eabi/13.2.1/../../../../arm-none-eabi/lib/thumb/v7e-m/nofp\libcr_nohost_nf.a(__sys_remove.o)
 .debug_aranges
                0x00000e30       0x20 C:/NXP/MCUXpressoIDE_24.12.148/ide/plugins/com.nxp.mcuxpresso.tools.win32_24.12.0.202407110909/tools/bin/../lib/gcc/arm-none-eabi/13.2.1/../../../../arm-none-eabi/lib/thumb/v7e-m/nofp\libcr_nohost_nf.a(__sys_seek.o)
 .debug_aranges
                0x00000e50       0x20 C:/NXP/MCUXpressoIDE_24.12.148/ide/plugins/com.nxp.mcuxpresso.tools.win32_24.12.0.202407110909/tools/bin/../lib/gcc/arm-none-eabi/13.2.1/../../../../arm-none-eabi/lib/thumb/v7e-m/nofp\libcr_nohost_nf.a(__sys_tmpnam.o)
 .debug_aranges
                0x00000e70       0x20 C:/NXP/MCUXpressoIDE_24.12.148/ide/plugins/com.nxp.mcuxpresso.tools.win32_24.12.0.202407110909/tools/bin/../lib/gcc/arm-none-eabi/13.2.1/../../../../arm-none-eabi/lib/thumb/v7e-m/nofp\libcr_nohost_nf.a(__sys_write.o)

.debug_ranges   0x00000000      0xb98
 .debug_ranges  0x00000000       0x70 ./utilities/fsl_debug_console.o
 .debug_ranges  0x00000070       0x28 ./utilities/fsl_str.o
 .debug_ranges  0x00000098      0x228 ./startup/startup_jn5189.o
 .debug_ranges  0x000002c0       0x68 ./source/JN5189_Project.o
 .debug_ranges  0x00000328       0x10 ./source/semihost_hardfault.o
 .debug_ranges  0x00000338       0x48 ./drivers/fsl_adc.o
 .debug_ranges  0x00000380      0x148 ./drivers/fsl_clock.o
 .debug_ranges  0x000004c8       0x58 ./drivers/fsl_common.o
 .debug_ranges  0x00000520       0xa8 ./drivers/fsl_ctimer.o
 .debug_ranges  0x000005c8       0x68 ./drivers/fsl_flexcomm.o
 .debug_ranges  0x00000630       0x18 ./drivers/fsl_gpio.o
 .debug_ranges  0x00000648       0x30 ./drivers/fsl_reset.o
 .debug_ranges  0x00000678       0xd0 ./drivers/fsl_usart.o
 .debug_ranges  0x00000748       0x68 ./device/system_JN5189.o
 .debug_ranges  0x000007b0       0x30 ./component/uart/usart_adapter.o
 .debug_ranges  0x000007e0       0x88 ./component/serial_manager/serial_manager.o
 .debug_ranges  0x00000868       0x28 ./component/serial_manager/serial_port_uart.o
 .debug_ranges  0x00000890       0x20 ./board/board.o
 .debug_ranges  0x000008b0       0x30 ./board/board_utility.o
 .debug_ranges  0x000008e0       0x18 ./board/clock_config.o
 .debug_ranges  0x000008f8       0x10 ./board/peripherals.o
 .debug_ranges  0x00000908       0x20 ./board/pin_mux.o
 .debug_ranges  0x00000928       0x10 C:/NXP/MCUXpressoIDE_24.12.148/ide/plugins/com.nxp.mcuxpresso.tools.win32_24.12.0.202407110909/tools/bin/../lib/gcc/arm-none-eabi/13.2.1/../../../../arm-none-eabi/lib/thumb/v7e-m/nofp\libcr_nohost_nf.a(_cr__main.o)
 .debug_ranges  0x00000938       0x10 C:/NXP/MCUXpressoIDE_24.12.148/ide/plugins/com.nxp.mcuxpresso.tools.win32_24.12.0.202407110909/tools/bin/../lib/gcc/arm-none-eabi/13.2.1/../../../../arm-none-eabi/lib/thumb/v7e-m/nofp\libcr_nohost_nf.a(_cr_assert.o)
 .debug_ranges  0x00000948       0x10 C:/NXP/MCUXpressoIDE_24.12.148/ide/plugins/com.nxp.mcuxpresso.tools.win32_24.12.0.202407110909/tools/bin/../lib/gcc/arm-none-eabi/13.2.1/../../../../arm-none-eabi/lib/thumb/v7e-m/nofp\libcr_nohost_nf.a(__sys_appexit.o)
 .debug_ranges  0x00000958       0x10 C:/NXP/MCUXpressoIDE_24.12.148/ide/plugins/com.nxp.mcuxpresso.tools.win32_24.12.0.202407110909/tools/bin/../lib/gcc/arm-none-eabi/13.2.1/../../../../arm-none-eabi/lib/thumb/v7e-m/nofp\libcr_c.a(memset.o)
 .debug_ranges  0x00000968       0x30 C:/NXP/MCUXpressoIDE_24.12.148/ide/plugins/com.nxp.mcuxpresso.tools.win32_24.12.0.202407110909/tools/bin/../lib/gcc/arm-none-eabi/13.2.1/../../../../arm-none-eabi/lib/thumb/v7e-m/nofp\libcr_c.a(_deferredlazyseek.o)
 .debug_ranges  0x00000998       0x10 C:/NXP/MCUXpressoIDE_24.12.148/ide/plugins/com.nxp.mcuxpresso.tools.win32_24.12.0.202407110909/tools/bin/../lib/gcc/arm-none-eabi/13.2.1/../../../../arm-none-eabi/lib/thumb/v7e-m/nofp\libcr_c.a(_fflush.o)
 .debug_ranges  0x000009a8       0x10 C:/NXP/MCUXpressoIDE_24.12.148/ide/plugins/com.nxp.mcuxpresso.tools.win32_24.12.0.202407110909/tools/bin/../lib/gcc/arm-none-eabi/13.2.1/../../../../arm-none-eabi/lib/thumb/v7e-m/nofp\libcr_c.a(_writebuf.o)
 .debug_ranges  0x000009b8       0x48 C:/NXP/MCUXpressoIDE_24.12.148/ide/plugins/com.nxp.mcuxpresso.tools.win32_24.12.0.202407110909/tools/bin/../lib/gcc/arm-none-eabi/13.2.1/../../../../arm-none-eabi/lib/thumb/v7e-m/nofp\libcr_c.a(alloc.o)
 .debug_ranges  0x00000a00       0x10 C:/NXP/MCUXpressoIDE_24.12.148/ide/plugins/com.nxp.mcuxpresso.tools.win32_24.12.0.202407110909/tools/bin/../lib/gcc/arm-none-eabi/13.2.1/../../../../arm-none-eabi/lib/thumb/v7e-m/nofp\libcr_c.a(fputs.o)
 .debug_ranges  0x00000a10       0x10 C:/NXP/MCUXpressoIDE_24.12.148/ide/plugins/com.nxp.mcuxpresso.tools.win32_24.12.0.202407110909/tools/bin/../lib/gcc/arm-none-eabi/13.2.1/../../../../arm-none-eabi/lib/thumb/v7e-m/nofp\libcr_c.a(fseek.o)
 .debug_ranges  0x00000a20       0x10 C:/NXP/MCUXpressoIDE_24.12.148/ide/plugins/com.nxp.mcuxpresso.tools.win32_24.12.0.202407110909/tools/bin/../lib/gcc/arm-none-eabi/13.2.1/../../../../arm-none-eabi/lib/thumb/v7e-m/nofp\libcr_c.a(ftell.o)
 .debug_ranges  0x00000a30       0x18 C:/NXP/MCUXpressoIDE_24.12.148/ide/plugins/com.nxp.mcuxpresso.tools.win32_24.12.0.202407110909/tools/bin/../lib/gcc/arm-none-eabi/13.2.1/../../../../arm-none-eabi/lib/thumb/v7e-m/nofp\libcr_c.a(initio.o)
 .debug_ranges  0x00000a48       0x10 C:/NXP/MCUXpressoIDE_24.12.148/ide/plugins/com.nxp.mcuxpresso.tools.win32_24.12.0.202407110909/tools/bin/../lib/gcc/arm-none-eabi/13.2.1/../../../../arm-none-eabi/lib/thumb/v7e-m/nofp\libcr_c.a(setvbuf.o)
 .debug_ranges  0x00000a58       0x10 C:/NXP/MCUXpressoIDE_24.12.148/ide/plugins/com.nxp.mcuxpresso.tools.win32_24.12.0.202407110909/tools/bin/../lib/gcc/arm-none-eabi/13.2.1/../../../../arm-none-eabi/lib/thumb/v7e-m/nofp\libcr_c.a(strlen.o)
 .debug_ranges  0x00000a68       0x10 C:/NXP/MCUXpressoIDE_24.12.148/ide/plugins/com.nxp.mcuxpresso.tools.win32_24.12.0.202407110909/tools/bin/../lib/gcc/arm-none-eabi/13.2.1/../../../../arm-none-eabi/lib/thumb/v7e-m/nofp\libcr_c.a(__init_alloc.o)
 .debug_ranges  0x00000a78       0x10 C:/NXP/MCUXpressoIDE_24.12.148/ide/plugins/com.nxp.mcuxpresso.tools.win32_24.12.0.202407110909/tools/bin/../lib/gcc/arm-none-eabi/13.2.1/../../../../arm-none-eabi/lib/thumb/v7e-m/nofp\libcr_c.a(_cr_sbrk.o)
 .debug_ranges  0x00000a88       0x10 C:/NXP/MCUXpressoIDE_24.12.148/ide/plugins/com.nxp.mcuxpresso.tools.win32_24.12.0.202407110909/tools/bin/../lib/gcc/arm-none-eabi/13.2.1/../../../../arm-none-eabi/lib/thumb/v7e-m/nofp\libcr_c.a(_fdopen.o)
 .debug_ranges  0x00000a98       0x10 C:/NXP/MCUXpressoIDE_24.12.148/ide/plugins/com.nxp.mcuxpresso.tools.win32_24.12.0.202407110909/tools/bin/../lib/gcc/arm-none-eabi/13.2.1/../../../../arm-none-eabi/lib/thumb/v7e-m/nofp\libcr_c.a(fclose.o)
 .debug_ranges  0x00000aa8       0x30 C:/NXP/MCUXpressoIDE_24.12.148/ide/plugins/com.nxp.mcuxpresso.tools.win32_24.12.0.202407110909/tools/bin/../lib/gcc/arm-none-eabi/13.2.1/../../../../arm-none-eabi/lib/thumb/v7e-m/nofp\libcr_c.a(fflush.o)
 .debug_ranges  0x00000ad8       0x18 C:/NXP/MCUXpressoIDE_24.12.148/ide/plugins/com.nxp.mcuxpresso.tools.win32_24.12.0.202407110909/tools/bin/../lib/gcc/arm-none-eabi/13.2.1/../../../../arm-none-eabi/lib/thumb/v7e-m/nofp\libcr_c.a(remove.o)
 .debug_ranges  0x00000af0       0x10 C:/NXP/MCUXpressoIDE_24.12.148/ide/plugins/com.nxp.mcuxpresso.tools.win32_24.12.0.202407110909/tools/bin/../lib/gcc/arm-none-eabi/13.2.1/../../../../arm-none-eabi/lib/thumb/v7e-m/nofp\libcr_c.a(_cr_check_heap.o)
 .debug_ranges  0x00000b00       0x28 C:/NXP/MCUXpressoIDE_24.12.148/ide/plugins/com.nxp.mcuxpresso.tools.win32_24.12.0.202407110909/tools/bin/../lib/gcc/arm-none-eabi/13.2.1/../../../../arm-none-eabi/lib/thumb/v7e-m/nofp\libcr_c.a(_do_fflush.o)
 .debug_ranges  0x00000b28       0x10 C:/NXP/MCUXpressoIDE_24.12.148/ide/plugins/com.nxp.mcuxpresso.tools.win32_24.12.0.202407110909/tools/bin/../lib/gcc/arm-none-eabi/13.2.1/../../../../arm-none-eabi/lib/thumb/v7e-m/nofp\libcr_nohost_nf.a(__sys_close.o)
 .debug_ranges  0x00000b38       0x10 C:/NXP/MCUXpressoIDE_24.12.148/ide/plugins/com.nxp.mcuxpresso.tools.win32_24.12.0.202407110909/tools/bin/../lib/gcc/arm-none-eabi/13.2.1/../../../../arm-none-eabi/lib/thumb/v7e-m/nofp\libcr_nohost_nf.a(__sys_flen.o)
 .debug_ranges  0x00000b48       0x10 C:/NXP/MCUXpressoIDE_24.12.148/ide/plugins/com.nxp.mcuxpresso.tools.win32_24.12.0.202407110909/tools/bin/../lib/gcc/arm-none-eabi/13.2.1/../../../../arm-none-eabi/lib/thumb/v7e-m/nofp\libcr_nohost_nf.a(__sys_istty.o)
 .debug_ranges  0x00000b58       0x10 C:/NXP/MCUXpressoIDE_24.12.148/ide/plugins/com.nxp.mcuxpresso.tools.win32_24.12.0.202407110909/tools/bin/../lib/gcc/arm-none-eabi/13.2.1/../../../../arm-none-eabi/lib/thumb/v7e-m/nofp\libcr_nohost_nf.a(__sys_remove.o)
 .debug_ranges  0x00000b68       0x10 C:/NXP/MCUXpressoIDE_24.12.148/ide/plugins/com.nxp.mcuxpresso.tools.win32_24.12.0.202407110909/tools/bin/../lib/gcc/arm-none-eabi/13.2.1/../../../../arm-none-eabi/lib/thumb/v7e-m/nofp\libcr_nohost_nf.a(__sys_seek.o)
 .debug_ranges  0x00000b78       0x10 C:/NXP/MCUXpressoIDE_24.12.148/ide/plugins/com.nxp.mcuxpresso.tools.win32_24.12.0.202407110909/tools/bin/../lib/gcc/arm-none-eabi/13.2.1/../../../../arm-none-eabi/lib/thumb/v7e-m/nofp\libcr_nohost_nf.a(__sys_tmpnam.o)
 .debug_ranges  0x00000b88       0x10 C:/NXP/MCUXpressoIDE_24.12.148/ide/plugins/com.nxp.mcuxpresso.tools.win32_24.12.0.202407110909/tools/bin/../lib/gcc/arm-none-eabi/13.2.1/../../../../arm-none-eabi/lib/thumb/v7e-m/nofp\libcr_nohost_nf.a(__sys_write.o)

.debug_macro    0x00000000     0xf214
 .debug_macro   0x00000000      0x19b ./utilities/fsl_debug_console.o
 .debug_macro   0x0000019b      0xb02 ./utilities/fsl_debug_console.o