C:\NXP\mg_workspace\Czujnik-ruchu-HNM01-do-sterowania-sieci-o-wietlenia\JN5189_Project4\CMSIS/core_cm4.h:1677:22:__NVIC_EnableIRQ	16	static
C:\NXP\mg_workspace\Czujnik-ruchu-HNM01-do-sterowania-sieci-o-wietlenia\JN5189_Project4\CMSIS/core_cm4.h:1713:22:__NVIC_DisableIRQ	16	static
../drivers/fsl_common.h:440:28:EnableIRQ	16	static
../drivers/fsl_common.h:478:28:DisableIRQ	16	static
../drivers/fsl_ctimer.h:463:24:CTIMER_GetStatusFlags	16	static
../drivers/fsl_ctimer.h:475:20:CTIMER_ClearStatusFlags	16	static
../drivers/fsl_ctimer.c:63:17:CTIMER_GetInstance	24	static
../drivers/fsl_ctimer.c:90:6:CTIMER_Init	16	static
../drivers/fsl_ctimer.c:119:6:CTIMER_Deinit	24	static
../drivers/fsl_ctimer.c:145:6:CTIMER_GetDefaultConfig	16	static
../drivers/fsl_ctimer.c:181:10:CTIMER_SetupPwm	48	static
../drivers/fsl_ctimer.c:267:10:CTIMER_SetupPwmPeriod	32	static
../drivers/fsl_ctimer.c:326:6:CTIMER_UpdatePwmDutycycle	24	static
../drivers/fsl_ctimer.c:359:6:CTIMER_SetupMatch	32	static
../drivers/fsl_ctimer.c:410:10:CTIMER_GetOutputMatchStatus	16	static
../drivers/fsl_ctimer.c:425:6:CTIMER_SetupCapture	24	static
../drivers/fsl_ctimer.c:455:6:CTIMER_RegisterCallBack	32	static
../drivers/fsl_ctimer.c:462:6:CTIMER_GenericIRQHandler	32	static
../drivers/fsl_ctimer.c:509:6:CTIMER0_DriverIRQHandler	8	static
../drivers/fsl_ctimer.c:521:6:CTIMER1_DriverIRQHandler	8	static
