Archive member included to satisfy reference by file (symbol)

C:/NXP/MCUXpressoIDE_24.12.148/ide/plugins/com.nxp.mcuxpresso.tools.win32_24.12.0.202407110909/tools/bin/../lib/gcc/arm-none-eabi/13.2.1/../../../../arm-none-eabi/lib/thumb/v7e-m/nofp\libcr_nohost_nf.a(_cr__main.o)
                              ./startup/startup_jn5189.o (__main)
C:/NXP/MCUXpressoIDE_24.12.148/ide/plugins/com.nxp.mcuxpresso.tools.win32_24.12.0.202407110909/tools/bin/../lib/gcc/arm-none-eabi/13.2.1/../../../../arm-none-eabi/lib/thumb/v7e-m/nofp\libcr_nohost_nf.a(_cr_assert.o)
                              ./utilities/fsl_debug_console.o (__assertion_failed)
C:/NXP/MCUXpressoIDE_24.12.148/ide/plugins/com.nxp.mcuxpresso.tools.win32_24.12.0.202407110909/tools/bin/../lib/gcc/arm-none-eabi/13.2.1/../../../../arm-none-eabi/lib/thumb/v7e-m/nofp\libcr_nohost_nf.a(__ciob.o)
                              C:/NXP/MCUXpressoIDE_24.12.148/ide/plugins/com.nxp.mcuxpresso.tools.win32_24.12.0.202407110909/tools/bin/../lib/gcc/arm-none-eabi/13.2.1/../../../../arm-none-eabi/lib/thumb/v7e-m/nofp\libcr_nohost_nf.a(_cr_assert.o) (__Ciob)
C:/NXP/MCUXpressoIDE_24.12.148/ide/plugins/com.nxp.mcuxpresso.tools.win32_24.12.0.202407110909/tools/bin/../lib/gcc/arm-none-eabi/13.2.1/../../../../arm-none-eabi/lib/thumb/v7e-m/nofp\libcr_nohost_nf.a(__sys_appexit.o)
                              C:/NXP/MCUXpressoIDE_24.12.148/ide/plugins/com.nxp.mcuxpresso.tools.win32_24.12.0.202407110909/tools/bin/../lib/gcc/arm-none-eabi/13.2.1/../../../../arm-none-eabi/lib/thumb/v7e-m/nofp\libcr_nohost_nf.a(_cr_assert.o) (__sys_appexit)
C:/NXP/MCUXpressoIDE_24.12.148/ide/plugins/com.nxp.mcuxpresso.tools.win32_24.12.0.202407110909/tools/bin/../lib/gcc/arm-none-eabi/13.2.1/../../../../arm-none-eabi/lib/thumb/v7e-m/nofp\libcr_c.a(memcpy.o)
                              ./drivers/fsl_flash.o (memcpy)
C:/NXP/MCUXpressoIDE_24.12.148/ide/plugins/com.nxp.mcuxpresso.tools.win32_24.12.0.202407110909/tools/bin/../lib/gcc/arm-none-eabi/13.2.1/../../../../arm-none-eabi/lib/thumb/v7e-m/nofp\libcr_c.a(memset.o)
                              ./utilities/fsl_debug_console.o (memset)
C:/NXP/MCUXpressoIDE_24.12.148/ide/plugins/com.nxp.mcuxpresso.tools.win32_24.12.0.202407110909/tools/bin/../lib/gcc/arm-none-eabi/13.2.1/../../../../arm-none-eabi/lib/thumb/v7e-m/nofp\libcr_c.a(_deferredlazyseek.o)
                              C:/NXP/MCUXpressoIDE_24.12.148/ide/plugins/com.nxp.mcuxpresso.tools.win32_24.12.0.202407110909/tools/bin/../lib/gcc/arm-none-eabi/13.2.1/../../../../arm-none-eabi/lib/thumb/v7e-m/nofp\libcr_nohost_nf.a(_cr_assert.o) (__flsbuf)
C:/NXP/MCUXpressoIDE_24.12.148/ide/plugins/com.nxp.mcuxpresso.tools.win32_24.12.0.202407110909/tools/bin/../lib/gcc/arm-none-eabi/13.2.1/../../../../arm-none-eabi/lib/thumb/v7e-m/nofp\libcr_c.a(_fflush.o)
                              C:/NXP/MCUXpressoIDE_24.12.148/ide/plugins/com.nxp.mcuxpresso.tools.win32_24.12.0.202407110909/tools/bin/../lib/gcc/arm-none-eabi/13.2.1/../../../../arm-none-eabi/lib/thumb/v7e-m/nofp\libcr_c.a(_deferredlazyseek.o) (_fflush)
C:/NXP/MCUXpressoIDE_24.12.148/ide/plugins/com.nxp.mcuxpresso.tools.win32_24.12.0.202407110909/tools/bin/../lib/gcc/arm-none-eabi/13.2.1/../../../../arm-none-eabi/lib/thumb/v7e-m/nofp\libcr_c.a(_writebuf.o)
                              C:/NXP/MCUXpressoIDE_24.12.148/ide/plugins/com.nxp.mcuxpresso.tools.win32_24.12.0.202407110909/tools/bin/../lib/gcc/arm-none-eabi/13.2.1/../../../../arm-none-eabi/lib/thumb/v7e-m/nofp\libcr_c.a(_deferredlazyseek.o) (_Cwritebuf)
C:/NXP/MCUXpressoIDE_24.12.148/ide/plugins/com.nxp.mcuxpresso.tools.win32_24.12.0.202407110909/tools/bin/../lib/gcc/arm-none-eabi/13.2.1/../../../../arm-none-eabi/lib/thumb/v7e-m/nofp\libcr_c.a(alloc.o)
                              ./drivers/fsl_common.o (malloc)
C:/NXP/MCUXpressoIDE_24.12.148/ide/plugins/com.nxp.mcuxpresso.tools.win32_24.12.0.202407110909/tools/bin/../lib/gcc/arm-none-eabi/13.2.1/../../../../arm-none-eabi/lib/thumb/v7e-m/nofp\libcr_c.a(fputs.o)
                              C:/NXP/MCUXpressoIDE_24.12.148/ide/plugins/com.nxp.mcuxpresso.tools.win32_24.12.0.202407110909/tools/bin/../lib/gcc/arm-none-eabi/13.2.1/../../../../arm-none-eabi/lib/thumb/v7e-m/nofp\libcr_nohost_nf.a(_cr_assert.o) (fputs)
C:/NXP/MCUXpressoIDE_24.12.148/ide/plugins/com.nxp.mcuxpresso.tools.win32_24.12.0.202407110909/tools/bin/../lib/gcc/arm-none-eabi/13.2.1/../../../../arm-none-eabi/lib/thumb/v7e-m/nofp\libcr_c.a(fseek.o)
                              C:/NXP/MCUXpressoIDE_24.12.148/ide/plugins/com.nxp.mcuxpresso.tools.win32_24.12.0.202407110909/tools/bin/../lib/gcc/arm-none-eabi/13.2.1/../../../../arm-none-eabi/lib/thumb/v7e-m/nofp\libcr_c.a(_deferredlazyseek.o) (fseek)
C:/NXP/MCUXpressoIDE_24.12.148/ide/plugins/com.nxp.mcuxpresso.tools.win32_24.12.0.202407110909/tools/bin/../lib/gcc/arm-none-eabi/13.2.1/../../../../arm-none-eabi/lib/thumb/v7e-m/nofp\libcr_c.a(ftell.o)
[...]
Memory Configuration

Name             Origin             Length             Attributes
PROGRAM_FLASH    0x00000000         0x000a0000         xr
SRAM             0x04000000         0x00015fe0         xrw
SRAM1            0x04020000         0x00010000         xrw
*default*        0x00000000         0xffffffff

Linker script and memory map

LOAD ./utilities/fsl_debug_console.o
LOAD ./utilities/fsl_str.o
LOAD ./startup/startup_jn5189.o
LOAD ./source/JN5189_Project.o
LOAD ./source/semihost_hardfault.o
LOAD ./drivers/fsl_adc.o
LOAD ./drivers/fsl_clock.o
LOAD ./drivers/fsl_common.o
LOAD ./drivers/fsl_ctimer.o
LOAD ./drivers/fsl_flash.o
LOAD ./drivers/fsl_flexcomm.o
LOAD ./drivers/fsl_gpio.o
LOAD ./drivers/fsl_inputmux.o
LOAD ./drivers/fsl_power.o
LOAD ./drivers/fsl_reset.o
LOAD ./drivers/fsl_usart.o
LOAD ./device/system_JN5189.o
LOAD ./component/uart/usart_adapter.o
LOAD ./component/serial_manager/serial_manager.o
LOAD ./component/serial_manager/serial_port_uart.o
LOAD ./component/lists/generic_list.o
LOAD ./board/board.o
LOAD ./board/board_utility.o
LOAD ./board/clock_config.o
LOAD ./board/peripherals.o
LOAD ./board/pin_mux.o
START GROUP
LOAD C:/NXP/MCUXpressoIDE_24.12.148/ide/plugins/com.nxp.mcuxpresso.tools.win32_24.12.0.202407110909/tools/bin/../lib/gcc/arm-none-eabi/13.2.1/../../../../arm-none-eabi/lib/thumb/v7e-m/nofp\libcr_nohost_nf.a
LOAD C:/NXP/MCUXpressoIDE_24.12.148/ide/plugins/com.nxp.mcuxpresso.tools.win32_24.12.0.202407110909/tools/bin/../lib/gcc/arm-none-eabi/13.2.1/../../../../arm-none-eabi/lib/thumb/v7e-m/nofp\libcr_c.a
LOAD C:/NXP/MCUXpressoIDE_24.12.148/ide/plugins/com.nxp.mcuxpresso.tools.win32_24.12.0.202407110909/tools/bin/../lib/gcc/arm-none-eabi/13.2.1/thumb/v7e-m/nofp\libcr_eabihelpers.a
LOAD C:/NXP/MCUXpressoIDE_24.12.148/ide/plugins/com.nxp.mcuxpresso.tools.win32_24.12.0.202407110909/tools/bin/../lib/gcc/arm-none-eabi/13.2.1/thumb/v7e-m/nofp\libgcc.a
END GROUP
                0x00000000                        __base_PROGRAM_FLASH = 0x0
                0x00000000                        __base_Flash = 0x0
                0x000a0000                        __top_PROGRAM_FLASH = 0xa0000
                0x000a0000                        __top_Flash = 0xa0000
                0x04000000                        __base_SRAM = 0x4000000
                0x04000000                        __base_RAM = 0x4000000
                0x04015fe0                        __top_SRAM = 0x4015fe0
                0x04015fe0                        __top_RAM = 0x4015fe0
                0x04020000                        __base_SRAM1 = 0x4020000
                0x04020000                        __base_RAM2 = 0x4020000
                0x04030000                        __top_SRAM1 = 0x4030000
                0x04030000                        __top_RAM2 = 0x4030000

.text           0x00000000     0x47e0
 FILL mask 0xff
                0x00000000                        __vectors_start__ = ABSOLUTE (.)
 *(SORT_BY_ALIGNMENT(.isr_vector))
 .isr_vector    0x00000000      0x120 ./startup/startup_jn5189.o
                0x00000000                g_pfnVectors
                0x00000000                __Vectors
                0x00000120                        . = ALIGN (0x4)
                0x00000120                        __section_table_start = .
                0x00000120                        __data_section_table = .
                0x00000120        0x4 LONG 0x47e0 LOADADDR (.data)
                0x00000124        0x4 LONG 0x4000000 ADDR (.data)
                0x00000128        0x4 LONG 0x4 SIZEOF (.data)
                0x0000012c        0x4 LONG 0x47e0 LOADADDR (.data_RAM2)
                0x00000130        0x4 LONG 0x4020000 ADDR (.data_RAM2)
                0x00000134        0x4 LONG 0x0 SIZEOF (.data_RAM2)
                0x00000138                        __data_section_table_end = .
                0x00000138                        __bss_section_table = .
                0x00000138        0x4 LONG 0x4000004 ADDR (.bss)
                0x0000013c        0x4 LONG 0x158 SIZEOF (.bss)
                0x00000140        0x4 LONG 0x4020000 ADDR (.bss_RAM2)
                0x00000144        0x4 LONG 0x0 SIZEOF (.bss_RAM2)
                0x00000148                        __bss_section_table_end = .
                0x00000148                        __section_table_end = .
 *(SORT_BY_ALIGNMENT(.after_vectors*))
 .after_vectors.reset
                0x00000148       0x30 ./startup/startup_jn5189.o
                0x00000148                ResetISR
 .after_vectors
                0x00000178       0xe0 ./startup/startup_jn5189.o
                0x00000178                ResetISR2
                0x00000240                NMI_Handler
                0x00000244                MemManage_Handler
                0x00000246                BusFault_Handler
                0x00000248                UsageFault_Handler
                0x0000024a                SVC_Handler
                0x0000024c                PendSV_Handler
                0x0000024e                SysTick_Handler
                0x00000250                ANA_COMP_DriverIRQHandler
                0x00000250                CIC_IRB_DriverIRQHandler
                0x00000250                PWM4_DriverIRQHandler
                0x00000250                ISO7816_DriverIRQHandler
                0x00000250                PIN_INT3_DriverIRQHandler
                0x00000250                PIN_INT2_DriverIRQHandler
                0x00000250                PIN_INT0_DriverIRQHandler
                0x00000250                SPIFI0_DriverIRQHandler
                0x00000250                PWM0_DriverIRQHandler
                0x00000250                IntDefaultHandler
                0x00000250                BLE_DP0_DriverIRQHandler
                0x00000250                ZIGBEE_MODEM_DriverIRQHandler
                0x00000250                DMIC0_DriverIRQHandler
                0x00000250                BLE_WAKE_UP_TIMER_DriverIRQHandler
                0x00000250                PVTVF1_AMBER_DriverIRQHandler
                0x00000250                DMA0_DriverIRQHandler
                0x00000250                ADC0_SEQB_DriverIRQHandler
                0x00000250                PWM6_DriverIRQHandler
                0x00000250                MAILBOX_DriverIRQHandler
                0x00000250                PIN_INT1_DriverIRQHandler
                0x00000250                BLE_DP_DriverIRQHandler
                0x00000250                PWM8_DriverIRQHandler
                0x00000250                HWVAD0_DriverIRQHandler
                0x00000250                PWM9_DriverIRQHandler
                0x00000250                RTC_DriverIRQHandler
                0x00000250                WAKE_UP_TIMER0_DriverIRQHandler
                0x00000250                PVTVF0_RED_DriverIRQHandler
                0x00000250                PWM5_DriverIRQHandler
                0x00000250                RFP_TMU_DriverIRQHandler
                0x00000250                PWM7_DriverIRQHandler
                0x00000250                PWM1_DriverIRQHandler
                0x00000250                BLE_DP2_DriverIRQHandler
                0x00000250                NFCTag_DriverIRQHandler
                0x00000250                BLE_DP1_DriverIRQHandler
                0x00000250                ADC0_SEQA_DriverIRQHandler
                0x00000250                PWM10_DriverIRQHandler
                0x00000250                PVTVF0_AMBER_DriverIRQHandler
                0x00000250                ADC0_THCMP_DriverIRQHandler
                0x00000250                BLE_LL_ALL_DriverIRQHandler
                0x00000250                WAKE_UP_TIMER1_DriverIRQHandler
                0x00000250                SHA_DriverIRQHandler
                0x00000250                GINT0_DriverIRQHandler
                0x00000250                RFP_AGC_DriverIRQHandler
                0x00000250                PWM2_DriverIRQHandler
                0x00000250                ZIGBEE_MAC_DriverIRQHandler
                0x00000250                PWM3_DriverIRQHandler
                0x00000250                WDT_BOD_DriverIRQHandler
                0x00000250                PVTVF1_RED_DriverIRQHandler
 .after_vectors.init_data
                0x00000258       0x1c ./startup/startup_jn5189.o
                0x00000258                data_init
 .after_vectors.init_bss
                0x00000274       0x12 ./startup/startup_jn5189.o
                0x00000274                bss_init
 *(SORT_BY_ALIGNMENT(.text*))
 *fill*         0x00000286        0x2 ff
 .text.DbgConsole_SendDataReliable
                0x00000288       0x58 ./utilities/fsl_debug_console.o
                0x00000288                DbgConsole_SendDataReliable
 .text.DbgConsole_Init
                0x000002e0      0x104 ./utilities/fsl_debug_console.o
                0x000002e0                DbgConsole_Init
 .text.DbgConsole_Printf
                0x000003e4       0x74 ./utilities/fsl_debug_console.o
                0x000003e4                DbgConsole_Printf
 .text.BOOT_GetStartPowerMode
                0x00000458        0xc ./startup/startup_jn5189.o
 .text.__NVIC_EnableIRQ
                0x00000464       0x38 ./source/JN5189_Project.o
 .text.POWER_EnablePD
                0x0000049c       0x30 ./source/JN5189_Project.o
 .text.ADC0_SEQA_IRQHandler
                0x000004cc       0x4c ./source/JN5189_Project.o
                0x000004cc                ADC0_SEQA_IRQHandler
 .text.CTIMER0_IRQHandler
                0x00000518       0x28 ./source/JN5189_Project.o
                0x00000518                CTIMER0_IRQHandler
 .text.Init_Hardware_Timer
                0x00000540       0x6c ./source/JN5189_Project.o
                0x00000540                Init_Hardware_Timer
 .text.main     0x000005ac      0x170 ./source/JN5189_Project.o
                0x000005ac                main
 .text.ADC_GetInstance
                0x0000071c       0x44 ./drivers/fsl_adc.o
 .text.ADC_Init
                0x00000760       0xdc ./drivers/fsl_adc.o
                0x00000760                ADC_Init
 .text.ADC_SetConvSeqAConfig
                0x0000083c       0x84 ./drivers/fsl_adc.o
                0x0000083c                ADC_SetConvSeqAConfig
 .text.ADC_GetChannelConversionResult
                0x000008c0       0xd8 ./drivers/fsl_adc.o
                0x000008c0                ADC_GetChannelConversionResult
 .text.CLOCK_AttachClk
                0x00000998      0x234 ./drivers/fsl_clock.o
                0x00000998                CLOCK_AttachClk
 .text.CLOCK_GetFRGInputClock
                0x00000bcc       0x60 ./drivers/fsl_clock.o
                0x00000bcc                CLOCK_GetFRGInputClock
 .text.CLOCK_GetClkOutFreq
                0x00000c2c       0xa8 ./drivers/fsl_clock.o
                0x00000c2c                CLOCK_GetClkOutFreq
 .text.CLOCK_GetWdtOscFreq
                0x00000cd4       0x64 ./drivers/fsl_clock.o
                0x00000cd4                CLOCK_GetWdtOscFreq
 .text.CLOCK_GetSpifiOscFreq
                0x00000d38       0x84 ./drivers/fsl_clock.o
                0x00000d38                CLOCK_GetSpifiOscFreq
 .text.CLOCK_GetPWMClockFreq
                0x00000dbc       0x5c ./drivers/fsl_clock.o
                0x00000dbc                CLOCK_GetPWMClockFreq
 .text.CLOCK_GetFreq
                0x00000e18      0x174 ./drivers/fsl_clock.o
                0x00000e18                CLOCK_GetFreq
 .text.CLOCK_GetMainClockRate
                0x00000f8c       0x80 ./drivers/fsl_clock.o
                0x00000f8c                CLOCK_GetMainClockRate
 .text.CLOCK_GetXtal32kFreq
                0x0000100c       0x30 ./drivers/fsl_clock.o
                0x0000100c                CLOCK_GetXtal32kFreq
 .text.CLOCK_GetXtal32MFreq
                0x0000103c       0x14 ./drivers/fsl_clock.o
                0x0000103c                CLOCK_GetXtal32MFreq
 .text.CLOCK_GetFro32kFreq
                0x00001050       0x30 ./drivers/fsl_clock.o
                0x00001050                CLOCK_GetFro32kFreq
 .text.CLOCK_GetFro1MFreq
                0x00001080       0x14 ./drivers/fsl_clock.o
                0x00001080                CLOCK_GetFro1MFreq
 .text.CLOCK_GetFro12MFreq
                0x00001094       0x30 ./drivers/fsl_clock.o
                0x00001094                CLOCK_GetFro12MFreq
 .text.CLOCK_GetFro32MFreq
                0x000010c4       0x30 ./drivers/fsl_clock.o
                0x000010c4                CLOCK_GetFro32MFreq
 .text.CLOCK_GetFro48MFreq
                0x000010f4       0x30 ./drivers/fsl_clock.o
                0x000010f4                CLOCK_GetFro48MFreq
 .text.CLOCK_GetFro64MFreq
                0x00001124       0x30 ./drivers/fsl_clock.o
                0x00001124                CLOCK_GetFro64MFreq
 .text.CLOCK_GetApbCLkFreq
                0x00001154       0x60 ./drivers/fsl_clock.o
                0x00001154                CLOCK_GetApbCLkFreq
 .text.CLOCK_EnableClock
                0x000011b4      0x158 ./drivers/fsl_clock.o
                0x000011b4                CLOCK_EnableClock
 .text.CLOCK_uDelay
                0x0000130c       0x40 ./drivers/fsl_clock.o
                0x0000130c                CLOCK_uDelay
 .text.CLOCK_XtalBasicTrim
                0x0000134c       0x30 ./drivers/fsl_clock.o
                0x0000134c                CLOCK_XtalBasicTrim
 .text.CLOCK_Xtal32M_Trim
                0x0000137c      0x1f8 ./drivers/fsl_clock.o
                0x0000137c                CLOCK_Xtal32M_Trim
 .text.CLOCK_Xtal32M_WaitUntilStable
                0x00001574       0x2c ./drivers/fsl_clock.o
                0x00001574                CLOCK_Xtal32M_WaitUntilStable
 .text.SDK_DelayAtLeastUs
                0x000015a0       0x94 ./drivers/fsl_common.o
                0x000015a0                SDK_DelayAtLeastUs
 .text.__NVIC_EnableIRQ
                0x00001634       0x38 ./drivers/fsl_ctimer.o
 .text.CTIMER_GetInstance
                0x0000166c       0x54 ./drivers/fsl_ctimer.o
 .text.CTIMER_Init
                0x000016c0       0x74 ./drivers/fsl_ctimer.o
                0x000016c0                CTIMER_Init
 .text.CTIMER_GetDefaultConfig
                0x00001734       0x3c ./drivers/fsl_ctimer.o
                0x00001734                CTIMER_GetDefaultConfig
 .text.CTIMER_SetupMatch
                0x00001770      0x11c ./drivers/fsl_ctimer.o
                0x00001770                CTIMER_SetupMatch
 .text.CTIMER_GenericIRQHandler
                0x0000188c       0xbc ./drivers/fsl_ctimer.o
                0x0000188c                CTIMER_GenericIRQHandler
 .text.FLEXCOMM_GetInstance
                0x00001948       0x44 ./drivers/fsl_flexcomm.o
                0x00001948                FLEXCOMM_GetInstance
 .text.FLEXCOMM_Init
                0x0000198c       0x5c ./drivers/fsl_flexcomm.o
                0x0000198c                FLEXCOMM_Init
 .text.FLEXCOMM0_DriverIRQHandler
                0x000019e8       0x3c ./drivers/fsl_flexcomm.o
                0x000019e8                FLEXCOMM0_DriverIRQHandler
 .text.FLEXCOMM1_DriverIRQHandler
                0x00001a24       0x3c ./drivers/fsl_flexcomm.o
                0x00001a24                FLEXCOMM1_DriverIRQHandler
 .text.FLEXCOMM2_DriverIRQHandler
                0x00001a60       0x3c ./drivers/fsl_flexcomm.o
                0x00001a60                FLEXCOMM2_DriverIRQHandler
 .text.FLEXCOMM3_DriverIRQHandler
                0x00001a9c       0x3c ./drivers/fsl_flexcomm.o
                0x00001a9c                FLEXCOMM3_DriverIRQHandler
 .text.FLEXCOMM4_DriverIRQHandler
                0x00001ad8       0x3c ./drivers/fsl_flexcomm.o
                0x00001ad8                FLEXCOMM4_DriverIRQHandler
 .text.FLEXCOMM5_DriverIRQHandler
                0x00001b14       0x3c ./drivers/fsl_flexcomm.o
                0x00001b14                FLEXCOMM5_DriverIRQHandler
 .text.FLEXCOMM6_DriverIRQHandler
                0x00001b50       0x3c ./drivers/fsl_flexcomm.o
                0x00001b50                FLEXCOMM6_DriverIRQHandler
 .text.RESET_SetPeripheralReset
                0x00001b8c       0x7c ./drivers/fsl_reset.o
                0x00001b8c                RESET_SetPeripheralReset
 .text.RESET_ClearPeripheralReset
                0x00001c08       0x80 ./drivers/fsl_reset.o
                0x00001c08                RESET_ClearPeripheralReset
 .text.USART_Init
                0x00001c88      0x18c ./drivers/fsl_usart.o
                0x00001c88                USART_Init
 .text.USART_GetDefaultConfig
                0x00001e14       0x7c ./drivers/fsl_usart.o
                0x00001e14                USART_GetDefaultConfig
 .text.USART_SetBaudRate
                0x00001e90      0x128 ./drivers/fsl_usart.o
                0x00001e90                USART_SetBaudRate
 .text.USART_WriteBlocking
                0x00001fb8       0x88 ./drivers/fsl_usart.o
                0x00001fb8                USART_WriteBlocking
 .text.__NVIC_SetPriorityGrouping
                0x00002040       0x48 ./device/system_JN5189.o
 .text.CLOCK_GetXtal32kFreq
                0x00002088       0x30 ./device/system_JN5189.o
 .text.CLOCK_GetXtal32MFreq
                0x000020b8       0x14 ./device/system_JN5189.o
 .text.CLOCK_GetFro32kFreq
                0x000020cc       0x30 ./device/system_JN5189.o
 .text.CLOCK_GetFro1MFreq
                0x000020fc       0x14 ./device/system_JN5189.o
 .text.CLOCK_GetFro12MFreq
                0x00002110       0x30 ./device/system_JN5189.o
 .text.CLOCK_GetFro32MFreq
                0x00002140       0x30 ./device/system_JN5189.o
 .text.CLOCK_GetFro48MFreq
                0x00002170       0x30 ./device/system_JN5189.o
 .text.CLOCK_GetMainClockRate
                0x000021a0       0x80 ./device/system_JN5189.o
 .text.SystemInit
                0x00002220       0x48 ./device/system_JN5189.o
                0x00002220                SystemInit
 .text.SystemCoreClockUpdate
                0x00002268       0x28 ./device/system_JN5189.o
                0x00002268                SystemCoreClockUpdate
 .text.HAL_UartInit
                0x00002290      0x108 ./component/uart/usart_adapter.o
                0x00002290                HAL_UartInit
 .text.HAL_UartSendBlocking
                0x00002398       0x64 ./component/uart/usart_adapter.o
                0x00002398                HAL_UartSendBlocking
 .text.SerialManager_Write
                0x000023fc       0x6c ./component/serial_manager/serial_manager.o
 .text.SerialManager_Init
                0x00002468       0x74 ./component/serial_manager/serial_manager.o
                0x00002468                SerialManager_Init
 .text.SerialManager_OpenWriteHandle
                0x000024dc       0x64 ./component/serial_manager/serial_manager.o
                0x000024dc                SerialManager_OpenWriteHandle
 .text.SerialManager_OpenReadHandle
                0x00002540       0x74 ./component/serial_manager/serial_manager.o
                0x00002540                SerialManager_OpenReadHandle
 .text.Serial_UartInit
                0x000025b4       0x80 ./component/serial_manager/serial_port_uart.o
                0x000025b4                Serial_UartInit
 .text.Serial_UartWrite
                0x00002634       0x58 ./component/serial_manager/serial_port_uart.o
                0x00002634                Serial_UartWrite
 .text.BOARD_InitDebugConsole
                0x0000268c       0x34 ./board/board.o
                0x0000268c                BOARD_InitDebugConsole
 .text.BOARD_GetClock32MCapacitanceCharacteristics
                0x000026c0       0x14 ./board/board_utility.o
                0x000026c0                BOARD_GetClock32MCapacitanceCharacteristics
 .text.BOARD_BootClockRUN
                0x000026d4       0xec ./board/clock_config.o
                0x000026d4                BOARD_BootClockRUN
 .text.BOARD_InitPins
                0x000027c0       0x74 ./board/pin_mux.o
                0x000027c0                BOARD_InitPins
 .text.__assertion_failed
                0x00002834       0x4c C:/NXP/MCUXpressoIDE_24.12.148/ide/plugins/com.nxp.mcuxpresso.tools.win32_24.12.0.202407110909/tools/bin/../lib/gcc/arm-none-eabi/13.2.1/../../../../arm-none-eabi/lib/thumb/v7e-m/nofp\libcr_nohost_nf.a(_cr_assert.o)
                0x00002834                __assertion_failed
 .text._Cwritebuf
                0x00002880       0x6c C:/NXP/MCUXpressoIDE_24.12.148/ide/plugins/com.nxp.mcuxpresso.tools.win32_24.12.0.202407110909/tools/bin/../lib/gcc/arm-none-eabi/13.2.1/../../../../arm-none-eabi/lib/thumb/v7e-m/nofp\libcr_c.a(_writebuf.o)
                0x00002880                _Cwritebuf
 .text.malloc   0x000028ec       0xc8 C:/NXP/MCUXpressoIDE_24.12.148/ide/plugins/com.nxp.mcuxpresso.tools.win32_24.12.0.202407110909/tools/bin/../lib/gcc/arm-none-eabi/13.2.1/../../../../arm-none-eabi/lib/thumb/v7e-m/nofp\libcr_c.a(alloc.o)
                0x000028ec                malloc
 .text._Csys_alloc
                0x000029b4       0x20 C:/NXP/MCUXpressoIDE_24.12.148/ide/plugins/com.nxp.mcuxpresso.tools.win32_24.12.0.202407110909/tools/bin/../lib/gcc/arm-none-eabi/13.2.1/../../../../arm-none-eabi/lib/thumb/v7e-m/nofp\libcr_c.a(alloc.o)
                0x000029b4                _Csys_alloc
 .text.fseek    0x000029d4       0xf8 C:/NXP/MCUXpressoIDE_24.12.148/ide/plugins/com.nxp.mcuxpresso.tools.win32_24.12.0.202407110909/tools/bin/../lib/gcc/arm-none-eabi/13.2.1/../../../../arm-none-eabi/lib/thumb/v7e-m/nofp\libcr_c.a(fseek.o)
                0x000029d4                fseek
 .text.ftell    0x00002acc       0x44 C:/NXP/MCUXpressoIDE_24.12.148/ide/plugins/com.nxp.mcuxpresso.tools.win32_24.12.0.202407110909/tools/bin/../lib/gcc/arm-none-eabi/13.2.1/../../../../arm-none-eabi/lib/thumb/v7e-m/nofp\libcr_c.a(ftell.o)
                0x00002acc                ftell
 .text._initio  0x00002b10       0x78 C:/NXP/MCUXpressoIDE_24.12.148/ide/plugins/com.nxp.mcuxpresso.tools.win32_24.12.0.202407110909/tools/bin/../lib/gcc/arm-none-eabi/13.2.1/../../../../arm-none-eabi/lib/thumb/v7e-m/nofp\libcr_c.a(initio.o)
                0x00002b10                _initio
 .text._sbrk    0x00002b88       0x3c C:/NXP/MCUXpressoIDE_24.12.148/ide/plugins/com.nxp.mcuxpresso.tools.win32_24.12.0.202407110909/tools/bin/../lib/gcc/arm-none-eabi/13.2.1/../../../../arm-none-eabi/lib/thumb/v7e-m/nofp\libcr_c.a(_cr_sbrk.o)
                0x00002b88                _sbrk
 .text.fflush   0x00002bc4       0x3c C:/NXP/MCUXpressoIDE_24.12.148/ide/plugins/com.nxp.mcuxpresso.tools.win32_24.12.0.202407110909/tools/bin/../lib/gcc/arm-none-eabi/13.2.1/../../../../arm-none-eabi/lib/thumb/v7e-m/nofp\libcr_c.a(fflush.o)
                0x00002bc4                fflush
 .text.__check_heap_overflow
                0x00002c00       0x18 C:/NXP/MCUXpressoIDE_24.12.148/ide/plugins/com.nxp.mcuxpresso.tools.win32_24.12.0.202407110909/tools/bin/../lib/gcc/arm-none-eabi/13.2.1/../../../../arm-none-eabi/lib/thumb/v7e-m/nofp\libcr_c.a(_cr_check_heap.o)
                0x00002c00                __check_heap_overflow
 .text.DbgConsole_PrintCallback
                0x00002c18       0x66 ./utilities/fsl_debug_console.o
 .text.ConvertRadixNumToString
                0x00002c7e      0x112 ./utilities/fsl_str.o
 .text.StrFormatPrintf
                0x00002d90      0x30c ./utilities/fsl_str.o
                0x00002d90                StrFormatPrintf
 .text.WDT_BOD_IRQHandler
                0x0000309c        0x8 ./startup/startup_jn5189.o
                0x0000309c                WDT_BOD_IRQHandler
 .text.DMA0_IRQHandler
                0x000030a4        0x8 ./startup/startup_jn5189.o
                0x000030a4                DMA0_IRQHandler
 .text.GINT0_IRQHandler
                0x000030ac        0x8 ./startup/startup_jn5189.o
                0x000030ac                GINT0_IRQHandler
 .text.CIC_IRB_IRQHandler
                0x000030b4        0x8 ./startup/startup_jn5189.o
                0x000030b4                CIC_IRB_IRQHandler
 .text.PIN_INT0_IRQHandler
                0x000030bc        0x8 ./startup/startup_jn5189.o
                0x000030bc                PIN_INT0_IRQHandler
 .text.PIN_INT1_IRQHandler
                0x000030c4        0x8 ./startup/startup_jn5189.o
                0x000030c4                PIN_INT1_IRQHandler
 .text.PIN_INT2_IRQHandler
                0x000030cc        0x8 ./startup/startup_jn5189.o
                0x000030cc                PIN_INT2_IRQHandler
 .text.PIN_INT3_IRQHandler
                0x000030d4        0x8 ./startup/startup_jn5189.o
                0x000030d4                PIN_INT3_IRQHandler
 .text.SPIFI0_IRQHandler
                0x000030dc        0x8 ./startup/startup_jn5189.o
                0x000030dc                SPIFI0_IRQHandler
 .text.CTIMER1_IRQHandler
                0x000030e4        0x8 ./startup/startup_jn5189.o
                0x000030e4                CTIMER1_IRQHandler
 .text.FLEXCOMM0_IRQHandler
                0x000030ec        0x8 ./startup/startup_jn5189.o
                0x000030ec                FLEXCOMM0_IRQHandler
 .text.FLEXCOMM1_IRQHandler
                0x000030f4        0x8 ./startup/startup_jn5189.o
                0x000030f4                FLEXCOMM1_IRQHandler
 .text.FLEXCOMM2_IRQHandler
                0x000030fc        0x8 ./startup/startup_jn5189.o
                0x000030fc                FLEXCOMM2_IRQHandler
 .text.FLEXCOMM3_IRQHandler
                0x00003104        0x8 ./startup/startup_jn5189.o
                0x00003104                FLEXCOMM3_IRQHandler
 .text.FLEXCOMM4_IRQHandler
                0x0000310c        0x8 ./startup/startup_jn5189.o
                0x0000310c                FLEXCOMM4_IRQHandler
 .text.FLEXCOMM5_IRQHandler
                0x00003114        0x8 ./startup/startup_jn5189.o
                0x00003114                FLEXCOMM5_IRQHandler
 .text.PWM0_IRQHandler
                0x0000311c        0x8 ./startup/startup_jn5189.o
                0x0000311c                PWM0_IRQHandler
 .text.PWM1_IRQHandler
                0x00003124        0x8 ./startup/startup_jn5189.o
                0x00003124                PWM1_IRQHandler
 .text.PWM2_IRQHandler
                0x0000312c        0x8 ./startup/startup_jn5189.o
                0x0000312c                PWM2_IRQHandler
 .text.PWM3_IRQHandler
                0x00003134        0x8 ./startup/startup_jn5189.o
                0x00003134                PWM3_IRQHandler
 .text.PWM4_IRQHandler
                0x0000313c        0x8 ./startup/startup_jn5189.o
                0x0000313c                PWM4_IRQHandler
 .text.PWM5_IRQHandler
                0x00003144        0x8 ./startup/startup_jn5189.o
                0x00003144                PWM5_IRQHandler
 .text.PWM6_IRQHandler
                0x0000314c        0x8 ./startup/startup_jn5189.o
                0x0000314c                PWM6_IRQHandler
 .text.PWM7_IRQHandler
                0x00003154        0x8 ./startup/startup_jn5189.o
                0x00003154                PWM7_IRQHandler
 .text.PWM8_IRQHandler
                0x0000315c        0x8 ./startup/startup_jn5189.o
                0x0000315c                PWM8_IRQHandler
 .text.PWM9_IRQHandler
                0x00003164        0x8 ./startup/startup_jn5189.o
                0x00003164                PWM9_IRQHandler
 .text.PWM10_IRQHandler
                0x0000316c        0x8 ./startup/startup_jn5189.o
                0x0000316c                PWM10_IRQHandler
 .text.FLEXCOMM6_IRQHandler
                0x00003174        0x8 ./startup/startup_jn5189.o
                0x00003174                FLEXCOMM6_IRQHandler
 .text.RTC_IRQHandler
                0x0000317c        0x8 ./startup/startup_jn5189.o
                0x0000317c                RTC_IRQHandler
 .text.NFCTag_IRQHandler
                0x00003184        0x8 ./startup/startup_jn5189.o
                0x00003184                NFCTag_IRQHandler
 .text.MAILBOX_IRQHandler
                0x0000318c        0x8 ./startup/startup_jn5189.o
                0x0000318c                MAILBOX_IRQHandler
 .text.ADC0_SEQB_IRQHandler
                0x00003194        0x8 ./startup/startup_jn5189.o
                0x00003194                ADC0_SEQB_IRQHandler
 .text.ADC0_THCMP_IRQHandler
                0x0000319c        0x8 ./startup/startup_jn5189.o
                0x0000319c                ADC0_THCMP_IRQHandler
 .text.DMIC0_IRQHandler
                0x000031a4        0x8 ./startup/startup_jn5189.o
                0x000031a4                DMIC0_IRQHandler
 .text.HWVAD0_IRQHandler
                0x000031ac        0x8 ./startup/startup_jn5189.o
                0x000031ac                HWVAD0_IRQHandler
 .text.BLE_DP_IRQHandler
                0x000031b4        0x8 ./startup/startup_jn5189.o
                0x000031b4                BLE_DP_IRQHandler
 .text.BLE_DP0_IRQHandler
                0x000031bc        0x8 ./startup/startup_jn5189.o
                0x000031bc                BLE_DP0_IRQHandler
 .text.BLE_DP1_IRQHandler
                0x000031c4        0x8 ./startup/startup_jn5189.o
                0x000031c4                BLE_DP1_IRQHandler
 .text.BLE_DP2_IRQHandler
                0x000031cc        0x8 ./startup/startup_jn5189.o
                0x000031cc                BLE_DP2_IRQHandler
 .text.BLE_LL_ALL_IRQHandler
                0x000031d4        0x8 ./startup/startup_jn5189.o
                0x000031d4                BLE_LL_ALL_IRQHandler
 .text.RFP_TMU_IRQHandler
                0x000031dc        0x8 ./startup/startup_jn5189.o
                0x000031dc                RFP_TMU_IRQHandler
 .text.RFP_AGC_IRQHandler
                0x000031e4        0x8 ./startup/startup_jn5189.o
                0x000031e4                RFP_AGC_IRQHandler
 .text.ISO7816_IRQHandler
                0x000031ec        0x8 ./startup/startup_jn5189.o
                0x000031ec                ISO7816_IRQHandler
 .text.ANA_COMP_IRQHandler
                0x000031f4        0x8 ./startup/startup_jn5189.o
                0x000031f4                ANA_COMP_IRQHandler
 .text.WAKE_UP_TIMER0_IRQHandler
                0x000031fc        0x8 ./startup/startup_jn5189.o
                0x000031fc                WAKE_UP_TIMER0_IRQHandler
 .text.WAKE_UP_TIMER1_IRQHandler
                0x00003204        0x8 ./startup/startup_jn5189.o
                0x00003204                WAKE_UP_TIMER1_IRQHandler
 .text.PVTVF0_AMBER_IRQHandler
                0x0000320c        0x8 ./startup/startup_jn5189.o
                0x0000320c                PVTVF0_AMBER_IRQHandler
 .text.PVTVF0_RED_IRQHandler
                0x00003214        0x8 ./startup/startup_jn5189.o
                0x00003214                PVTVF0_RED_IRQHandler
 .text.PVTVF1_AMBER_IRQHandler
                0x0000321c        0x8 ./startup/startup_jn5189.o
                0x0000321c                PVTVF1_AMBER_IRQHandler
 .text.PVTVF1_RED_IRQHandler
                0x00003224        0x8 ./startup/startup_jn5189.o
                0x00003224                PVTVF1_RED_IRQHandler
 .text.BLE_WAKE_UP_TIMER_IRQHandler
                0x0000322c        0x8 ./startup/startup_jn5189.o
                0x0000322c                BLE_WAKE_UP_TIMER_IRQHandler
 .text.SHA_IRQHandler
                0x00003234        0x8 ./startup/startup_jn5189.o
                0x00003234                SHA_IRQHandler
 .text.EnableIRQ
                0x0000323c       0x2c ./source/JN5189_Project.o
 .text.ADC_EnableConvSeqA
                0x00003268       0x36 ./source/JN5189_Project.o
 .text.ADC_DoSoftwareTriggerConvSeqA
                0x0000329e       0x1e ./source/JN5189_Project.o
 .text.ADC_EnableInterrupts
                0x000032bc       0x24 ./source/JN5189_Project.o
 .text.ADC_ClearStatusFlags
                0x000032e0       0x1a ./source/JN5189_Project.o
 .text.CTIMER_ClearStatusFlags
                0x000032fa       0x1a ./source/JN5189_Project.o
 .text.CTIMER_StartTimer
                0x00003314       0x1e ./source/JN5189_Project.o
 .text.HardFault_Handler
                0x00003332       0x36 ./source/semihost_hardfault.o
                0x00003332                HardFault_Handler
 .text.ADC_GetDefaultConfig
                0x00003368       0x32 ./drivers/fsl_adc.o
                0x00003368                ADC_GetDefaultConfig
 .text.CLOCK_SetClkDiv
                0x0000339a       0xb6 ./drivers/fsl_clock.o
                0x0000339a                CLOCK_SetClkDiv
 .text.CLOCK_GetFRGClock
                0x00003450       0x64 ./drivers/fsl_clock.o
                0x00003450                CLOCK_GetFRGClock
 .text.CLOCK_GetCoreSysClkFreq
                0x000034b4       0x1e ./drivers/fsl_clock.o
                0x000034b4                CLOCK_GetCoreSysClkFreq
 .text.CLOCK_GetOsc32kFreq
                0x000034d2       0x32 ./drivers/fsl_clock.o
                0x000034d2                CLOCK_GetOsc32kFreq
 .text.CLOCK_GetOsc32MFreq
                0x00003504       0x32 ./drivers/fsl_clock.o
                0x00003504                CLOCK_GetOsc32MFreq
 .text.CLOCK_EnableAPBBridge
                0x00003536       0x1c ./drivers/fsl_clock.o
                0x00003536                CLOCK_EnableAPBBridge
 .text.CLOCK_u8OscCapConvert
                0x00003552       0x54 ./drivers/fsl_clock.o
 .text.DelayLoopN
                0x000035a6       0x22 ./drivers/fsl_clock.o
                0x000035a6                DelayLoopN
 .text.DelayLoop
                0x000035c8       0x1e ./drivers/fsl_common.o
 .text.EnableIRQ
                0x000035e6       0x2c ./drivers/fsl_ctimer.o
 .text.CTIMER_GetStatusFlags
                0x00003612       0x16 ./drivers/fsl_ctimer.o
 .text.CTIMER_ClearStatusFlags
                0x00003628       0x1a ./drivers/fsl_ctimer.o
 .text.CTIMER1_DriverIRQHandler
                0x00003642       0x14 ./drivers/fsl_ctimer.o
                0x00003642                CTIMER1_DriverIRQHandler
 .text.FLEXCOMM_PeripheralIsPresent
                0x00003656       0x62 ./drivers/fsl_flexcomm.o
 .text.FLEXCOMM_SetPeriph
                0x000036b8       0x74 ./drivers/fsl_flexcomm.o
 .text.RESET_PeripheralReset
                0x0000372c       0x1c ./drivers/fsl_reset.o
                0x0000372c                RESET_PeripheralReset
 .text.USART_EnableContinuousSCLK
                0x00003748       0x36 ./drivers/fsl_usart.o
 .text.CLOCK_GetOsc32kFreq
                0x0000377e       0x32 ./device/system_JN5189.o
 .text.HAL_UartGetStatus
                0x000037b0       0x20 ./component/uart/usart_adapter.o
 .text.DisableGlobalIRQ
                0x000037d0       0x20 ./component/serial_manager/serial_manager.o
 .text.EnableGlobalIRQ
                0x000037f0       0x1e ./component/serial_manager/serial_manager.o
 .text.SerialManager_StartWriting
                0x0000380e       0x48 ./component/serial_manager/serial_manager.o
 .text.SerialManager_WriteBlocking
                0x00003856       0x20 ./component/serial_manager/serial_manager.o
                0x00003856                SerialManager_WriteBlocking
 .text.BOARD_InitBootClocks
                0x00003876        0xc ./board/clock_config.o
                0x00003876                BOARD_InitBootClocks
 .text.BOARD_InitBootPeripherals
                0x00003882        0xc ./board/peripherals.o
                0x00003882                BOARD_InitBootPeripherals
 .text.IOCON_PinMuxSet
                0x0000388e       0x30 ./board/pin_mux.o
 .text.BOARD_InitBootPins
                0x000038be        0xc ./board/pin_mux.o
                0x000038be                BOARD_InitBootPins
 .text.__main   0x000038ca        0xe C:/NXP/MCUXpressoIDE_24.12.148/ide/plugins/com.nxp.mcuxpresso.tools.win32_24.12.0.202407110909/tools/bin/../lib/gcc/arm-none-eabi/13.2.1/../../../../arm-none-eabi/lib/thumb/v7e-m/nofp\libcr_nohost_nf.a(_cr__main.o)
                0x000038ca                __main
 .text.__sys_appexit
                0x000038d8        0x2 C:/NXP/MCUXpressoIDE_24.12.148/ide/plugins/com.nxp.mcuxpresso.tools.win32_24.12.0.202407110909/tools/bin/../lib/gcc/arm-none-eabi/13.2.1/../../../../arm-none-eabi/lib/thumb/v7e-m/nofp\libcr_nohost_nf.a(__sys_appexit.o)
                0x000038d8                __sys_appexit
                0x000038d8                __exit
 .text.memset   0x000038da        0x4 C:/NXP/MCUXpressoIDE_24.12.148/ide/plugins/com.nxp.mcuxpresso.tools.win32_24.12.0.202407110909/tools/bin/../lib/gcc/arm-none-eabi/13.2.1/../../../../arm-none-eabi/lib/thumb/v7e-m/nofp\libcr_c.a(memset.o)
                0x000038da                memset
 .text._deferredlazyseek
                0x000038de       0x40 C:/NXP/MCUXpressoIDE_24.12.148/ide/plugins/com.nxp.mcuxpresso.tools.win32_24.12.0.202407110909/tools/bin/../lib/gcc/arm-none-eabi/13.2.1/../../../../arm-none-eabi/lib/thumb/v7e-m/nofp\libcr_c.a(_deferredlazyseek.o)
                0x000038de                _deferredlazyseek
 .text.__flsbuf
                0x0000391e      0x126 C:/NXP/MCUXpressoIDE_24.12.148/ide/plugins/com.nxp.mcuxpresso.tools.win32_24.12.0.202407110909/tools/bin/../lib/gcc/arm-none-eabi/13.2.1/../../../../arm-none-eabi/lib/thumb/v7e-m/nofp\libcr_c.a(_deferredlazyseek.o)
                0x0000391e                __flsbuf
 .text._fflush  0x00003a44       0x52 C:/NXP/MCUXpressoIDE_24.12.148/ide/plugins/com.nxp.mcuxpresso.tools.win32_24.12.0.202407110909/tools/bin/../lib/gcc/arm-none-eabi/13.2.1/../../../../arm-none-eabi/lib/thumb/v7e-m/nofp\libcr_c.a(_fflush.o)
                0x00003a44                _fflush
 .text.free     0x00003a96       0x30 C:/NXP/MCUXpressoIDE_24.12.148/ide/plugins/com.nxp.mcuxpresso.tools.win32_24.12.0.202407110909/tools/bin/../lib/gcc/arm-none-eabi/13.2.1/../../../../arm-none-eabi/lib/thumb/v7e-m/nofp\libcr_c.a(alloc.o)
                0x00003a96                free
 .text.fputs    0x00003ac6       0x2c C:/NXP/MCUXpressoIDE_24.12.148/ide/plugins/com.nxp.mcuxpresso.tools.win32_24.12.0.202407110909/tools/bin/../lib/gcc/arm-none-eabi/13.2.1/../../../../arm-none-eabi/lib/thumb/v7e-m/nofp\libcr_c.a(fputs.o)
                0x00003ac6                fputs
 .text.setvbuf  0x00003af2       0x3e C:/NXP/MCUXpressoIDE_24.12.148/ide/plugins/com.nxp.mcuxpresso.tools.win32_24.12.0.202407110909/tools/bin/../lib/gcc/arm-none-eabi/13.2.1/../../../../arm-none-eabi/lib/thumb/v7e-m/nofp\libcr_c.a(setvbuf.o)
                0x00003af2                setvbuf
 .text.abs      0x00003b30        0x8 C:/NXP/MCUXpressoIDE_24.12.148/ide/plugins/com.nxp.mcuxpresso.tools.win32_24.12.0.202407110909/tools/bin/../lib/gcc/arm-none-eabi/13.2.1/../../../../arm-none-eabi/lib/thumb/v7e-m/nofp\libcr_c.a(stdlib.o)
                0x00003b30                abs
 .text.strlen   0x00003b38       0x4e C:/NXP/MCUXpressoIDE_24.12.148/ide/plugins/com.nxp.mcuxpresso.tools.win32_24.12.0.202407110909/tools/bin/../lib/gcc/arm-none-eabi/13.2.1/../../../../arm-none-eabi/lib/thumb/v7e-m/nofp\libcr_c.a(strlen.o)
                0x00003b38                strlen
 .text._fdopen  0x00003b86       0x68 C:/NXP/MCUXpressoIDE_24.12.148/ide/plugins/com.nxp.mcuxpresso.tools.win32_24.12.0.202407110909/tools/bin/../lib/gcc/arm-none-eabi/13.2.1/../../../../arm-none-eabi/lib/thumb/v7e-m/nofp\libcr_c.a(_fdopen.o)
                0x00003b86                _fdopen
 .text.fclose   0x00003bee       0x58 C:/NXP/MCUXpressoIDE_24.12.148/ide/plugins/com.nxp.mcuxpresso.tools.win32_24.12.0.202407110909/tools/bin/../lib/gcc/arm-none-eabi/13.2.1/../../../../arm-none-eabi/lib/thumb/v7e-m/nofp\libcr_c.a(fclose.o)
                0x00003bee                fclose
 .text.remove   0x00003c46       0x14 C:/NXP/MCUXpressoIDE_24.12.148/ide/plugins/com.nxp.mcuxpresso.tools.win32_24.12.0.202407110909/tools/bin/../lib/gcc/arm-none-eabi/13.2.1/../../../../arm-none-eabi/lib/thumb/v7e-m/nofp\libcr_c.a(remove.o)
                0x00003c46                remove
 .text._do_fflush
                0x00003c5a       0x40 C:/NXP/MCUXpressoIDE_24.12.148/ide/plugins/com.nxp.mcuxpresso.tools.win32_24.12.0.202407110909/tools/bin/../lib/gcc/arm-none-eabi/13.2.1/../../../../arm-none-eabi/lib/thumb/v7e-m/nofp\libcr_c.a(_do_fflush.o)
                0x00003c5a                _do_fflush
 .text.__aeabi_division_uldivmod
                0x00003c9a      0x174 C:/NXP/MCUXpressoIDE_24.12.148/ide/plugins/com.nxp.mcuxpresso.tools.win32_24.12.0.202407110909/tools/bin/../lib/gcc/arm-none-eabi/13.2.1/thumb/v7e-m/nofp\libcr_eabihelpers.a(division_64.o)
                0x00003c9a                __aeabi_uldivmod
                0x00003c9e                __bhs_ldivmod1
 .text.__aeabi_division_idiv0
                0x00003e0e        0x2 C:/NXP/MCUXpressoIDE_24.12.148/ide/plugins/com.nxp.mcuxpresso.tools.win32_24.12.0.202407110909/tools/bin/../lib/gcc/arm-none-eabi/13.2.1/thumb/v7e-m/nofp\libcr_eabihelpers.a(division_idiv0.o)
                0x00003e0e                __aeabi_idiv0
 .text.__aeabi_memset_lowlevel
                0x00003e10       0x32 C:/NXP/MCUXpressoIDE_24.12.148/ide/plugins/com.nxp.mcuxpresso.tools.win32_24.12.0.202407110909/tools/bin/../lib/gcc/arm-none-eabi/13.2.1/thumb/v7e-m/nofp\libcr_eabihelpers.a(memcpy.o)
                0x00003e10                __aeabi_lowlevel_memset
 .text.__sys_close
                0x00003e42        0x6 C:/NXP/MCUXpressoIDE_24.12.148/ide/plugins/com.nxp.mcuxpresso.tools.win32_24.12.0.202407110909/tools/bin/../lib/gcc/arm-none-eabi/13.2.1/../../../../arm-none-eabi/lib/thumb/v7e-m/nofp\libcr_nohost_nf.a(__sys_close.o)
                0x00003e42                __sys_close
 .text.__sys_flen
                0x00003e48        0x6 C:/NXP/MCUXpressoIDE_24.12.148/ide/plugins/com.nxp.mcuxpresso.tools.win32_24.12.0.202407110909/tools/bin/../lib/gcc/arm-none-eabi/13.2.1/../../../../arm-none-eabi/lib/thumb/v7e-m/nofp\libcr_nohost_nf.a(__sys_flen.o)
                0x00003e48                __sys_flen
 .text.__sys_istty
                0x00003e4e        0x6 C:/NXP/MCUXpressoIDE_24.12.148/ide/plugins/com.nxp.mcuxpresso.tools.win32_24.12.0.202407110909/tools/bin/../lib/gcc/arm-none-eabi/13.2.1/../../../../arm-none-eabi/lib/thumb/v7e-m/nofp\libcr_nohost_nf.a(__sys_istty.o)
                0x00003e4e                __sys_istty
 .text.__sys_remove
                0x00003e54        0x6 C:/NXP/MCUXpressoIDE_24.12.148/ide/plugins/com.nxp.mcuxpresso.tools.win32_24.12.0.202407110909/tools/bin/../lib/gcc/arm-none-eabi/13.2.1/../../../../arm-none-eabi/lib/thumb/v7e-m/nofp\libcr_nohost_nf.a(__sys_remove.o)
                0x00003e54                __sys_remove
 .text.__sys_seek
                0x00003e5a        0x6 C:/NXP/MCUXpressoIDE_24.12.148/ide/plugins/com.nxp.mcuxpresso.tools.win32_24.12.0.202407110909/tools/bin/../lib/gcc/arm-none-eabi/13.2.1/../../../../arm-none-eabi/lib/thumb/v7e-m/nofp\libcr_nohost_nf.a(__sys_seek.o)
                0x00003e5a                __sys_seek
 .text.__sys_tmpnam
                0x00003e60        0x6 C:/NXP/MCUXpressoIDE_24.12.148/ide/plugins/com.nxp.mcuxpresso.tools.win32_24.12.0.202407110909/tools/bin/../lib/gcc/arm-none-eabi/13.2.1/../../../../arm-none-eabi/lib/thumb/v7e-m/nofp\libcr_nohost_nf.a(__sys_tmpnam.o)
                0x00003e60                __sys_tmpnam
 .text.__sys_write
                0x00003e66        0x4 C:/NXP/MCUXpressoIDE_24.12.148/ide/plugins/com.nxp.mcuxpresso.tools.win32_24.12.0.202407110909/tools/bin/../lib/gcc/arm-none-eabi/13.2.1/../../../../arm-none-eabi/lib/thumb/v7e-m/nofp\libcr_nohost_nf.a(__sys_write.o)
                0x00003e66                __sys_write
 *(SORT_BY_ALIGNMENT(.rodata) SORT_BY_ALIGNMENT(.rodata.*) SORT_BY_ALIGNMENT(.constdata) SORT_BY_ALIGNMENT(.constdata.*))
 *fill*         0x00003e6a        0x2 ff
 .rodata.DbgConsole_SendDataReliable.str1.4
                0x00003e6c      0x8b8 ./utilities/fsl_debug_console.o
                                 0x4c (size before relaxing)
 .rodata.DbgConsole_Init.str1.4
                0x00004724       0xca ./utilities/fsl_debug_console.o
 .rodata.main.str1.4
                0x00004724        0x5 ./source/JN5189_Project.o
 .rodata.ADC_GetInstance.str1.4
                0x00004724       0x31 ./drivers/fsl_adc.o
 .rodata.ADC_Init.str1.4
                0x00004724       0x1e ./drivers/fsl_adc.o
 .rodata.ADC_SetConvSeqAConfig.str1.4
                0x00004724       0x1f ./drivers/fsl_adc.o
 .rodata.ADC_GetChannelConversionResult.str1.4
                0x00004724       0x48 ./drivers/fsl_adc.o
 .rodata.CLOCK_XtalBasicTrim.str1.4
                0x00004724       0x2f ./drivers/fsl_clock.o
 .rodata.SDK_DelayAtLeastUs.str1.4
                0x00004724       0x4b ./drivers/fsl_common.o
 .rodata.s_ctimerBases
                0x00004724        0x8 ./drivers/fsl_ctimer.o
 .rodata.s_ctimerClocks
                0x0000472c        0x8 ./drivers/fsl_ctimer.o
 .rodata.s_ctimerResets
                0x00004734        0x8 ./drivers/fsl_ctimer.o
 .rodata.s_ctimerIRQ
                0x0000473c        0x2 ./drivers/fsl_ctimer.o
 .rodata.CTIMER_GetInstance.str1.4
                0x0000473e       0x2e ./drivers/fsl_ctimer.o
 .rodata.CTIMER_Init.str1.4
                0x0000473e       0x19 ./drivers/fsl_ctimer.o
 .rodata.CTIMER_GetDefaultConfig.str1.4
                0x0000473e       0x1a ./drivers/fsl_ctimer.o
 *fill*         0x0000473e        0x2 ff
 .rodata.s_flexcommBaseAddrs
                0x00004740       0x1c ./drivers/fsl_flexcomm.o
 .rodata.s_flexcommClocks
                0x0000475c       0x1c ./drivers/fsl_flexcomm.o
 .rodata.s_flexcommResets
                0x00004778       0x1c ./drivers/fsl_flexcomm.o
 .rodata.FLEXCOMM_GetInstance.str1.4
                0x00004794       0x1a ./drivers/fsl_flexcomm.o
 .rodata.FLEXCOMM0_DriverIRQHandler.str1.4
                0x00004794       0x2d ./drivers/fsl_flexcomm.o
 .rodata.FLEXCOMM1_DriverIRQHandler.str1.4
                0x00004794       0x2d ./drivers/fsl_flexcomm.o
 .rodata.FLEXCOMM2_DriverIRQHandler.str1.4
                0x00004794       0x2d ./drivers/fsl_flexcomm.o
 .rodata.FLEXCOMM3_DriverIRQHandler.str1.4
                0x00004794       0x2d ./drivers/fsl_flexcomm.o
 .rodata.FLEXCOMM4_DriverIRQHandler.str1.4
                0x00004794       0x2d ./drivers/fsl_flexcomm.o
 .rodata.FLEXCOMM5_DriverIRQHandler.str1.4
                0x00004794       0x2d ./drivers/fsl_flexcomm.o
 .rodata.FLEXCOMM6_DriverIRQHandler.str1.4
                0x00004794       0x2d ./drivers/fsl_flexcomm.o
 .rodata.RESET_SetPeripheralReset.str1.4
                0x00004794       0x1e ./drivers/fsl_reset.o
 .rodata.RESET_ClearPeripheralReset.str1.4
                0x00004794       0x1e ./drivers/fsl_reset.o
 .rodata.USART_Init.str1.4
                0x00004794       0x4e ./drivers/fsl_usart.o
 .rodata.USART_GetDefaultConfig.str1.4
                0x00004794       0x21 ./drivers/fsl_usart.o
 .rodata.USART_SetBaudRate.str1.4
                0x00004794       0x51 ./drivers/fsl_usart.o
 .rodata.USART_WriteBlocking.str1.4
                0x00004794       0x36 ./drivers/fsl_usart.o
 .rodata.s_UsartAdapterBase
                0x00004794        0x8 ./component/uart/usart_adapter.o
 .rodata.HAL_UartInit.str1.4
                0x0000479c       0xdb ./component/uart/usart_adapter.o
 .rodata.HAL_UartSendBlocking.str1.4
                0x0000479c       0x59 ./component/uart/usart_adapter.o
 .rodata.SerialManager_Write.str1.4
                0x0000479c       0x82 ./component/serial_manager/serial_manager.o
 .rodata.SerialManager_Init.str1.4
                0x0000479c       0x44 ./component/serial_manager/serial_manager.o
 .rodata.SerialManager_OpenWriteHandle.str1.4
                0x0000479c       0x48 ./component/serial_manager/serial_manager.o
 .rodata.SerialManager_OpenReadHandle.str1.4
                0x0000479c       0x4b ./component/serial_manager/serial_manager.o
 .rodata.Serial_UartInit.str1.4
                0x0000479c       0x4e ./component/serial_manager/serial_port_uart.o
 .rodata.Serial_UartWrite.str1.4
                0x0000479c       0x68 ./component/serial_manager/serial_port_uart.o
 .rodata.BOARD_Clock32MCapacitanceCharacteristics
                0x0000479c        0xc ./board/board_utility.o
                0x0000479c                BOARD_Clock32MCapacitanceCharacteristics
 .rodata.__num_Ciob_streams
                0x000047a8        0x4 C:/NXP/MCUXpressoIDE_24.12.148/ide/plugins/com.nxp.mcuxpresso.tools.win32_24.12.0.202407110909/tools/bin/../lib/gcc/arm-none-eabi/13.2.1/../../../../arm-none-eabi/lib/thumb/v7e-m/nofp\libcr_nohost_nf.a(__ciob.o)
                0x000047a8                __num_Ciob_streams
 .rodata.__assertion_failed.str1.1
                0x000047ac       0x31 C:/NXP/MCUXpressoIDE_24.12.148/ide/plugins/com.nxp.mcuxpresso.tools.win32_24.12.0.202407110909/tools/bin/../lib/gcc/arm-none-eabi/13.2.1/../../../../arm-none-eabi/lib/thumb/v7e-m/nofp\libcr_nohost_nf.a(_cr_assert.o)
                                 0x15 (size before relaxing)
 .rodata._Csys_alloc.str1.1
                0x000047dd       0x18 C:/NXP/MCUXpressoIDE_24.12.148/ide/plugins/com.nxp.mcuxpresso.tools.win32_24.12.0.202407110909/tools/bin/../lib/gcc/arm-none-eabi/13.2.1/../../../../arm-none-eabi/lib/thumb/v7e-m/nofp\libcr_c.a(alloc.o)
 .rodata._initio.str1.1
                0x000047dd        0x4 C:/NXP/MCUXpressoIDE_24.12.148/ide/plugins/com.nxp.mcuxpresso.tools.win32_24.12.0.202407110909/tools/bin/../lib/gcc/arm-none-eabi/13.2.1/../../../../arm-none-eabi/lib/thumb/v7e-m/nofp\libcr_c.a(initio.o)
                0x00004878                        . = ALIGN (0x4)
 *fill*         0x000047dd        0x3 ff

.glue_7         0x000047e0        0x0
 .glue_7        0x000047e0        0x0 linker stubs

.glue_7t        0x000047e0        0x0
 .glue_7t       0x000047e0        0x0 linker stubs

.vfp11_veneer   0x000047e0        0x0
 .vfp11_veneer  0x000047e0        0x0 linker stubs

.v4_bx          0x000047e0        0x0
 .v4_bx         0x000047e0        0x0 linker stubs

.iplt           0x000047e0        0x0
 .iplt          0x000047e0        0x0 ./utilities/fsl_debug_console.o

.rel.dyn        0x000047e0        0x0
 .rel.iplt      0x000047e0        0x0 ./utilities/fsl_debug_console.o

.ARM.extab
 *(SORT_BY_ALIGNMENT(.ARM.extab*) SORT_BY_ALIGNMENT(.gnu.linkonce.armextab.*))

.ARM.exidx      0x000047e0        0x0
                0x000047e0                        __exidx_start = .
 *(SORT_BY_ALIGNMENT(.ARM.exidx*) SORT_BY_ALIGNMENT(.gnu.linkonce.armexidx.*))
                0x000047e0                        __exidx_end = .
                0x000047e0                        _etext = .

.data_RAM2      0x04020000        0x0 load address 0x000047e0
 FILL mask 0xff
                [!provide]                        PROVIDE (__start_data_RAM2 = .)
                [!provide]                        PROVIDE (__start_data_SRAM1 = .)
 *(SORT_BY_ALIGNMENT(.ramfunc.$RAM2))
 *(SORT_BY_ALIGNMENT(.ramfunc.$SRAM1))
 *(SORT_BY_ALIGNMENT(.data.$RAM2))
 *(SORT_BY_ALIGNMENT(.data.$SRAM1))
 *(SORT_BY_ALIGNMENT(.data.$RAM2.*))
 *(SORT_BY_ALIGNMENT(.data.$SRAM1.*))
                0x04020000                        . = ALIGN (0x4)
                [!provide]                        PROVIDE (__end_data_RAM2 = .)
                [!provide]                        PROVIDE (__end_data_SRAM1 = .)

.uninit_RESERVED
                0x04000000        0x0
                0x04000000                        _start_uninit_RESERVED = .
 *(SORT_BY_ALIGNMENT(.bss.$RESERVED*))
                0x04000000                        . = ALIGN (0x4)
                0x04000000                        _end_uninit_RESERVED = .

.data           0x04000000        0x4 load address 0x000047e0
 FILL mask 0xff
                0x04000000                        _data = .
                [!provide]                        PROVIDE (__start_data_RAM = .)
                [!provide]                        PROVIDE (__start_data_SRAM = .)
 *(SORT_BY_ALIGNMENT(vtable))
 *(SORT_BY_ALIGNMENT(.ramfunc*))
 *(SORT_BY_ALIGNMENT(CodeQuickAccess))
 *(SORT_BY_ALIGNMENT(DataQuickAccess))
 *(SORT_BY_ALIGNMENT(RamFunction))
 *(SORT_BY_ALIGNMENT(.data*))
 .data.SystemCoreClock
                0x04000000        0x4 ./device/system_JN5189.o
                0x04000000                SystemCoreClock
                0x04000004                        . = ALIGN (0x4)
                0x04000004                        _edata = .
                [!provide]                        PROVIDE (__end_data_RAM = .)
                [!provide]                        PROVIDE (__end_data_SRAM = .)

.igot.plt       0x04000004        0x0 load address 0x000047e4
 .igot.plt      0x04000004        0x0 ./utilities/fsl_debug_console.o

.bss_RAM2       0x04020000        0x0
                [!provide]                        PROVIDE (__start_bss_RAM2 = .)
                [!provide]                        PROVIDE (__start_bss_SRAM1 = .)
 *(SORT_BY_ALIGNMENT(.bss.$RAM2))
 *(SORT_BY_ALIGNMENT(.bss.$SRAM1))
 *(SORT_BY_ALIGNMENT(.bss.$RAM2.*))
 *(SORT_BY_ALIGNMENT(.bss.$SRAM1.*))
                0x04020000                        . = ALIGN ((. != 0x0)?0x4:0x1)
                [!provide]                        PROVIDE (__end_bss_RAM2 = .)
                [!provide]                        PROVIDE (__end_bss_SRAM1 = .)

.bss            0x04000004      0x158
                0x04000004                        _bss = .
                [!provide]                        PROVIDE (__start_bss_RAM = .)
                [!provide]                        PROVIDE (__start_bss_SRAM = .)
 *(SORT_BY_ALIGNMENT(.bss*))
 .bss.s_debugConsoleState
                0x04000004       0x1c ./utilities/fsl_debug_console.o
 .bss.g_serialHandle
                0x04000020        0x4 ./utilities/fsl_debug_console.o
                0x04000020                g_serialHandle
 .bss.adcResultValue
                0x04000024        0x4 ./source/JN5189_Project.o
                0x04000024                adcResultValue
 .bss.adcBuffer
                0x04000028       0x20 ./source/JN5189_Project.o
                0x04000028                adcBuffer
 .bss.runningSum
                0x04000048        0x4 ./source/JN5189_Project.o
                0x04000048                runningSum
 .bss.finalVal  0x0400004c        0x4 ./source/JN5189_Project.o
                0x0400004c                finalVal
 .bss.s_ctimerCallback
                0x04000050        0x8 ./drivers/fsl_ctimer.o
 .bss.ctimerCallbackType
                0x04000058        0x2 ./drivers/fsl_ctimer.o
 *fill*         0x0400005a        0x2 
 .bss.s_flexcommIrqHandler
                0x0400005c       0x1c ./drivers/fsl_flexcomm.o
 .bss.s_flexcommHandle
                0x04000078       0x1c ./drivers/fsl_flexcomm.o
 .bss.__Ciob    0x04000094       0xb4 C:/NXP/MCUXpressoIDE_24.12.148/ide/plugins/com.nxp.mcuxpresso.tools.win32_24.12.0.202407110909/tools/bin/../lib/gcc/arm-none-eabi/13.2.1/../../../../arm-none-eabi/lib/thumb/v7e-m/nofp\libcr_nohost_nf.a(__ciob.o)
                0x04000094                __Ciob
 .bss.__end_of_heap
                0x04000148        0x4 C:/NXP/MCUXpressoIDE_24.12.148/ide/plugins/com.nxp.mcuxpresso.tools.win32_24.12.0.202407110909/tools/bin/../lib/gcc/arm-none-eabi/13.2.1/../../../../arm-none-eabi/lib/thumb/v7e-m/nofp\libcr_c.a(__init_alloc.o)
                0x04000148                __end_of_heap
 .bss.__heaps   0x0400014c        0x4 C:/NXP/MCUXpressoIDE_24.12.148/ide/plugins/com.nxp.mcuxpresso.tools.win32_24.12.0.202407110909/tools/bin/../lib/gcc/arm-none-eabi/13.2.1/../../../../arm-none-eabi/lib/thumb/v7e-m/nofp\libcr_c.a(__init_alloc.o)
                0x0400014c                __heaps
 .bss.errno     0x04000150        0x4 C:/NXP/MCUXpressoIDE_24.12.148/ide/plugins/com.nxp.mcuxpresso.tools.win32_24.12.0.202407110909/tools/bin/../lib/gcc/arm-none-eabi/13.2.1/../../../../arm-none-eabi/lib/thumb/v7e-m/nofp\libcr_c.a(errno.o)
                0x04000150                errno
 .bss.currentMean
                0x04000154        0x2 ./source/JN5189_Project.o
                0x04000154                currentMean
 .bss.isNewDataReady
                0x04000156        0x1 ./source/JN5189_Project.o
                0x04000156                isNewDataReady
 .bss.bufIndex  0x04000157        0x1 ./source/JN5189_Project.o
                0x04000157                bufIndex
 .bss.diagTimer
                0x04000158        0x1 ./source/JN5189_Project.o
                0x04000158                diagTimer
 .bss.diagADC   0x04000159        0x1 ./source/JN5189_Project.o
                0x04000159                diagADC
 *(SORT_BY_ALIGNMENT(COMMON))
                0x0400015c                        . = ALIGN (0x4)
 *fill*         0x0400015a        0x2 
                0x0400015c                        _ebss = .
                [!provide]                        PROVIDE (__end_bss_RAM = .)
                [!provide]                        PROVIDE (__end_bss_SRAM = .)
                [!provide]                        PROVIDE (end = .)

.noinit_RAM2    0x04020000        0x0
                [!provide]                        PROVIDE (__start_noinit_RAM2 = .)
                [!provide]                        PROVIDE (__start_noinit_SRAM1 = .)
 *(SORT_BY_ALIGNMENT(.noinit.$RAM2))
 *(SORT_BY_ALIGNMENT(.noinit.$SRAM1))
 *(SORT_BY_ALIGNMENT(.noinit.$RAM2.*))
 *(SORT_BY_ALIGNMENT(.noinit.$SRAM1.*))
                0x04020000                        . = ALIGN (0x4)
                [!provide]                        PROVIDE (__end_noinit_RAM2 = .)
                [!provide]                        PROVIDE (__end_noinit_SRAM1 = .)

.noinit         0x0400015c        0x0
                0x0400015c                        _noinit = .
                [!provide]                        PROVIDE (__start_noinit_RAM = .)
                [!provide]                        PROVIDE (__start_noinit_SRAM = .)
 *(SORT_BY_ALIGNMENT(.noinit*))
                0x0400015c                        . = ALIGN (0x4)
                0x0400015c                        _end_noinit = .
                [!provide]                        PROVIDE (__end_noinit_RAM = .)
                [!provide]                        PROVIDE (__end_noinit_SRAM = .)
                0x00001000                        _HeapSize = 0x1000

.heap           0x0400015c     0x1000
                0x0400015c                        _pvHeapStart = .
                0x0400115c                        . = (. + _HeapSize)
 *fill*         0x0400015c     0x1000 
                0x0400115c                        . = ALIGN (0x4)
                0x0400115c                        _pvHeapLimit = .
                0x00001000                        _StackSize = 0x1000

.heap2stackfill
                0x0400115c     0x1000
                0x0400215c                        . = (. + _StackSize)
 *fill*         0x0400115c     0x1000 

.stack          0x04014fe0        0x0
                0x04014fe0                        _vStackBase = .
                0x04014fe0                        . = ALIGN (0x4)
                0x04015fe0                        _vStackTop = (. + _StackSize)
                0x00000000                        _image_start = LOADADDR (.text)
                0x000047e4                        _image_end = (LOADADDR (.data) + SIZEOF (.data))
                0x000047e4                        _image_size = (_image_end - _image_start)
OUTPUT(JN5189_Project.axf elf32-littlearm)
LOAD linker stubs

.debug_info     0x00000000    0x1865b
 .debug_info    0x00000000     0x1586 ./utilities/fsl_debug_console.o
 .debug_info    0x00001586      0x51f ./utilities/fsl_str.o
 .debug_info    0x00001aa5     0x1691 ./startup/startup_jn5189.o
 .debug_info    0x00003136     0x2104 ./source/JN5189_Project.o
 .debug_info    0x0000523a       0x3c ./source/semihost_hardfault.o
 .debug_info    0x00005276     0x17a0 ./drivers/fsl_adc.o
 .debug_info    0x00006a16     0x2164 ./drivers/fsl_clock.o
 .debug_info    0x00008b7a     0x10db ./drivers/fsl_common.o
 .debug_info    0x00009c55     0x1e62 ./drivers/fsl_ctimer.o
 .debug_info    0x0000bab7     0x16f3 ./drivers/fsl_flexcomm.o
 .debug_info    0x0000d1aa      0xe7c ./drivers/fsl_reset.o
 .debug_info    0x0000e026     0x1fbb ./drivers/fsl_usart.o
 .debug_info    0x0000ffe1     0x10e0 ./device/system_JN5189.o
 .debug_info    0x000110c1     0x159c ./component/uart/usart_adapter.o
 .debug_info    0x0001265d      0x8e2 ./component/serial_manager/serial_manager.o
 .debug_info    0x00012f3f      0x536 ./component/serial_manager/serial_port_uart.o
 .debug_info    0x00013475      0x35a ./board/board.o
 .debug_info    0x000137cf     0x1125 ./board/board_utility.o
 .debug_info    0x000148f4      0x50d ./board/clock_config.o
 .debug_info    0x00014e01       0x3c ./board/peripherals.o
 .debug_info    0x00014e3d      0x377 ./board/pin_mux.o
 .debug_info    0x000151b4       0x85 C:/NXP/MCUXpressoIDE_24.12.148/ide/plugins/com.nxp.mcuxpresso.tools.win32_24.12.0.202407110909/tools/bin/../lib/gcc/arm-none-eabi/13.2.1/../../../../arm-none-eabi/lib/thumb/v7e-m/nofp\libcr_nohost_nf.a(_cr__main.o)
 .debug_info    0x00015239      0x235 C:/NXP/MCUXpressoIDE_24.12.148/ide/plugins/com.nxp.mcuxpresso.tools.win32_24.12.0.202407110909/tools/bin/../lib/gcc/arm-none-eabi/13.2.1/../../../../arm-none-eabi/lib/thumb/v7e-m/nofp\libcr_nohost_nf.a(_cr_assert.o)
 .debug_info    0x0001546e      0x18b C:/NXP/MCUXpressoIDE_24.12.148/ide/plugins/com.nxp.mcuxpresso.tools.win32_24.12.0.202407110909/tools/bin/../lib/gcc/arm-none-eabi/13.2.1/../../../../arm-none-eabi/lib/thumb/v7e-m/nofp\libcr_nohost_nf.a(__ciob.o)
 .debug_info    0x000155f9       0x38 C:/NXP/MCUXpressoIDE_24.12.148/ide/plugins/com.nxp.mcuxpresso.tools.win32_24.12.0.202407110909/tools/bin/../lib/gcc/arm-none-eabi/13.2.1/../../../../arm-none-eabi/lib/thumb/v7e-m/nofp\libcr_nohost_nf.a(__sys_appexit.o)
 .debug_info    0x00015631       0xfc C:/NXP/MCUXpressoIDE_24.12.148/ide/plugins/com.nxp.mcuxpresso.tools.win32_24.12.0.202407110909/tools/bin/../lib/gcc/arm-none-eabi/13.2.1/../../../../arm-none-eabi/lib/thumb/v7e-m/nofp\libcr_c.a(memset.o)
 .debug_info    0x0001572d      0x369 C:/NXP/MCUXpressoIDE_24.12.148/ide/plugins/com.nxp.mcuxpresso.tools.win32_24.12.0.202407110909/tools/bin/../lib/gcc/arm-none-eabi/13.2.1/../../../../arm-none-eabi/lib/thumb/v7e-m/nofp\libcr_c.a(_deferredlazyseek.o)
 .debug_info    0x00015a96      0x1e3 C:/NXP/MCUXpressoIDE_24.12.148/ide/plugins/com.nxp.mcuxpresso.tools.win32_24.12.0.202407110909/tools/bin/../lib/gcc/arm-none-eabi/13.2.1/../../../../arm-none-eabi/lib/thumb/v7e-m/nofp\libcr_c.a(_fflush.o)
 .debug_info    0x00015c79      0x289 C:/NXP/MCUXpressoIDE_24.12.148/ide/plugins/com.nxp.mcuxpresso.tools.win32_24.12.0.202407110909/tools/bin/../lib/gcc/arm-none-eabi/13.2.1/../../../../arm-none-eabi/lib/thumb/v7e-m/nofp\libcr_c.a(_writebuf.o)
 .debug_info    0x00015f02      0x520 C:/NXP/MCUXpressoIDE_24.12.148/ide/plugins/com.nxp.mcuxpresso.tools.win32_24.12.0.202407110909/tools/bin/../lib/gcc/arm-none-eabi/13.2.1/../../../../arm-none-eabi/lib/thumb/v7e-m/nofp\libcr_c.a(alloc.o)
 .debug_info    0x00016422      0x1e0 C:/NXP/MCUXpressoIDE_24.12.148/ide/plugins/com.nxp.mcuxpresso.tools.win32_24.12.0.202407110909/tools/bin/../lib/gcc/arm-none-eabi/13.2.1/../../../../arm-none-eabi/lib/thumb/v7e-m/nofp\libcr_c.a(fputs.o)
 .debug_info    0x00016602      0x276 C:/NXP/MCUXpressoIDE_24.12.148/ide/plugins/com.nxp.mcuxpresso.tools.win32_24.12.0.202407110909/tools/bin/../lib/gcc/arm-none-eabi/13.2.1/../../../../arm-none-eabi/lib/thumb/v7e-m/nofp\libcr_c.a(fseek.o)
 .debug_info    0x00016878      0x197 C:/NXP/MCUXpressoIDE_24.12.148/ide/plugins/com.nxp.mcuxpresso.tools.win32_24.12.0.202407110909/tools/bin/../lib/gcc/arm-none-eabi/13.2.1/../../../../arm-none-eabi/lib/thumb/v7e-m/nofp\libcr_c.a(ftell.o)
 .debug_info    0x00016a0f      0x339 C:/NXP/MCUXpressoIDE_24.12.148/ide/plugins/com.nxp.mcuxpresso.tools.win32_24.12.0.202407110909/tools/bin/../lib/gcc/arm-none-eabi/13.2.1/../../../../arm-none-eabi/lib/thumb/v7e-m/nofp\libcr_c.a(initio.o)
 .debug_info    0x00016d48      0x1fd C:/NXP/MCUXpressoIDE_24.12.148/ide/plugins/com.nxp.mcuxpresso.tools.win32_24.12.0.202407110909/tools/bin/../lib/gcc/arm-none-eabi/13.2.1/../../../../arm-none-eabi/lib/thumb/v7e-m/nofp\libcr_c.a(setvbuf.o)
 .debug_info    0x00016f45      0x4bb C:/NXP/MCUXpressoIDE_24.12.148/ide/plugins/com.nxp.mcuxpresso.tools.win32_24.12.0.202407110909/tools/bin/../lib/gcc/arm-none-eabi/13.2.1/../../../../arm-none-eabi/lib/thumb/v7e-m/nofp\libcr_c.a(stdlib.o)
 .debug_info    0x00017400       0xe1 C:/NXP/MCUXpressoIDE_24.12.148/ide/plugins/com.nxp.mcuxpresso.tools.win32_24.12.0.202407110909/tools/bin/../lib/gcc/arm-none-eabi/13.2.1/../../../../arm-none-eabi/lib/thumb/v7e-m/nofp\libcr_c.a(strlen.o)
 .debug_info    0x000174e1       0xd4 C:/NXP/MCUXpressoIDE_24.12.148/ide/plugins/com.nxp.mcuxpresso.tools.win32_24.12.0.202407110909/tools/bin/../lib/gcc/arm-none-eabi/13.2.1/../../../../arm-none-eabi/lib/thumb/v7e-m/nofp\libcr_c.a(__init_alloc.o)
 .debug_info    0x000175b5      0x107 C:/NXP/MCUXpressoIDE_24.12.148/ide/plugins/com.nxp.mcuxpresso.tools.win32_24.12.0.202407110909/tools/bin/../lib/gcc/arm-none-eabi/13.2.1/../../../../arm-none-eabi/lib/thumb/v7e-m/nofp\libcr_c.a(_cr_sbrk.o)
 .debug_info    0x000176bc      0x24b C:/NXP/MCUXpressoIDE_24.12.148/ide/plugins/com.nxp.mcuxpresso.tools.win32_24.12.0.202407110909/tools/bin/../lib/gcc/arm-none-eabi/13.2.1/../../../../arm-none-eabi/lib/thumb/v7e-m/nofp\libcr_c.a(_fdopen.o)
 .debug_info    0x00017907       0x44 C:/NXP/MCUXpressoIDE_24.12.148/ide/plugins/com.nxp.mcuxpresso.tools.win32_24.12.0.202407110909/tools/bin/../lib/gcc/arm-none-eabi/13.2.1/../../../../arm-none-eabi/lib/thumb/v7e-m/nofp\libcr_c.a(errno.o)
 .debug_info    0x0001794b      0x318 C:/NXP/MCUXpressoIDE_24.12.148/ide/plugins/com.nxp.mcuxpresso.tools.win32_24.12.0.202407110909/tools/bin/../lib/gcc/arm-none-eabi/13.2.1/../../../../arm-none-eabi/lib/thumb/v7e-m/nofp\libcr_c.a(fclose.o)
 .debug_info    0x00017c63      0x209 C:/NXP/MCUXpressoIDE_24.12.148/ide/plugins/com.nxp.mcuxpresso.tools.win32_24.12.0.202407110909/tools/bin/../lib/gcc/arm-none-eabi/13.2.1/../../../../arm-none-eabi/lib/thumb/v7e-m/nofp\libcr_c.a(fflush.o)
 .debug_info    0x00017e6c      0x1d7 C:/NXP/MCUXpressoIDE_24.12.148/ide/plugins/com.nxp.mcuxpresso.tools.win32_24.12.0.202407110909/tools/bin/../lib/gcc/arm-none-eabi/13.2.1/../../../../arm-none-eabi/lib/thumb/v7e-m/nofp\libcr_c.a(remove.o)
 .debug_info    0x00018043       0x78 C:/NXP/MCUXpressoIDE_24.12.148/ide/plugins/com.nxp.mcuxpresso.tools.win32_24.12.0.202407110909/tools/bin/../lib/gcc/arm-none-eabi/13.2.1/../../../../arm-none-eabi/lib/thumb/v7e-m/nofp\libcr_c.a(_cr_check_heap.o)
 .debug_info    0x000180bb      0x23a C:/NXP/MCUXpressoIDE_24.12.148/ide/plugins/com.nxp.mcuxpresso.tools.win32_24.12.0.202407110909/tools/bin/../lib/gcc/arm-none-eabi/13.2.1/../../../../arm-none-eabi/lib/thumb/v7e-m/nofp\libcr_c.a(_do_fflush.o)
 .debug_info    0x000182f5       0x6a C:/NXP/MCUXpressoIDE_24.12.148/ide/plugins/com.nxp.mcuxpresso.tools.win32_24.12.0.202407110909/tools/bin/../lib/gcc/arm-none-eabi/13.2.1/../../../../arm-none-eabi/lib/thumb/v7e-m/nofp\libcr_nohost_nf.a(__sys_close.o)
 .debug_info    0x0001835f       0x6a C:/NXP/MCUXpressoIDE_24.12.148/ide/plugins/com.nxp.mcuxpresso.tools.win32_24.12.0.202407110909/tools/bin/../lib/gcc/arm-none-eabi/13.2.1/../../../../arm-none-eabi/lib/thumb/v7e-m/nofp\libcr_nohost_nf.a(__sys_flen.o)
 .debug_info    0x000183c9       0x6a C:/NXP/MCUXpressoIDE_24.12.148/ide/plugins/com.nxp.mcuxpresso.tools.win32_24.12.0.202407110909/tools/bin/../lib/gcc/arm-none-eabi/13.2.1/../../../../arm-none-eabi/lib/thumb/v7e-m/nofp\libcr_nohost_nf.a(__sys_istty.o)
 .debug_info    0x00018433       0x8a C:/NXP/MCUXpressoIDE_24.12.148/ide/plugins/com.nxp.mcuxpresso.tools.win32_24.12.0.202407110909/tools/bin/../lib/gcc/arm-none-eabi/13.2.1/../../../../arm-none-eabi/lib/thumb/v7e-m/nofp\libcr_nohost_nf.a(__sys_remove.o)
 .debug_info    0x000184bd       0x78 C:/NXP/MCUXpressoIDE_24.12.148/ide/plugins/com.nxp.mcuxpresso.tools.win32_24.12.0.202407110909/tools/bin/../lib/gcc/arm-none-eabi/13.2.1/../../../../arm-none-eabi/lib/thumb/v7e-m/nofp\libcr_nohost_nf.a(__sys_seek.o)
 .debug_info    0x00018535       0x93 C:/NXP/MCUXpressoIDE_24.12.148/ide/plugins/com.nxp.mcuxpresso.tools.win32_24.12.0.202407110909/tools/bin/../lib/gcc/arm-none-eabi/13.2.1/../../../../arm-none-eabi/lib/thumb/v7e-m/nofp\libcr_nohost_nf.a(__sys_tmpnam.o)
 .debug_info    0x000185c8       0x93 C:/NXP/MCUXpressoIDE_24.12.148/ide/plugins/com.nxp.mcuxpresso.tools.win32_24.12.0.202407110909/tools/bin/../lib/gcc/arm-none-eabi/13.2.1/../../../../arm-none-eabi/lib/thumb/v7e-m/nofp\libcr_nohost_nf.a(__sys_write.o)

.debug_abbrev   0x00000000     0x4811
 .debug_abbrev  0x00000000      0x2c1 ./utilities/fsl_debug_console.o
 .debug_abbrev  0x000002c1      0x191 ./utilities/fsl_str.o
 .debug_abbrev  0x00000452      0x245 ./startup/startup_jn5189.o
 .debug_abbrev  0x00000697      0x32d ./source/JN5189_Project.o
 .debug_abbrev  0x000009c4       0x31 ./source/semihost_hardfault.o
 .debug_abbrev  0x000009f5      0x26b ./drivers/fsl_adc.o
 .debug_abbrev  0x00000c60      0x383 ./drivers/fsl_clock.o
 .debug_abbrev  0x00000fe3      0x293 ./drivers/fsl_common.o
 .debug_abbrev  0x00001276      0x388 ./drivers/fsl_ctimer.o
 .debug_abbrev  0x000015fe      0x29b ./drivers/fsl_flexcomm.o
 .debug_abbrev  0x00001899      0x1bc ./drivers/fsl_reset.o
 .debug_abbrev  0x00001a55      0x3ac ./drivers/fsl_usart.o
 .debug_abbrev  0x00001e01      0x212 ./device/system_JN5189.o
 .debug_abbrev  0x00002013      0x27a ./component/uart/usart_adapter.o
 .debug_abbrev  0x0000228d      0x23b ./component/serial_manager/serial_manager.o
 .debug_abbrev  0x000024c8      0x164 ./component/serial_manager/serial_port_uart.o
 .debug_abbrev  0x0000262c      0x13b ./board/board.o
 .debug_abbrev  0x00002767      0x1ad ./board/board_utility.o
 .debug_abbrev  0x00002914       0xec ./board/clock_config.o
 .debug_abbrev  0x00002a00       0x31 ./board/peripherals.o
 .debug_abbrev  0x00002a31      0x163 ./board/pin_mux.o
 .debug_abbrev  0x00002b94       0x70 C:/NXP/MCUXpressoIDE_24.12.148/ide/plugins/com.nxp.mcuxpresso.tools.win32_24.12.0.202407110909/tools/bin/../lib/gcc/arm-none-eabi/13.2.1/../../../../arm-none-eabi/lib/thumb/v7e-m/nofp\libcr_nohost_nf.a(_cr__main.o)
 .debug_abbrev  0x00002c04      0x12f C:/NXP/MCUXpressoIDE_24.12.148/ide/plugins/com.nxp.mcuxpresso.tools.win32_24.12.0.202407110909/tools/bin/../lib/gcc/arm-none-eabi/13.2.1/../../../../arm-none-eabi/lib/thumb/v7e-m/nofp\libcr_nohost_nf.a(_cr_assert.o)
 .debug_abbrev  0x00002d33       0xb5 C:/NXP/MCUXpressoIDE_24.12.148/ide/plugins/com.nxp.mcuxpresso.tools.win32_24.12.0.202407110909/tools/bin/../lib/gcc/arm-none-eabi/13.2.1/../../../../arm-none-eabi/lib/thumb/v7e-m/nofp\libcr_nohost_nf.a(__ciob.o)
 .debug_abbrev  0x00002de8       0x2e C:/NXP/MCUXpressoIDE_24.12.148/ide/plugins/com.nxp.mcuxpresso.tools.win32_24.12.0.202407110909/tools/bin/../lib/gcc/arm-none-eabi/13.2.1/../../../../arm-none-eabi/lib/thumb/v7e-m/nofp\libcr_nohost_nf.a(__sys_appexit.o)
 .debug_abbrev  0x00002e16       0xa8 C:/NXP/MCUXpressoIDE_24.12.148/ide/plugins/com.nxp.mcuxpresso.tools.win32_24.12.0.202407110909/tools/bin/../lib/gcc/arm-none-eabi/13.2.1/../../../../arm-none-eabi/lib/thumb/v7e-m/nofp\libcr_c.a(memset.o)
 .debug_abbrev  0x00002ebe      0x152 C:/NXP/MCUXpressoIDE_24.12.148/ide/plugins/com.nxp.mcuxpresso.tools.win32_24.12.0.202407110909/tools/bin/../lib/gcc/arm-none-eabi/13.2.1/../../../../arm-none-eabi/lib/thumb/v7e-m/nofp\libcr_c.a(_deferredlazyseek.o)
 .debug_abbrev  0x00003010       0xf1 C:/NXP/MCUXpressoIDE_24.12.148/ide/plugins/com.nxp.mcuxpresso.tools.win32_24.12.0.202407110909/tools/bin/../lib/gcc/arm-none-eabi/13.2.1/../../../../arm-none-eabi/lib/thumb/v7e-m/nofp\libcr_c.a(_fflush.o)
 .debug_abbrev  0x00003101      0x126 C:/NXP/MCUXpressoIDE_24.12.148/ide/plugins/com.nxp.mcuxpresso.tools.win32_24.12.0.202407110909/tools/bin/../lib/gcc/arm-none-eabi/13.2.1/../../../../arm-none-eabi/lib/thumb/v7e-m/nofp\libcr_c.a(_writebuf.o)
 .debug_abbrev  0x00003227      0x284 C:/NXP/MCUXpressoIDE_24.12.148/ide/plugins/com.nxp.mcuxpresso.tools.win32_24.12.0.202407110909/tools/bin/../lib/gcc/arm-none-eabi/13.2.1/../../../../arm-none-eabi/lib/thumb/v7e-m/nofp\libcr_c.a(alloc.o)
 .debug_abbrev  0x000034ab      0x10c C:/NXP/MCUXpressoIDE_24.12.148/ide/plugins/com.nxp.mcuxpresso.tools.win32_24.12.0.202407110909/tools/bin/../lib/gcc/arm-none-eabi/13.2.1/../../../../arm-none-eabi/lib/thumb/v7e-m/nofp\libcr_c.a(fputs.o)
 .debug_abbrev  0x000035b7      0x11b C:/NXP/MCUXpressoIDE_24.12.148/ide/plugins/com.nxp.mcuxpresso.tools.win32_24.12.0.202407110909/tools/bin/../lib/gcc/arm-none-eabi/13.2.1/../../../../arm-none-eabi/lib/thumb/v7e-m/nofp\libcr_c.a(fseek.o)
 .debug_abbrev  0x000036d2       0xc2 C:/NXP/MCUXpressoIDE_24.12.148/ide/plugins/com.nxp.mcuxpresso.tools.win32_24.12.0.202407110909/tools/bin/../lib/gcc/arm-none-eabi/13.2.1/../../../../arm-none-eabi/lib/thumb/v7e-m/nofp\libcr_c.a(ftell.o)
 .debug_abbrev  0x00003794      0x169 C:/NXP/MCUXpressoIDE_24.12.148/ide/plugins/com.nxp.mcuxpresso.tools.win32_24.12.0.202407110909/tools/bin/../lib/gcc/arm-none-eabi/13.2.1/../../../../arm-none-eabi/lib/thumb/v7e-m/nofp\libcr_c.a(initio.o)
 .debug_abbrev  0x000038fd       0xe1 C:/NXP/MCUXpressoIDE_24.12.148/ide/plugins/com.nxp.mcuxpresso.tools.win32_24.12.0.202407110909/tools/bin/../lib/gcc/arm-none-eabi/13.2.1/../../../../arm-none-eabi/lib/thumb/v7e-m/nofp\libcr_c.a(setvbuf.o)
 .debug_abbrev  0x000039de      0x2b7 C:/NXP/MCUXpressoIDE_24.12.148/ide/plugins/com.nxp.mcuxpresso.tools.win32_24.12.0.202407110909/tools/bin/../lib/gcc/arm-none-eabi/13.2.1/../../../../arm-none-eabi/lib/thumb/v7e-m/nofp\libcr_c.a(stdlib.o)
 .debug_abbrev  0x00003c95       0xa7 C:/NXP/MCUXpressoIDE_24.12.148/ide/plugins/com.nxp.mcuxpresso.tools.win32_24.12.0.202407110909/tools/bin/../lib/gcc/arm-none-eabi/13.2.1/../../../../arm-none-eabi/lib/thumb/v7e-m/nofp\libcr_c.a(strlen.o)
 .debug_abbrev  0x00003d3c       0xaf C:/NXP/MCUXpressoIDE_24.12.148/ide/plugins/com.nxp.mcuxpresso.tools.win32_24.12.0.202407110909/tools/bin/../lib/gcc/arm-none-eabi/13.2.1/../../../../arm-none-eabi/lib/thumb/v7e-m/nofp\libcr_c.a(__init_alloc.o)
 .debug_abbrev  0x00003deb       0xd3 C:/NXP/MCUXpressoIDE_24.12.148/ide/plugins/com.nxp.mcuxpresso.tools.win32_24.12.0.202407110909/tools/bin/../lib/gcc/arm-none-eabi/13.2.1/../../../../arm-none-eabi/lib/thumb/v7e-m/nofp\libcr_c.a(_cr_sbrk.o)
 .debug_abbrev  0x00003ebe      0x119 C:/NXP/MCUXpressoIDE_24.12.148/ide/plugins/com.nxp.mcuxpresso.tools.win32_24.12.0.202407110909/tools/bin/../lib/gcc/arm-none-eabi/13.2.1/../../../../arm-none-eabi/lib/thumb/v7e-m/nofp\libcr_c.a(_fdopen.o)
 .debug_abbrev  0x00003fd7       0x44 C:/NXP/MCUXpressoIDE_24.12.148/ide/plugins/com.nxp.mcuxpresso.tools.win32_24.12.0.202407110909/tools/bin/../lib/gcc/arm-none-eabi/13.2.1/../../../../arm-none-eabi/lib/thumb/v7e-m/nofp\libcr_c.a(errno.o)
 .debug_abbrev  0x0000401b      0x155 C:/NXP/MCUXpressoIDE_24.12.148/ide/plugins/com.nxp.mcuxpresso.tools.win32_24.12.0.202407110909/tools/bin/../lib/gcc/arm-none-eabi/13.2.1/../../../../arm-none-eabi/lib/thumb/v7e-m/nofp\libcr_c.a(fclose.o)
 .debug_abbrev  0x00004170      0x125 C:/NXP/MCUXpressoIDE_24.12.148/ide/plugins/com.nxp.mcuxpresso.tools.win32_24.12.0.202407110909/tools/bin/../lib/gcc/arm-none-eabi/13.2.1/../../../../arm-none-eabi/lib/thumb/v7e-m/nofp\libcr_c.a(fflush.o)
 .debug_abbrev  0x00004295       0xfb C:/NXP/MCUXpressoIDE_24.12.148/ide/plugins/com.nxp.mcuxpresso.tools.win32_24.12.0.202407110909/tools/bin/../lib/gcc/arm-none-eabi/13.2.1/../../../../arm-none-eabi/lib/thumb/v7e-m/nofp\libcr_c.a(remove.o)
 .debug_abbrev  0x00004390       0x6b C:/NXP/MCUXpressoIDE_24.12.148/ide/plugins/com.nxp.mcuxpresso.tools.win32_24.12.0.202407110909/tools/bin/../lib/gcc/arm-none-eabi/13.2.1/../../../../arm-none-eabi/lib/thumb/v7e-m/nofp\libcr_c.a(_cr_check_heap.o)
 .debug_abbrev  0x000043fb      0x12c C:/NXP/MCUXpressoIDE_24.12.148/ide/plugins/com.nxp.mcuxpresso.tools.win32_24.12.0.202407110909/tools/bin/../lib/gcc/arm-none-eabi/13.2.1/../../../../arm-none-eabi/lib/thumb/v7e-m/nofp\libcr_c.a(_do_fflush.o)
 .debug_abbrev  0x00004527       0x5c C:/NXP/MCUXpressoIDE_24.12.148/ide/plugins/com.nxp.mcuxpresso.tools.win32_24.12.0.202407110909/tools/bin/../lib/gcc/arm-none-eabi/13.2.1/../../../../arm-none-eabi/lib/thumb/v7e-m/nofp\libcr_nohost_nf.a(__sys_close.o)
 .debug_abbrev  0x00004583       0x5c C:/NXP/MCUXpressoIDE_24.12.148/ide/plugins/com.nxp.mcuxpresso.tools.win32_24.12.0.202407110909/tools/bin/../lib/gcc/arm-none-eabi/13.2.1/../../../../arm-none-eabi/lib/thumb/v7e-m/nofp\libcr_nohost_nf.a(__sys_flen.o)
 .debug_abbrev  0x000045df       0x5c C:/NXP/MCUXpressoIDE_24.12.148/ide/plugins/com.nxp.mcuxpresso.tools.win32_24.12.0.202407110909/tools/bin/../lib/gcc/arm-none-eabi/13.2.1/../../../../arm-none-eabi/lib/thumb/v7e-m/nofp\libcr_nohost_nf.a(__sys_istty.o)
 .debug_abbrev  0x0000463b       0x7d C:/NXP/MCUXpressoIDE_24.12.148/ide/plugins/com.nxp.mcuxpresso.tools.win32_24.12.0.202407110909/tools/bin/../lib/gcc/arm-none-eabi/13.2.1/../../../../arm-none-eabi/lib/thumb/v7e-m/nofp\libcr_nohost_nf.a(__sys_remove.o)
 .debug_abbrev  0x000046b8       0x6d C:/NXP/MCUXpressoIDE_24.12.148/ide/plugins/com.nxp.mcuxpresso.tools.win32_24.12.0.202407110909/tools/bin/../lib/gcc/arm-none-eabi/13.2.1/../../../../arm-none-eabi/lib/thumb/v7e-m/nofp\libcr_nohost_nf.a(__sys_seek.o)
 .debug_abbrev  0x00004725       0x76 C:/NXP/MCUXpressoIDE_24.12.148/ide/plugins/com.nxp.mcuxpresso.tools.win32_24.12.0.202407110909/tools/bin/../lib/gcc/arm-none-eabi/13.2.1/../../../../arm-none-eabi/lib/thumb/v7e-m/nofp\libcr_nohost_nf.a(__sys_tmpnam.o)
 .debug_abbrev  0x0000479b       0x76 C:/NXP/MCUXpressoIDE_24.12.148/ide/plugins/com.nxp.mcuxpresso.tools.win32_24.12.0.202407110909/tools/bin/../lib/gcc/arm-none-eabi/13.2.1/../../../../arm-none-eabi/lib/thumb/v7e-m/nofp\libcr_nohost_nf.a(__sys_write.o)

.debug_aranges  0x00000000      0xef8
 .debug_aranges
                0x00000000       0x80 ./utilities/fsl_debug_console.o
 .debug_aranges
                0x00000080       0x38 ./utilities/fsl_str.o
 .debug_aranges
                0x000000b8      0x238 ./startup/startup_jn5189.o
 .debug_aranges
                0x000002f0       0x80 ./source/JN5189_Project.o
 .debug_aranges
                0x00000370       0x20 ./source/semihost_hardfault.o
 .debug_aranges
                0x00000390       0x58 ./drivers/fsl_adc.o
 .debug_aranges
                0x000003e8      0x158 ./drivers/fsl_clock.o
 .debug_aranges
                0x00000540       0x68 ./drivers/fsl_common.o
 .debug_aranges
                0x000005a8       0xb8 ./drivers/fsl_ctimer.o
 .debug_aranges
                0x00000660       0x78 ./drivers/fsl_flexcomm.o
 .debug_aranges
                0x000006d8       0x40 ./drivers/fsl_reset.o
 .debug_aranges
                0x00000718       0xe0 ./drivers/fsl_usart.o
 .debug_aranges
                0x000007f8       0x78 ./device/system_JN5189.o
 .debug_aranges
                0x00000870       0x40 ./component/uart/usart_adapter.o
 .debug_aranges
                0x000008b0       0x98 ./component/serial_manager/serial_manager.o
 .debug_aranges
                0x00000948       0x38 ./component/serial_manager/serial_port_uart.o
 .debug_aranges
                0x00000980       0x30 ./board/board.o
 .debug_aranges
                0x000009b0       0x40 ./board/board_utility.o
 .debug_aranges
                0x000009f0       0x28 ./board/clock_config.o
 .debug_aranges
                0x00000a18       0x20 ./board/peripherals.o
 .debug_aranges
                0x00000a38       0x30 ./board/pin_mux.o
 .debug_aranges
                0x00000a68       0x20 C:/NXP/MCUXpressoIDE_24.12.148/ide/plugins/com.nxp.mcuxpresso.tools.win32_24.12.0.202407110909/tools/bin/../lib/gcc/arm-none-eabi/13.2.1/../../../../arm-none-eabi/lib/thumb/v7e-m/nofp\libcr_nohost_nf.a(_cr__main.o)
 .debug_aranges
                0x00000a88       0x20 C:/NXP/MCUXpressoIDE_24.12.148/ide/plugins/com.nxp.mcuxpresso.tools.win32_24.12.0.202407110909/tools/bin/../lib/gcc/arm-none-eabi/13.2.1/../../../../arm-none-eabi/lib/thumb/v7e-m/nofp\libcr_nohost_nf.a(_cr_assert.o)
 .debug_aranges
                0x00000aa8       0x18 C:/NXP/MCUXpressoIDE_24.12.148/ide/plugins/com.nxp.mcuxpresso.tools.win32_24.12.0.202407110909/tools/bin/../lib/gcc/arm-none-eabi/13.2.1/../../../../arm-none-eabi/lib/thumb/v7e-m/nofp\libcr_nohost_nf.a(__ciob.o)
 .debug_aranges
                0x00000ac0       0x20 C:/NXP/MCUXpressoIDE_24.12.148/ide/plugins/com.nxp.mcuxpresso.tools.win32_24.12.0.202407110909/tools/bin/../lib/gcc/arm-none-eabi/13.2.1/../../../../arm-none-eabi/lib/thumb/v7e-m/nofp\libcr_nohost_nf.a(__sys_appexit.o)
 .debug_aranges
                0x00000ae0       0x20 C:/NXP/MCUXpressoIDE_24.12.148/ide/plugins/com.nxp.mcuxpresso.tools.win32_24.12.0.202407110909/tools/bin/../lib/gcc/arm-none-eabi/13.2.1/../../../../arm-none-eabi/lib/thumb/v7e-m/nofp\libcr_c.a(memset.o)
 .debug_aranges
                0x00000b00       0x28 C:/NXP/MCUXpressoIDE_24.12.148/ide/plugins/com.nxp.mcuxpresso.tools.win32_24.12.0.202407110909/tools/bin/../lib/gcc/arm-none-eabi/13.2.1/../../../../arm-none-eabi/lib/thumb/v7e-m/nofp\libcr_c.a(_deferredlazyseek.o)
 .debug_aranges
                0x00000b28       0x20 C:/NXP/MCUXpressoIDE_24.12.148/ide/plugins/com.nxp.mcuxpresso.tools.win32_24.12.0.202407110909/tools/bin/../lib/gcc/arm-none-eabi/13.2.1/../../../../arm-none-eabi/lib/thumb/v7e-m/nofp\libcr_c.a(_fflush.o)
 .debug_aranges
                0x00000b48       0x20 C:/NXP/MCUXpressoIDE_24.12.148/ide/plugins/com.nxp.mcuxpresso.tools.win32_24.12.0.202407110909/tools/bin/../lib/gcc/arm-none-eabi/13.2.1/../../../../arm-none-eabi/lib/thumb/v7e-m/nofp\libcr_c.a(_writebuf.o)
 .debug_aranges
                0x00000b68       0x40 C:/NXP/MCUXpressoIDE_24.12.148/ide/plugins/com.nxp.mcuxpresso.tools.win32_24.12.0.202407110909/tools/bin/../lib/gcc/arm-none-eabi/13.2.1/../../../../arm-none-eabi/lib/thumb/v7e-m/nofp\libcr_c.a(alloc.o)
 .debug_aranges
                0x00000ba8       0x20 C:/NXP/MCUXpressoIDE_24.12.148/ide/plugins/com.nxp.mcuxpresso.tools.win32_24.12.0.202407110909/tools/bin/../lib/gcc/arm-none-eabi/13.2.1/../../../../arm-none-eabi/lib/thumb/v7e-m/nofp\libcr_c.a(fputs.o)
 .debug_aranges
                0x00000bc8       0x20 C:/NXP/MCUXpressoIDE_24.12.148/ide/plugins/com.nxp.mcuxpresso.tools.win32_24.12.0.202407110909/tools/bin/../lib/gcc/arm-none-eabi/13.2.1/../../../../arm-none-eabi/lib/thumb/v7e-m/nofp\libcr_c.a(fseek.o)
 .debug_aranges
                0x00000be8       0x20 C:/NXP/MCUXpressoIDE_24.12.148/ide/plugins/com.nxp.mcuxpresso.tools.win32_24.12.0.202407110909/tools/bin/../lib/gcc/arm-none-eabi/13.2.1/../../../../arm-none-eabi/lib/thumb/v7e-m/nofp\libcr_c.a(ftell.o)
 .debug_aranges
                0x00000c08       0x28 C:/NXP/MCUXpressoIDE_24.12.148/ide/plugins/com.nxp.mcuxpresso.tools.win32_24.12.0.202407110909/tools/bin/../lib/gcc/arm-none-eabi/13.2.1/../../../../arm-none-eabi/lib/thumb/v7e-m/nofp\libcr_c.a(initio.o)
 .debug_aranges
                0x00000c30       0x20 C:/NXP/MCUXpressoIDE_24.12.148/ide/plugins/com.nxp.mcuxpresso.tools.win32_24.12.0.202407110909/tools/bin/../lib/gcc/arm-none-eabi/13.2.1/../../../../arm-none-eabi/lib/thumb/v7e-m/nofp\libcr_c.a(setvbuf.o)
 .debug_aranges
                0x00000c50       0x88 C:/NXP/MCUXpressoIDE_24.12.148/ide/plugins/com.nxp.mcuxpresso.tools.win32_24.12.0.202407110909/tools/bin/../lib/gcc/arm-none-eabi/13.2.1/../../../../arm-none-eabi/lib/thumb/v7e-m/nofp\libcr_c.a(stdlib.o)
 .debug_aranges
                0x00000cd8       0x20 C:/NXP/MCUXpressoIDE_24.12.148/ide/plugins/com.nxp.mcuxpresso.tools.win32_24.12.0.202407110909/tools/bin/../lib/gcc/arm-none-eabi/13.2.1/../../../../arm-none-eabi/lib/thumb/v7e-m/nofp\libcr_c.a(strlen.o)
 .debug_aranges
                0x00000cf8       0x20 C:/NXP/MCUXpressoIDE_24.12.148/ide/plugins/com.nxp.mcuxpresso.tools.win32_24.12.0.202407110909/tools/bin/../lib/gcc/arm-none-eabi/13.2.1/../../../../arm-none-eabi/lib/thumb/v7e-m/nofp\libcr_c.a(__init_alloc.o)
 .debug_aranges
                0x00000d18       0x20 C:/NXP/MCUXpressoIDE_24.12.148/ide/plugins/com.nxp.mcuxpresso.tools.win32_24.12.0.202407110909/tools/bin/../lib/gcc/arm-none-eabi/13.2.1/../../../../arm-none-eabi/lib/thumb/v7e-m/nofp\libcr_c.a(_cr_sbrk.o)
 .debug_aranges
                0x00000d38       0x20 C:/NXP/MCUXpressoIDE_24.12.148/ide/plugins/com.nxp.mcuxpresso.tools.win32_24.12.0.202407110909/tools/bin/../lib/gcc/arm-none-eabi/13.2.1/../../../../arm-none-eabi/lib/thumb/v7e-m/nofp\libcr_c.a(_fdopen.o)
 .debug_aranges
                0x00000d58       0x18 C:/NXP/MCUXpressoIDE_24.12.148/ide/plugins/com.nxp.mcuxpresso.tools.win32_24.12.0.202407110909/tools/bin/../lib/gcc/arm-none-eabi/13.2.1/../../../../arm-none-eabi/lib/thumb/v7e-m/nofp\libcr_c.a(errno.o)
 .debug_aranges
                0x00000d70       0x20 C:/NXP/MCUXpressoIDE_24.12.148/ide/plugins/com.nxp.mcuxpresso.tools.win32_24.12.0.202407110909/tools/bin/../lib/gcc/arm-none-eabi/13.2.1/../../../../arm-none-eabi/lib/thumb/v7e-m/nofp\libcr_c.a(fclose.o)
 .debug_aranges
                0x00000d90       0x20 C:/NXP/MCUXpressoIDE_24.12.148/ide/plugins/com.nxp.mcuxpresso.tools.win32_24.12.0.202407110909/tools/bin/../lib/gcc/arm-none-eabi/13.2.1/../../../../arm-none-eabi/lib/thumb/v7e-m/nofp\libcr_c.a(fflush.o)
 .debug_aranges
                0x00000db0       0x28 C:/NXP/MCUXpressoIDE_24.12.148/ide/plugins/com.nxp.mcuxpresso.tools.win32_24.12.0.202407110909/tools/bin/../lib/gcc/arm-none-eabi/13.2.1/../../../../arm-none-eabi/lib/thumb/v7e-m/nofp\libcr_c.a(remove.o)
 .debug_aranges
                0x00000dd8       0x20 C:/NXP/MCUXpressoIDE_24.12.148/ide/plugins/com.nxp.mcuxpresso.tools.win32_24.12.0.202407110909/tools/bin/../lib/gcc/arm-none-eabi/13.2.1/../../../../arm-none-eabi/lib/thumb/v7e-m/nofp\libcr_c.a(_cr_check_heap.o)
 .debug_aranges
                0x00000df8       0x20 C:/NXP/MCUXpressoIDE_24.12.148/ide/plugins/com.nxp.mcuxpresso.tools.win32_24.12.0.202407110909/tools/bin/../lib/gcc/arm-none-eabi/13.2.1/../../../../arm-none-eabi/lib/thumb/v7e-m/nofp\libcr_c.a(_do_fflush.o)
 .debug_aranges
                0x00000e18       0x20 C:/NXP/MCUXpressoIDE_24.12.148/ide/plugins/com.nxp.mcuxpresso.tools.win32_24.12.0.202407110909/tools/bin/../lib/gcc/arm-none-eabi/13.2.1/../../../../arm-none-eabi/lib/thumb/v7e-m/nofp\libcr_nohost_nf.a(__sys_close.o)
 .debug_aranges
                0x00000e38       0x20 C:/NXP/MCUXpressoIDE_24.12.148/ide/plugins/com.nxp.mcuxpresso.tools.win32_24.12.0.202407110909/tools/bin/../lib/gcc/arm-none-eabi/13.2.1/../../../../arm-none-eabi/lib/thumb/v7e-m/nofp\libcr_nohost_nf.a(__sys_flen.o)
 .debug_aranges
                0x00000e58       0x20 C:/NXP/MCUXpressoIDE_24.12.148/ide/plugins/com.nxp.mcuxpresso.tools.win32_24.12.0.202407110909/tools/bin/../lib/gcc/arm-none-eabi/13.2.1/../../../../arm-none-eabi/lib/thumb/v7e-m/nofp\libcr_nohost_nf.a(__sys_istty.o)
 .debug_aranges
                0x00000e78       0x20 C:/NXP/MCUXpressoIDE_24.12.148/ide/plugins/com.nxp.mcuxpresso.tools.win32_24.12.0.202407110909/tools/bin/../lib/gcc/arm-none-eabi/13.2.1/../../../../arm-none-eabi/lib/thumb/v7e-m/nofp\libcr_nohost_nf.a(__sys_remove.o)
 .debug_aranges
                0x00000e98       0x20 C:/NXP/MCUXpressoIDE_24.12.148/ide/plugins/com.nxp.mcuxpresso.tools.win32_24.12.0.202407110909/tools/bin/../lib/gcc/arm-none-eabi/13.2.1/../../../../arm-none-eabi/lib/thumb/v7e-m/nofp\libcr_nohost_nf.a(__sys_seek.o)
 .debug_aranges
                0x00000eb8       0x20 C:/NXP/MCUXpressoIDE_24.12.148/ide/plugins/com.nxp.mcuxpresso.tools.win32_24.12.0.202407110909/tools/bin/../lib/gcc/arm-none-eabi/13.2.1/../../../../arm-none-eabi/lib/thumb/v7e-m/nofp\libcr_nohost_nf.a(__sys_tmpnam.o)
 .debug_aranges
                0x00000ed8       0x20 C:/NXP/MCUXpressoIDE_24.12.148/ide/plugins/com.nxp.mcuxpresso.tools.win32_24.12.0.202407110909/tools/bin/../lib/gcc/arm-none-eabi/13.2.1/../../../../arm-none-eabi/lib/thumb/v7e-m/nofp\libcr_nohost_nf.a(__sys_write.o)

.debug_ranges   0x00000000      0xc00
 .debug_ranges  0x00000000       0x70 ./utilities/fsl_debug_console.o
 .debug_ranges  0x00000070       0x28 ./utilities/fsl_str.o
 .debug_ranges  0x00000098      0x228 ./startup/startup_jn5189.o
 .debug_ranges  0x000002c0       0x70 ./source/JN5189_Project.o
 .debug_ranges  0x00000330       0x10 ./source/semihost_hardfault.o
 .debug_ranges  0x00000340       0x48 ./drivers/fsl_adc.o
 .debug_ranges  0x00000388      0x148 ./drivers/fsl_clock.o
 .debug_ranges  0x000004d0       0x58 ./drivers/fsl_common.o
 .debug_ranges  0x00000528       0xa8 ./drivers/fsl_ctimer.o
 .debug_ranges  0x000005d0       0x68 ./drivers/fsl_flexcomm.o
 .debug_ranges  0x00000638       0x30 ./drivers/fsl_reset.o
 .debug_ranges  0x00000668       0xd0 ./drivers/fsl_usart.o
 .debug_ranges  0x00000738       0x68 ./device/system_JN5189.o
 .debug_ranges  0x000007a0       0x30 ./component/uart/usart_adapter.o
 .debug_ranges  0x000007d0       0x88 ./component/serial_manager/serial_manager.o
 .debug_ranges  0x00000858       0x28 ./component/serial_manager/serial_port_uart.o
 .debug_ranges  0x00000880       0x20 ./board/board.o
 .debug_ranges  0x000008a0       0x30 ./board/board_utility.o
 .debug_ranges  0x000008d0       0x18 ./board/clock_config.o
 .debug_ranges  0x000008e8       0x10 ./board/peripherals.o
 .debug_ranges  0x000008f8       0x20 ./board/pin_mux.o
 .debug_ranges  0x00000918       0x10 C:/NXP/MCUXpressoIDE_24.12.148/ide/plugins/com.nxp.mcuxpresso.tools.win32_24.12.0.202407110909/tools/bin/../lib/gcc/arm-none-eabi/13.2.1/../../../../arm-none-eabi/lib/thumb/v7e-m/nofp\libcr_nohost_nf.a(_cr__main.o)
 .debug_ranges  0x00000928       0x10 C:/NXP/MCUXpressoIDE_24.12.148/ide/plugins/com.nxp.mcuxpresso.tools.win32_24.12.0.202407110909/tools/bin/../lib/gcc/arm-none-eabi/13.2.1/../../../../arm-none-eabi/lib/thumb/v7e-m/nofp\libcr_nohost_nf.a(_cr_assert.o)
 .debug_ranges  0x00000938       0x10 C:/NXP/MCUXpressoIDE_24.12.148/ide/plugins/com.nxp.mcuxpresso.tools.win32_24.12.0.202407110909/tools/bin/../lib/gcc/arm-none-eabi/13.2.1/../../../../arm-none-eabi/lib/thumb/v7e-m/nofp\libcr_nohost_nf.a(__sys_appexit.o)
 .debug_ranges  0x00000948       0x10 C:/NXP/MCUXpressoIDE_24.12.148/ide/plugins/com.nxp.mcuxpresso.tools.win32_24.12.0.202407110909/tools/bin/../lib/gcc/arm-none-eabi/13.2.1/../../../../arm-none-eabi/lib/thumb/v7e-m/nofp\libcr_c.a(memset.o)
 .debug_ranges  0x00000958       0x30 C:/NXP/MCUXpressoIDE_24.12.148/ide/plugins/com.nxp.mcuxpresso.tools.win32_24.12.0.202407110909/tools/bin/../lib/gcc/arm-none-eabi/13.2.1/../../../../arm-none-eabi/lib/thumb/v7e-m/nofp\libcr_c.a(_deferredlazyseek.o)
 .debug_ranges  0x00000988       0x10 C:/NXP/MCUXpressoIDE_24.12.148/ide/plugins/com.nxp.mcuxpresso.tools.win32_24.12.0.202407110909/tools/bin/../lib/gcc/arm-none-eabi/13.2.1/../../../../arm-none-eabi/lib/thumb/v7e-m/nofp\libcr_c.a(_fflush.o)
 .debug_ranges  0x00000998       0x10 C:/NXP/MCUXpressoIDE_24.12.148/ide/plugins/com.nxp.mcuxpresso.tools.win32_24.12.0.202407110909/tools/bin/../lib/gcc/arm-none-eabi/13.2.1/../../../../arm-none-eabi/lib/thumb/v7e-m/nofp\libcr_c.a(_writebuf.o)
 .debug_ranges  0x000009a8       0x48 C:/NXP/MCUXpressoIDE_24.12.148/ide/plugins/com.nxp.mcuxpresso.tools.win32_24.12.0.202407110909/tools/bin/../lib/gcc/arm-none-eabi/13.2.1/../../../../arm-none-eabi/lib/thumb/v7e-m/nofp\libcr_c.a(alloc.o)
 .debug_ranges  0x000009f0       0x10 C:/NXP/MCUXpressoIDE_24.12.148/ide/plugins/com.nxp.mcuxpresso.tools.win32_24.12.0.202407110909/tools/bin/../lib/gcc/arm-none-eabi/13.2.1/../../../../arm-none-eabi/lib/thumb/v7e-m/nofp\libcr_c.a(fputs.o)
 .debug_ranges  0x00000a00       0x10 C:/NXP/MCUXpressoIDE_24.12.148/ide/plugins/com.nxp.mcuxpresso.tools.win32_24.12.0.202407110909/tools/bin/../lib/gcc/arm-none-eabi/13.2.1/../../../../arm-none-eabi/lib/thumb/v7e-m/nofp\libcr_c.a(fseek.o)
 .debug_ranges  0x00000a10       0x10 C:/NXP/MCUXpressoIDE_24.12.148/ide/plugins/com.nxp.mcuxpresso.tools.win32_24.12.0.202407110909/tools/bin/../lib/gcc/arm-none-eabi/13.2.1/../../../../arm-none-eabi/lib/thumb/v7e-m/nofp\libcr_c.a(ftell.o)
 .debug_ranges  0x00000a20       0x18 C:/NXP/MCUXpressoIDE_24.12.148/ide/plugins/com.nxp.mcuxpresso.tools.win32_24.12.0.202407110909/tools/bin/../lib/gcc/arm-none-eabi/13.2.1/../../../../arm-none-eabi/lib/thumb/v7e-m/nofp\libcr_c.a(initio.o)
 .debug_ranges  0x00000a38       0x10 C:/NXP/MCUXpressoIDE_24.12.148/ide/plugins/com.nxp.mcuxpresso.tools.win32_24.12.0.202407110909/tools/bin/../lib/gcc/arm-none-eabi/13.2.1/../../../../arm-none-eabi/lib/thumb/v7e-m/nofp\libcr_c.a(setvbuf.o)
 .debug_ranges  0x00000a48       0x78 C:/NXP/MCUXpressoIDE_24.12.148/ide/plugins/com.nxp.mcuxpresso.tools.win32_24.12.0.202407110909/tools/bin/../lib/gcc/arm-none-eabi/13.2.1/../../../../arm-none-eabi/lib/thumb/v7e-m/nofp\libcr_c.a(stdlib.o)
 .debug_ranges  0x00000ac0       0x10 C:/NXP/MCUXpressoIDE_24.12.148/ide/plugins/com.nxp.mcuxpresso.tools.win32_24.12.0.202407110909/tools/bin/../lib/gcc/arm-none-eabi/13.2.1/../../../../arm-none-eabi/lib/thumb/v7e-m/nofp\libcr_c.a(strlen.o)
 .debug_ranges  0x00000ad0       0x10 C:/NXP/MCUXpressoIDE_24.12.148/ide/plugins/com.nxp.mcuxpresso.tools.win32_24.12.0.202407110909/tools/bin/../lib/gcc/arm-none-eabi/13.2.1/../../../../arm-none-eabi/lib/thumb/v7e-m/nofp\libcr_c.a(__init_alloc.o)
 .debug_ranges  0x00000ae0       0x10 C:/NXP/MCUXpressoIDE_24.12.148/ide/plugins/com.nxp.mcuxpresso.tools.win32_24.12.0.202407110909/tools/bin/../lib/gcc/arm-none-eabi/13.2.1/../../../../arm-none-eabi/lib/thumb/v7e-m/nofp\libcr_c.a(_cr_sbrk.o)
 .debug_ranges  0x00000af0       0x10 C:/NXP/MCUXpressoIDE_24.12.148/ide/plugins/com.nxp.mcuxpresso.tools.win32_24.12.0.202407110909/tools/bin/../lib/gcc/arm-none-eabi/13.2.1/../../../../arm-none-eabi/lib/thumb/v7e-m/nofp\libcr_c.a(_fdopen.o)
 .debug_ranges  0x00000b00       0x10 C:/NXP/MCUXpressoIDE_24.12.148/ide/plugins/com.nxp.mcuxpresso.tools.win32_24.12.0.202407110909/tools/bin/../lib/gcc/arm-none-eabi/13.2.1/../../../../arm-none-eabi/lib/thumb/v7e-m/nofp\libcr_c.a(fclose.o)
 .debug_ranges  0x00000b10       0x30 C:/NXP/MCUXpressoIDE_24.12.148/ide/plugins/com.nxp.mcuxpresso.tools.win32_24.12.0.202407110909/tools/bin/../lib/gcc/arm-none-eabi/13.2.1/../../../../arm-none-eabi/lib/thumb/v7e-m/nofp\libcr_c.a(fflush.o)
 .debug_ranges  0x00000b40       0x18 C:/NXP/MCUXpressoIDE_24.12.148/ide/plugins/com.nxp.mcuxpresso.tools.win32_24.12.0.202407110909/tools/bin/../lib/gcc/arm-none-eabi/13.2.1/../../../../arm-none-eabi/lib/thumb/v7e-m/nofp\libcr_c.a(remove.o)
 .debug_ranges  0x00000b58       0x10 C:/NXP/MCUXpressoIDE_24.12.148/ide/plugins/com.nxp.mcuxpresso.tools.win32_24.12.0.202407110909/tools/bin/../lib/gcc/arm-none-eabi/13.2.1/../../../../arm-none-eabi/lib/thumb/v7e-m/nofp\libcr_c.a(_cr_check_heap.o)