Archive member included to satisfy reference by file (symbol)

C:/NXP/MCUXpressoIDE_24.12.148/ide/plugins/com.nxp.mcuxpresso.tools.win32_24.12.0.202407110909/tools/bin/../lib/gcc/arm-none-eabi/13.2.1/../../../../arm-none-eabi/lib/thumb/v7e-m/nofp\libcr_nohost_nf.a(_cr__main.o)
                              ./startup/startup_jn5189.o (__main)
C:/NXP/MCUXpressoIDE_24.12.148/ide/plugins/com.nxp.mcuxpresso.tools.win32_24.12.0.202407110909/tools/bin/../lib/gcc/arm-none-eabi/13.2.1/../../../../arm-none-eabi/lib/thumb/v7e-m/nofp\libcr_nohost_nf.a(_cr_assert.o)
                              ./utilities/fsl_debug_console.o (__assertion_failed)
C:/NXP/MCUXpressoIDE_24.12.148/ide/plugins/com.nxp.mcuxpresso.tools.win32_24.12.0.202407110909/tools/bin/../lib/gcc/arm-none-eabi/13.2.1/../../../../arm-none-eabi/lib/thumb/v7e-m/nofp\libcr_nohost_nf.a(__ciob.o)
                              C:/NXP/MCUXpressoIDE_24.12.148/ide/plugins/com.nxp.mcuxpresso.tools.win32_24.12.0.202407110909/tools/bin/../lib/gcc/arm-none-eabi/13.2.1/../../../../arm-none-eabi/lib/thumb/v7e-m/nofp\libcr_nohost_nf.a(_cr_assert.o) (__Ciob)
C:/NXP/MCUXpressoIDE_24.12.148/ide/plugins/com.nxp.mcuxpresso.tools.win32_24.12.0.202407110909/tools/bin/../lib/gcc/arm-none-eabi/13.2.1/../../../../arm-none-eabi/lib/thumb/v7e-m/nofp\libcr_nohost_nf.a(__sys_appexit.o)
                              C:/NXP/MCUXpressoIDE_24.12.148/ide/plugins/com.nxp.mcuxpresso.tools.win32_24.12.0.202407110909/tools/bin/../lib/gcc/arm-none-eabi/13.2.1/../../../../arm-none-eabi/lib/thumb/v7e-m/nofp\libcr_nohost_nf.a(_cr_assert.o) (__sys_appexit)
C:/NXP/MCUXpressoIDE_24.12.148/ide/plugins/com.nxp.mcuxpresso.tools.win32_24.12.0.202407110909/tools/bin/../lib/gcc/arm-none-eabi/13.2.1/../../../../arm-none-eabi/lib/thumb/v7e-m/nofp\libcr_c.a(memcpy.o)
                              ./drivers/fsl_flash.o (memcpy)
C:/NXP/MCUXpressoIDE_24.12.148/ide/plugins/com.nxp.mcuxpresso.tools.win32_24.12.0.202407110909/tools/bin/../lib/gcc/arm-none-eabi/13.2.1/../../../../arm-none-eabi/lib/thumb/v7e-m/nofp\libcr_c.a(memset.o)
                              ./utilities/fsl_debug_console.o (memset)
C:/NXP/MCUXpressoIDE_24.12.148/ide/plugins/com.nxp.mcuxpresso.tools.win32_24.12.0.202407110909/tools/bin/../lib/gcc/arm-none-eabi/13.2.1/../../../../arm-none-eabi/lib/thumb/v7e-m/nofp\libcr_c.a(_deferredlazyseek.o)
                              C:/NXP/MCUXpressoIDE_24.12.148/ide/plugins/com.nxp.mcuxpresso.tools.win32_24.12.0.202407110909/tools/bin/../lib/gcc/arm-none-eabi/13.2.1/../../../../arm-none-eabi/lib/thumb/v7e-m/nofp\libcr_nohost_nf.a(_cr_assert.o) (__flsbuf)
C:/NXP/MCUXpressoIDE_24.12.148/ide/plugins/com.nxp.mcuxpresso.tools.win32_24.12.0.202407110909/tools/bin/../lib/gcc/arm-none-eabi/13.2.1/../../../../arm-none-eabi/lib/thumb/v7e-m/nofp\libcr_c.a(_fflush.o)
                              C:/NXP/MCUXpressoIDE_24.12.148/ide/plugins/com.nxp.mcuxpresso.tools.win32_24.12.0.202407110909/tools/bin/../lib/gcc/arm-none-eabi/13.2.1/../../../../arm-none-eabi/lib/thumb/v7e-m/nofp\libcr_c.a(_deferredlazyseek.o) (_fflush)
C:/NXP/MCUXpressoIDE_24.12.148/ide/plugins/com.nxp.mcuxpresso.tools.win32_24.12.0.202407110909/tools/bin/../lib/gcc/arm-none-eabi/13.2.1/../../../../arm-none-eabi/lib/thumb/v7e-m/nofp\libcr_c.a(_writebuf.o)
                              C:/NXP/MCUXpressoIDE_24.12.148/ide/plugins/com.nxp.mcuxpresso.tools.win32_24.12.0.202407110909/tools/bin/../lib/gcc/arm-none-eabi/13.2.1/../../../../arm-none-eabi/lib/thumb/v7e-m/nofp\libcr_c.a(_deferredlazyseek.o) (_Cwritebuf)
C:/NXP/MCUXpressoIDE_24.12.148/ide/plugins/com.nxp.mcuxpresso.tools.win32_24.12.0.202407110909/tools/bin/../lib/gcc/arm-none-eabi/13.2.1/../../../../arm-none-eabi/lib/thumb/v7e-m/nofp\libcr_c.a(alloc.o)
                              ./drivers/fsl_common.o (malloc)
C:/NXP/MCUXpressoIDE_24.12.148/ide/plugins/com.nxp.mcuxpresso.tools.win32_24.12.0.202407110909/tools/bin/../lib/gcc/arm-none-eabi/13.2.1/../../../../arm-none-eabi/lib/thumb/v7e-m/nofp\libcr_c.a(fputs.o)
                              C:/NXP/MCUXpressoIDE_24.12.148/ide/plugins/com.nxp.mcuxpresso.tools.win32_24.12.0.202407110909/tools/bin/../lib/gcc/arm-none-eabi/13.2.1/../../../../arm-none-eabi/lib/thumb/v7e-m/nofp\libcr_nohost_nf.a(_cr_assert.o) (fputs)
C:/NXP/MCUXpressoIDE_24.12.148/ide/plugins/com.nxp.mcuxpresso.tools.win32_24.12.0.202407110909/tools/bin/../lib/gcc/arm-none-eabi/13.2.1/../../../../arm-none-eabi/lib/thumb/v7e-m/nofp\libcr_c.a(fseek.o)
                              C:/NXP/MCUXpressoIDE_24.12.148/ide/plugins/com.nxp.mcuxpresso.tools.win32_24.12.0.202407110909/tools/bin/../lib/gcc/arm-none-eabi/13.2.1/../../../../arm-none-eabi/lib/thumb/v7e-m/nofp\libcr_c.a(_deferredlazyseek.o) (fseek)
C:/NXP/MCUXpressoIDE_24.12.148/ide/plugins/com.nxp.mcuxpresso.tools.win32_24.12.0.202407110909/tools/bin/../lib/gcc/arm-none-eabi/13.2.1/../../../../arm-none-eabi/lib/thumb/v7e-m/nofp\libcr_c.a(ftell.o)
[...]
Memory Configuration

Name             Origin             Length             Attributes
PROGRAM_FLASH    0x00000000         0x000a0000         xr
SRAM             0x04000000         0x00015fe0         xrw
SRAM1            0x04020000         0x00010000         xrw
*default*        0x00000000         0xffffffff

Linker script and memory map

LOAD ./utilities/fsl_debug_console.o
LOAD ./utilities/fsl_str.o
LOAD ./startup/startup_jn5189.o
LOAD ./source/JN5189_Project.o
LOAD ./source/semihost_hardfault.o
LOAD ./drivers/fsl_adc.o
LOAD ./drivers/fsl_clock.o
LOAD ./drivers/fsl_common.o
LOAD ./drivers/fsl_ctimer.o
LOAD ./drivers/fsl_flash.o
LOAD ./drivers/fsl_flexcomm.o
LOAD ./drivers/fsl_gpio.o
LOAD ./drivers/fsl_inputmux.o
LOAD ./drivers/fsl_power.o
LOAD ./drivers/fsl_reset.o
LOAD ./drivers/fsl_usart.o
LOAD ./device/system_JN5189.o
LOAD ./component/uart/usart_adapter.o
LOAD ./component/serial_manager/serial_manager.o
LOAD ./component/serial_manager/serial_port_uart.o
LOAD ./component/lists/generic_list.o
LOAD ./board/board.o
LOAD ./board/board_utility.o
LOAD ./board/clock_config.o
LOAD ./board/peripherals.o
LOAD ./board/pin_mux.o
START GROUP
LOAD C:/NXP/MCUXpressoIDE_24.12.148/ide/plugins/com.nxp.mcuxpresso.tools.win32_24.12.0.202407110909/tools/bin/../lib/gcc/arm-none-eabi/13.2.1/../../../../arm-none-eabi/lib/thumb/v7e-m/nofp\libcr_nohost_nf.a
LOAD C:/NXP/MCUXpressoIDE_24.12.148/ide/plugins/com.nxp.mcuxpresso.tools.win32_24.12.0.202407110909/tools/bin/../lib/gcc/arm-none-eabi/13.2.1/../../../../arm-none-eabi/lib/thumb/v7e-m/nofp\libcr_c.a
LOAD C:/NXP/MCUXpressoIDE_24.12.148/ide/plugins/com.nxp.mcuxpresso.tools.win32_24.12.0.202407110909/tools/bin/../lib/gcc/arm-none-eabi/13.2.1/thumb/v7e-m/nofp\libcr_eabihelpers.a
LOAD C:/NXP/MCUXpressoIDE_24.12.148/ide/plugins/com.nxp.mcuxpresso.tools.win32_24.12.0.202407110909/tools/bin/../lib/gcc/arm-none-eabi/13.2.1/thumb/v7e-m/nofp\libgcc.a
END GROUP
                0x00000000                        __base_PROGRAM_FLASH = 0x0
                0x00000000                        __base_Flash = 0x0
                0x000a0000                        __top_PROGRAM_FLASH = 0xa0000
                0x000a0000                        __top_Flash = 0xa0000
                0x04000000                        __base_SRAM = 0x4000000
                0x04000000                        __base_RAM = 0x4000000
                0x04015fe0                        __top_SRAM = 0x4015fe0
                0x04015fe0                        __top_RAM = 0x4015fe0
                0x04020000                        __base_SRAM1 = 0x4020000
                0x04020000                        __base_RAM2 = 0x4020000
                0x04030000                        __top_SRAM1 = 0x4030000
                0x04030000                        __top_RAM2 = 0x4030000

.text           0x00000000     0x495c
 FILL mask 0xff
                0x00000000                        __vectors_start__ = ABSOLUTE (.)
 *(SORT_BY_ALIGNMENT(.isr_vector))
 .isr_vector    0x00000000      0x120 ./startup/startup_jn5189.o
                0x00000000                g_pfnVectors
                0x00000000                __Vectors
                0x00000120                        . = ALIGN (0x4)
                0x00000120                        __section_table_start = .
                0x00000120                        __data_section_table = .
                0x00000120        0x4 LONG 0x495c LOADADDR (.data)
                0x00000124        0x4 LONG 0x4000000 ADDR (.data)
                0x00000128        0x4 LONG 0x4 SIZEOF (.data)
                0x0000012c        0x4 LONG 0x495c LOADADDR (.data_RAM2)
                0x00000130        0x4 LONG 0x4020000 ADDR (.data_RAM2)
                0x00000134        0x4 LONG 0x0 SIZEOF (.data_RAM2)
                0x00000138                        __data_section_table_end = .
                0x00000138                        __bss_section_table = .
                0x00000138        0x4 LONG 0x4000004 ADDR (.bss)
                0x0000013c        0x4 LONG 0x160 SIZEOF (.bss)
                0x00000140        0x4 LONG 0x4020000 ADDR (.bss_RAM2)
                0x00000144        0x4 LONG 0x0 SIZEOF (.bss_RAM2)
                0x00000148                        __bss_section_table_end = .
                0x00000148                        __section_table_end = .
 *(SORT_BY_ALIGNMENT(.after_vectors*))
 .after_vectors.reset
                0x00000148       0x30 ./startup/startup_jn5189.o
                0x00000148                ResetISR
 .after_vectors
                0x00000178       0xe0 ./startup/startup_jn5189.o
                0x00000178                ResetISR2
                0x00000240                NMI_Handler
                0x00000244                MemManage_Handler
                0x00000246                BusFault_Handler
                0x00000248                UsageFault_Handler
                0x0000024a                SVC_Handler
                0x0000024c                PendSV_Handler
                0x0000024e                SysTick_Handler
                0x00000250                ANA_COMP_DriverIRQHandler
                0x00000250                CIC_IRB_DriverIRQHandler
                0x00000250                PWM4_DriverIRQHandler
                0x00000250                ISO7816_DriverIRQHandler
                0x00000250                PIN_INT3_DriverIRQHandler
                0x00000250                PIN_INT2_DriverIRQHandler
                0x00000250                PIN_INT0_DriverIRQHandler
                0x00000250                SPIFI0_DriverIRQHandler
                0x00000250                PWM0_DriverIRQHandler
                0x00000250                IntDefaultHandler
                0x00000250                BLE_DP0_DriverIRQHandler
                0x00000250                ZIGBEE_MODEM_DriverIRQHandler
                0x00000250                DMIC0_DriverIRQHandler
                0x00000250                BLE_WAKE_UP_TIMER_DriverIRQHandler
                0x00000250                PVTVF1_AMBER_DriverIRQHandler
                0x00000250                DMA0_DriverIRQHandler
                0x00000250                ADC0_SEQB_DriverIRQHandler
                0x00000250                PWM6_DriverIRQHandler
                0x00000250                MAILBOX_DriverIRQHandler
                0x00000250                PIN_INT1_DriverIRQHandler
                0x00000250                BLE_DP_DriverIRQHandler
                0x00000250                PWM8_DriverIRQHandler
                0x00000250                HWVAD0_DriverIRQHandler
                0x00000250                PWM9_DriverIRQHandler
                0x00000250                RTC_DriverIRQHandler
                0x00000250                WAKE_UP_TIMER0_DriverIRQHandler
                0x00000250                PVTVF0_RED_DriverIRQHandler
                0x00000250                PWM5_DriverIRQHandler
                0x00000250                RFP_TMU_DriverIRQHandler
                0x00000250                PWM7_DriverIRQHandler
                0x00000250                PWM1_DriverIRQHandler
                0x00000250                BLE_DP2_DriverIRQHandler
                0x00000250                NFCTag_DriverIRQHandler
                0x00000250                BLE_DP1_DriverIRQHandler
                0x00000250                ADC0_SEQA_DriverIRQHandler
                0x00000250                PWM10_DriverIRQHandler
                0x00000250                PVTVF0_AMBER_DriverIRQHandler
                0x00000250                ADC0_THCMP_DriverIRQHandler
                0x00000250                BLE_LL_ALL_DriverIRQHandler
                0x00000250                WAKE_UP_TIMER1_DriverIRQHandler
                0x00000250                SHA_DriverIRQHandler
                0x00000250                GINT0_DriverIRQHandler
                0x00000250                RFP_AGC_DriverIRQHandler
                0x00000250                PWM2_DriverIRQHandler
                0x00000250                ZIGBEE_MAC_DriverIRQHandler
                0x00000250                PWM3_DriverIRQHandler
                0x00000250                WDT_BOD_DriverIRQHandler
                0x00000250                PVTVF1_RED_DriverIRQHandler
 .after_vectors.init_data
                0x00000258       0x1c ./startup/startup_jn5189.o
                0x00000258                data_init
 .after_vectors.init_bss
                0x00000274       0x12 ./startup/startup_jn5189.o
                0x00000274                bss_init
 *(SORT_BY_ALIGNMENT(.text*))
 *fill*         0x00000286        0x2 ff
 .text.DbgConsole_SendDataReliable
                0x00000288       0x58 ./utilities/fsl_debug_console.o
                0x00000288                DbgConsole_SendDataReliable
 .text.DbgConsole_Init
                0x000002e0      0x104 ./utilities/fsl_debug_console.o
                0x000002e0                DbgConsole_Init
 .text.DbgConsole_Printf
                0x000003e4       0x74 ./utilities/fsl_debug_console.o
                0x000003e4                DbgConsole_Printf
 .text.BOOT_GetStartPowerMode
                0x00000458        0xc ./startup/startup_jn5189.o
 .text.__NVIC_EnableIRQ
                0x00000464       0x38 ./source/JN5189_Project.o
 .text.ADC0_SEQA_IRQHandler
                0x0000049c       0x4c ./source/JN5189_Project.o
                0x0000049c                ADC0_SEQA_IRQHandler
 .text.CTIMER0_IRQHandler
                0x000004e8       0x28 ./source/JN5189_Project.o
                0x000004e8                CTIMER0_IRQHandler
 .text.Init_Hardware_Timer
                0x00000510       0x6c ./source/JN5189_Project.o
                0x00000510                Init_Hardware_Timer
 .text.main     0x0000057c      0x24c ./source/JN5189_Project.o
                0x0000057c                main
 .text.ADC_GetInstance
                0x000007c8       0x44 ./drivers/fsl_adc.o
 .text.ADC_Init
                0x0000080c       0xdc ./drivers/fsl_adc.o
                0x0000080c                ADC_Init
 .text.ADC_SetConvSeqAConfig
                0x000008e8       0x84 ./drivers/fsl_adc.o
                0x000008e8                ADC_SetConvSeqAConfig
 .text.ADC_GetChannelConversionResult
                0x0000096c       0xd8 ./drivers/fsl_adc.o
                0x0000096c                ADC_GetChannelConversionResult
 .text.CLOCK_AttachClk
                0x00000a44      0x234 ./drivers/fsl_clock.o
                0x00000a44                CLOCK_AttachClk
 .text.CLOCK_GetFRGInputClock
                0x00000c78       0x60 ./drivers/fsl_clock.o
                0x00000c78                CLOCK_GetFRGInputClock
 .text.CLOCK_GetClkOutFreq
                0x00000cd8       0xa8 ./drivers/fsl_clock.o
                0x00000cd8                CLOCK_GetClkOutFreq
 .text.CLOCK_GetWdtOscFreq
                0x00000d80       0x64 ./drivers/fsl_clock.o
                0x00000d80                CLOCK_GetWdtOscFreq
 .text.CLOCK_GetSpifiOscFreq
                0x00000de4       0x84 ./drivers/fsl_clock.o
                0x00000de4                CLOCK_GetSpifiOscFreq
 .text.CLOCK_GetPWMClockFreq
                0x00000e68       0x5c ./drivers/fsl_clock.o
                0x00000e68                CLOCK_GetPWMClockFreq
 .text.CLOCK_GetFreq
                0x00000ec4      0x174 ./drivers/fsl_clock.o
                0x00000ec4                CLOCK_GetFreq
 .text.CLOCK_GetMainClockRate
                0x00001038       0x80 ./drivers/fsl_clock.o
                0x00001038                CLOCK_GetMainClockRate
 .text.CLOCK_GetXtal32kFreq
                0x000010b8       0x30 ./drivers/fsl_clock.o
                0x000010b8                CLOCK_GetXtal32kFreq
 .text.CLOCK_GetXtal32MFreq
                0x000010e8       0x14 ./drivers/fsl_clock.o
                0x000010e8                CLOCK_GetXtal32MFreq
 .text.CLOCK_GetFro32kFreq
                0x000010fc       0x30 ./drivers/fsl_clock.o
                0x000010fc                CLOCK_GetFro32kFreq
 .text.CLOCK_GetFro1MFreq
                0x0000112c       0x14 ./drivers/fsl_clock.o
                0x0000112c                CLOCK_GetFro1MFreq
 .text.CLOCK_GetFro12MFreq
                0x00001140       0x30 ./drivers/fsl_clock.o
                0x00001140                CLOCK_GetFro12MFreq
 .text.CLOCK_GetFro32MFreq
                0x00001170       0x30 ./drivers/fsl_clock.o
                0x00001170                CLOCK_GetFro32MFreq
 .text.CLOCK_GetFro48MFreq
                0x000011a0       0x30 ./drivers/fsl_clock.o
                0x000011a0                CLOCK_GetFro48MFreq
 .text.CLOCK_GetFro64MFreq
                0x000011d0       0x30 ./drivers/fsl_clock.o
                0x000011d0                CLOCK_GetFro64MFreq
 .text.CLOCK_GetApbCLkFreq
                0x00001200       0x60 ./drivers/fsl_clock.o
                0x00001200                CLOCK_GetApbCLkFreq
 .text.CLOCK_EnableClock
                0x00001260      0x158 ./drivers/fsl_clock.o
                0x00001260                CLOCK_EnableClock
 .text.CLOCK_uDelay
                0x000013b8       0x40 ./drivers/fsl_clock.o
                0x000013b8                CLOCK_uDelay
 .text.CLOCK_XtalBasicTrim
                0x000013f8       0x30 ./drivers/fsl_clock.o
                0x000013f8                CLOCK_XtalBasicTrim
 .text.CLOCK_Xtal32M_Trim
                0x00001428      0x1f8 ./drivers/fsl_clock.o
                0x00001428                CLOCK_Xtal32M_Trim
 .text.CLOCK_Xtal32M_WaitUntilStable
                0x00001620       0x2c ./drivers/fsl_clock.o
                0x00001620                CLOCK_Xtal32M_WaitUntilStable
 .text.SDK_DelayAtLeastUs
                0x0000164c       0x94 ./drivers/fsl_common.o
                0x0000164c                SDK_DelayAtLeastUs
 .text.__NVIC_EnableIRQ
                0x000016e0       0x38 ./drivers/fsl_ctimer.o
 .text.CTIMER_GetInstance
                0x00001718       0x54 ./drivers/fsl_ctimer.o
 .text.CTIMER_Init
                0x0000176c       0x74 ./drivers/fsl_ctimer.o
                0x0000176c                CTIMER_Init
 .text.CTIMER_GetDefaultConfig
                0x000017e0       0x3c ./drivers/fsl_ctimer.o
                0x000017e0                CTIMER_GetDefaultConfig
 .text.CTIMER_SetupMatch
                0x0000181c      0x11c ./drivers/fsl_ctimer.o
                0x0000181c                CTIMER_SetupMatch
 .text.CTIMER_GenericIRQHandler
                0x00001938       0xbc ./drivers/fsl_ctimer.o
                0x00001938                CTIMER_GenericIRQHandler
 .text.FLEXCOMM_GetInstance
                0x000019f4       0x44 ./drivers/fsl_flexcomm.o
                0x000019f4                FLEXCOMM_GetInstance
 .text.FLEXCOMM_Init
                0x00001a38       0x5c ./drivers/fsl_flexcomm.o
                0x00001a38                FLEXCOMM_Init
 .text.FLEXCOMM0_DriverIRQHandler
                0x00001a94       0x3c ./drivers/fsl_flexcomm.o
                0x00001a94                FLEXCOMM0_DriverIRQHandler
 .text.FLEXCOMM1_DriverIRQHandler
                0x00001ad0       0x3c ./drivers/fsl_flexcomm.o
                0x00001ad0                FLEXCOMM1_DriverIRQHandler
 .text.FLEXCOMM2_DriverIRQHandler
                0x00001b0c       0x3c ./drivers/fsl_flexcomm.o
                0x00001b0c                FLEXCOMM2_DriverIRQHandler
 .text.FLEXCOMM3_DriverIRQHandler
                0x00001b48       0x3c ./drivers/fsl_flexcomm.o
                0x00001b48                FLEXCOMM3_DriverIRQHandler
 .text.FLEXCOMM4_DriverIRQHandler
                0x00001b84       0x3c ./drivers/fsl_flexcomm.o
                0x00001b84                FLEXCOMM4_DriverIRQHandler
 .text.FLEXCOMM5_DriverIRQHandler
                0x00001bc0       0x3c ./drivers/fsl_flexcomm.o
                0x00001bc0                FLEXCOMM5_DriverIRQHandler
 .text.FLEXCOMM6_DriverIRQHandler
                0x00001bfc       0x3c ./drivers/fsl_flexcomm.o
                0x00001bfc                FLEXCOMM6_DriverIRQHandler
 .text.RESET_SetPeripheralReset
                0x00001c38       0x7c ./drivers/fsl_reset.o
                0x00001c38                RESET_SetPeripheralReset
 .text.RESET_ClearPeripheralReset
                0x00001cb4       0x80 ./drivers/fsl_reset.o
                0x00001cb4                RESET_ClearPeripheralReset
 .text.USART_Init
                0x00001d34      0x18c ./drivers/fsl_usart.o
                0x00001d34                USART_Init
 .text.USART_GetDefaultConfig
                0x00001ec0       0x7c ./drivers/fsl_usart.o
                0x00001ec0                USART_GetDefaultConfig
 .text.USART_SetBaudRate
                0x00001f3c      0x128 ./drivers/fsl_usart.o
                0x00001f3c                USART_SetBaudRate
 .text.USART_WriteBlocking
                0x00002064       0x88 ./drivers/fsl_usart.o
                0x00002064                USART_WriteBlocking
 .text.__NVIC_SetPriorityGrouping
                0x000020ec       0x48 ./device/system_JN5189.o
 .text.CLOCK_GetXtal32kFreq
                0x00002134       0x30 ./device/system_JN5189.o
 .text.CLOCK_GetXtal32MFreq
                0x00002164       0x14 ./device/system_JN5189.o
 .text.CLOCK_GetFro32kFreq
                0x00002178       0x30 ./device/system_JN5189.o
 .text.CLOCK_GetFro1MFreq
                0x000021a8       0x14 ./device/system_JN5189.o
 .text.CLOCK_GetFro12MFreq
                0x000021bc       0x30 ./device/system_JN5189.o
 .text.CLOCK_GetFro32MFreq
                0x000021ec       0x30 ./device/system_JN5189.o
 .text.CLOCK_GetFro48MFreq
                0x0000221c       0x30 ./device/system_JN5189.o
 .text.CLOCK_GetMainClockRate
                0x0000224c       0x80 ./device/system_JN5189.o
 .text.SystemInit
                0x000022cc       0x48 ./device/system_JN5189.o
                0x000022cc                SystemInit
 .text.SystemCoreClockUpdate
                0x00002314       0x28 ./device/system_JN5189.o
                0x00002314                SystemCoreClockUpdate
 .text.HAL_UartInit
                0x0000233c      0x108 ./component/uart/usart_adapter.o
                0x0000233c                HAL_UartInit
 .text.HAL_UartSendBlocking
                0x00002444       0x64 ./component/uart/usart_adapter.o
                0x00002444                HAL_UartSendBlocking
 .text.SerialManager_Write
                0x000024a8       0x6c ./component/serial_manager/serial_manager.o
 .text.SerialManager_Init
                0x00002514       0x74 ./component/serial_manager/serial_manager.o
                0x00002514                SerialManager_Init
 .text.SerialManager_OpenWriteHandle
                0x00002588       0x64 ./component/serial_manager/serial_manager.o
                0x00002588                SerialManager_OpenWriteHandle
 .text.SerialManager_OpenReadHandle
                0x000025ec       0x74 ./component/serial_manager/serial_manager.o
                0x000025ec                SerialManager_OpenReadHandle
 .text.Serial_UartInit
                0x00002660       0x80 ./component/serial_manager/serial_port_uart.o
                0x00002660                Serial_UartInit
 .text.Serial_UartWrite
                0x000026e0       0x58 ./component/serial_manager/serial_port_uart.o
                0x000026e0                Serial_UartWrite
 .text.BOARD_InitDebugConsole
                0x00002738       0x34 ./board/board.o
                0x00002738                BOARD_InitDebugConsole
 .text.BOARD_GetClock32MCapacitanceCharacteristics
                0x0000276c       0x14 ./board/board_utility.o
                0x0000276c                BOARD_GetClock32MCapacitanceCharacteristics
 .text.BOARD_BootClockRUN
                0x00002780       0xec ./board/clock_config.o
                0x00002780                BOARD_BootClockRUN
 .text.BOARD_InitPins
                0x0000286c       0x74 ./board/pin_mux.o
                0x0000286c                BOARD_InitPins
 .text.__assertion_failed
                0x000028e0       0x4c C:/NXP/MCUXpressoIDE_24.12.148/ide/plugins/com.nxp.mcuxpresso.tools.win32_24.12.0.202407110909/tools/bin/../lib/gcc/arm-none-eabi/13.2.1/../../../../arm-none-eabi/lib/thumb/v7e-m/nofp\libcr_nohost_nf.a(_cr_assert.o)
                0x000028e0                __assertion_failed
 .text._Cwritebuf
                0x0000292c       0x6c C:/NXP/MCUXpressoIDE_24.12.148/ide/plugins/com.nxp.mcuxpresso.tools.win32_24.12.0.202407110909/tools/bin/../lib/gcc/arm-none-eabi/13.2.1/../../../../arm-none-eabi/lib/thumb/v7e-m/nofp\libcr_c.a(_writebuf.o)
                0x0000292c                _Cwritebuf
 .text.malloc   0x00002998       0xc8 C:/NXP/MCUXpressoIDE_24.12.148/ide/plugins/com.nxp.mcuxpresso.tools.win32_24.12.0.202407110909/tools/bin/../lib/gcc/arm-none-eabi/13.2.1/../../../../arm-none-eabi/lib/thumb/v7e-m/nofp\libcr_c.a(alloc.o)
                0x00002998                malloc
 .text._Csys_alloc
                0x00002a60       0x20 C:/NXP/MCUXpressoIDE_24.12.148/ide/plugins/com.nxp.mcuxpresso.tools.win32_24.12.0.202407110909/tools/bin/../lib/gcc/arm-none-eabi/13.2.1/../../../../arm-none-eabi/lib/thumb/v7e-m/nofp\libcr_c.a(alloc.o)
                0x00002a60                _Csys_alloc
 .text.fseek    0x00002a80       0xf8 C:/NXP/MCUXpressoIDE_24.12.148/ide/plugins/com.nxp.mcuxpresso.tools.win32_24.12.0.202407110909/tools/bin/../lib/gcc/arm-none-eabi/13.2.1/../../../../arm-none-eabi/lib/thumb/v7e-m/nofp\libcr_c.a(fseek.o)
                0x00002a80                fseek
 .text.ftell    0x00002b78       0x44 C:/NXP/MCUXpressoIDE_24.12.148/ide/plugins/com.nxp.mcuxpresso.tools.win32_24.12.0.202407110909/tools/bin/../lib/gcc/arm-none-eabi/13.2.1/../../../../arm-none-eabi/lib/thumb/v7e-m/nofp\libcr_c.a(ftell.o)
                0x00002b78                ftell
 .text._initio  0x00002bbc       0x78 C:/NXP/MCUXpressoIDE_24.12.148/ide/plugins/com.nxp.mcuxpresso.tools.win32_24.12.0.202407110909/tools/bin/../lib/gcc/arm-none-eabi/13.2.1/../../../../arm-none-eabi/lib/thumb/v7e-m/nofp\libcr_c.a(initio.o)
                0x00002bbc                _initio
 .text._sbrk    0x00002c34       0x3c C:/NXP/MCUXpressoIDE_24.12.148/ide/plugins/com.nxp.mcuxpresso.tools.win32_24.12.0.202407110909/tools/bin/../lib/gcc/arm-none-eabi/13.2.1/../../../../arm-none-eabi/lib/thumb/v7e-m/nofp\libcr_c.a(_cr_sbrk.o)
                0x00002c34                _sbrk
 .text.fflush   0x00002c70       0x3c C:/NXP/MCUXpressoIDE_24.12.148/ide/plugins/com.nxp.mcuxpresso.tools.win32_24.12.0.202407110909/tools/bin/../lib/gcc/arm-none-eabi/13.2.1/../../../../arm-none-eabi/lib/thumb/v7e-m/nofp\libcr_c.a(fflush.o)
                0x00002c70                fflush
 .text.__check_heap_overflow
                0x00002cac       0x18 C:/NXP/MCUXpressoIDE_24.12.148/ide/plugins/com.nxp.mcuxpresso.tools.win32_24.12.0.202407110909/tools/bin/../lib/gcc/arm-none-eabi/13.2.1/../../../../arm-none-eabi/lib/thumb/v7e-m/nofp\libcr_c.a(_cr_check_heap.o)
                0x00002cac                __check_heap_overflow
 .text.DbgConsole_PrintCallback
                0x00002cc4       0x66 ./utilities/fsl_debug_console.o
 .text.ConvertRadixNumToString
                0x00002d2a      0x112 ./utilities/fsl_str.o
 .text.StrFormatPrintf
                0x00002e3c      0x30c ./utilities/fsl_str.o
                0x00002e3c                StrFormatPrintf
 .text.WDT_BOD_IRQHandler
                0x00003148        0x8 ./startup/startup_jn5189.o
                0x00003148                WDT_BOD_IRQHandler
 .text.DMA0_IRQHandler
                0x00003150        0x8 ./startup/startup_jn5189.o
                0x00003150                DMA0_IRQHandler
 .text.GINT0_IRQHandler
                0x00003158        0x8 ./startup/startup_jn5189.o
                0x00003158                GINT0_IRQHandler
 .text.CIC_IRB_IRQHandler
                0x00003160        0x8 ./startup/startup_jn5189.o
                0x00003160                CIC_IRB_IRQHandler
 .text.PIN_INT0_IRQHandler
                0x00003168        0x8 ./startup/startup_jn5189.o
                0x00003168                PIN_INT0_IRQHandler
 .text.PIN_INT1_IRQHandler
                0x00003170        0x8 ./startup/startup_jn5189.o
                0x00003170                PIN_INT1_IRQHandler
 .text.PIN_INT2_IRQHandler
                0x00003178        0x8 ./startup/startup_jn5189.o
                0x00003178                PIN_INT2_IRQHandler
 .text.PIN_INT3_IRQHandler
                0x00003180        0x8 ./startup/startup_jn5189.o
                0x00003180                PIN_INT3_IRQHandler
 .text.SPIFI0_IRQHandler
                0x00003188        0x8 ./startup/startup_jn5189.o
                0x00003188                SPIFI0_IRQHandler
 .text.CTIMER1_IRQHandler
                0x00003190        0x8 ./startup/startup_jn5189.o
                0x00003190                CTIMER1_IRQHandler
 .text.FLEXCOMM0_IRQHandler
                0x00003198        0x8 ./startup/startup_jn5189.o
                0x00003198                FLEXCOMM0_IRQHandler
 .text.FLEXCOMM1_IRQHandler
                0x000031a0        0x8 ./startup/startup_jn5189.o
                0x000031a0                FLEXCOMM1_IRQHandler
 .text.FLEXCOMM2_IRQHandler
                0x000031a8        0x8 ./startup/startup_jn5189.o
                0x000031a8                FLEXCOMM2_IRQHandler
 .text.FLEXCOMM3_IRQHandler
                0x000031b0        0x8 ./startup/startup_jn5189.o
                0x000031b0                FLEXCOMM3_IRQHandler
 .text.FLEXCOMM4_IRQHandler
                0x000031b8        0x8 ./startup/startup_jn5189.o
                0x000031b8                FLEXCOMM4_IRQHandler
 .text.FLEXCOMM5_IRQHandler
                0x000031c0        0x8 ./startup/startup_jn5189.o
                0x000031c0                FLEXCOMM5_IRQHandler
 .text.PWM0_IRQHandler
                0x000031c8        0x8 ./startup/startup_jn5189.o
                0x000031c8                PWM0_IRQHandler
 .text.PWM1_IRQHandler
                0x000031d0        0x8 ./startup/startup_jn5189.o
                0x000031d0                PWM1_IRQHandler
 .text.PWM2_IRQHandler
                0x000031d8        0x8 ./startup/startup_jn5189.o
                0x000031d8                PWM2_IRQHandler
 .text.PWM3_IRQHandler
                0x000031e0        0x8 ./startup/startup_jn5189.o
                0x000031e0                PWM3_IRQHandler
 .text.PWM4_IRQHandler
                0x000031e8        0x8 ./startup/startup_jn5189.o
                0x000031e8                PWM4_IRQHandler
 .text.PWM5_IRQHandler
                0x000031f0        0x8 ./startup/startup_jn5189.o
                0x000031f0                PWM5_IRQHandler
 .text.PWM6_IRQHandler
                0x000031f8        0x8 ./startup/startup_jn5189.o
                0x000031f8                PWM6_IRQHandler
 .text.PWM7_IRQHandler
                0x00003200        0x8 ./startup/startup_jn5189.o
                0x00003200                PWM7_IRQHandler
 .text.PWM8_IRQHandler
                0x00003208        0x8 ./startup/startup_jn5189.o
                0x00003208                PWM8_IRQHandler
 .text.PWM9_IRQHandler
                0x00003210        0x8 ./startup/startup_jn5189.o
                0x00003210                PWM9_IRQHandler
 .text.PWM10_IRQHandler
                0x00003218        0x8 ./startup/startup_jn5189.o
                0x00003218                PWM10_IRQHandler
 .text.FLEXCOMM6_IRQHandler
                0x00003220        0x8 ./startup/startup_jn5189.o
                0x00003220                FLEXCOMM6_IRQHandler
 .text.RTC_IRQHandler
                0x00003228        0x8 ./startup/startup_jn5189.o
                0x00003228                RTC_IRQHandler
 .text.NFCTag_IRQHandler
                0x00003230        0x8 ./startup/startup_jn5189.o
                0x00003230                NFCTag_IRQHandler
 .text.MAILBOX_IRQHandler
                0x00003238        0x8 ./startup/startup_jn5189.o
                0x00003238                MAILBOX_IRQHandler
 .text.ADC0_SEQB_IRQHandler
                0x00003240        0x8 ./startup/startup_jn5189.o
                0x00003240                ADC0_SEQB_IRQHandler
 .text.ADC0_THCMP_IRQHandler
                0x00003248        0x8 ./startup/startup_jn5189.o
                0x00003248                ADC0_THCMP_IRQHandler
 .text.DMIC0_IRQHandler
                0x00003250        0x8 ./startup/startup_jn5189.o
                0x00003250                DMIC0_IRQHandler
 .text.HWVAD0_IRQHandler
                0x00003258        0x8 ./startup/startup_jn5189.o
                0x00003258                HWVAD0_IRQHandler
 .text.BLE_DP_IRQHandler
                0x00003260        0x8 ./startup/startup_jn5189.o
                0x00003260                BLE_DP_IRQHandler
 .text.BLE_DP0_IRQHandler
                0x00003268        0x8 ./startup/startup_jn5189.o
                0x00003268                BLE_DP0_IRQHandler
 .text.BLE_DP1_IRQHandler
                0x00003270        0x8 ./startup/startup_jn5189.o
                0x00003270                BLE_DP1_IRQHandler
 .text.BLE_DP2_IRQHandler
                0x00003278        0x8 ./startup/startup_jn5189.o
                0x00003278                BLE_DP2_IRQHandler
 .text.BLE_LL_ALL_IRQHandler
                0x00003280        0x8 ./startup/startup_jn5189.o
                0x00003280                BLE_LL_ALL_IRQHandler
 .text.RFP_TMU_IRQHandler
                0x00003288        0x8 ./startup/startup_jn5189.o
                0x00003288                RFP_TMU_IRQHandler
 .text.RFP_AGC_IRQHandler
                0x00003290        0x8 ./startup/startup_jn5189.o
                0x00003290                RFP_AGC_IRQHandler
 .text.ISO7816_IRQHandler
                0x00003298        0x8 ./startup/startup_jn5189.o
                0x00003298                ISO7816_IRQHandler
 .text.ANA_COMP_IRQHandler
                0x000032a0        0x8 ./startup/startup_jn5189.o
                0x000032a0                ANA_COMP_IRQHandler
 .text.WAKE_UP_TIMER0_IRQHandler
                0x000032a8        0x8 ./startup/startup_jn5189.o
                0x000032a8                WAKE_UP_TIMER0_IRQHandler
 .text.WAKE_UP_TIMER1_IRQHandler
                0x000032b0        0x8 ./startup/startup_jn5189.o
                0x000032b0                WAKE_UP_TIMER1_IRQHandler
 .text.PVTVF0_AMBER_IRQHandler
                0x000032b8        0x8 ./startup/startup_jn5189.o
                0x000032b8                PVTVF0_AMBER_IRQHandler
 .text.PVTVF0_RED_IRQHandler
                0x000032c0        0x8 ./startup/startup_jn5189.o
                0x000032c0                PVTVF0_RED_IRQHandler
 .text.PVTVF1_AMBER_IRQHandler
                0x000032c8        0x8 ./startup/startup_jn5189.o
                0x000032c8                PVTVF1_AMBER_IRQHandler
 .text.PVTVF1_RED_IRQHandler
                0x000032d0        0x8 ./startup/startup_jn5189.o
                0x000032d0                PVTVF1_RED_IRQHandler
 .text.BLE_WAKE_UP_TIMER_IRQHandler
                0x000032d8        0x8 ./startup/startup_jn5189.o
                0x000032d8                BLE_WAKE_UP_TIMER_IRQHandler
 .text.SHA_IRQHandler
                0x000032e0        0x8 ./startup/startup_jn5189.o
                0x000032e0                SHA_IRQHandler
 .text.EnableIRQ
                0x000032e8       0x2c ./source/JN5189_Project.o
 .text.GPIO_PinWrite
                0x00003314       0x2c ./source/JN5189_Project.o
 .text.ADC_EnableConvSeqA
                0x00003340       0x36 ./source/JN5189_Project.o
 .text.ADC_DoSoftwareTriggerConvSeqA
                0x00003376       0x1e ./source/JN5189_Project.o
 .text.ADC_EnableInterrupts
                0x00003394       0x24 ./source/JN5189_Project.o
 .text.ADC_ClearStatusFlags
                0x000033b8       0x1a ./source/JN5189_Project.o
 .text.CTIMER_ClearStatusFlags
                0x000033d2       0x1a ./source/JN5189_Project.o
 .text.CTIMER_StartTimer
                0x000033ec       0x1e ./source/JN5189_Project.o
 .text.HardFault_Handler
                0x0000340a       0x36 ./source/semihost_hardfault.o
                0x0000340a                HardFault_Handler
 .text.ADC_GetDefaultConfig
                0x00003440       0x32 ./drivers/fsl_adc.o
                0x00003440                ADC_GetDefaultConfig
 .text.CLOCK_SetClkDiv
                0x00003472       0xb6 ./drivers/fsl_clock.o
                0x00003472                CLOCK_SetClkDiv
 .text.CLOCK_GetFRGClock
                0x00003528       0x64 ./drivers/fsl_clock.o
                0x00003528                CLOCK_GetFRGClock
 .text.CLOCK_GetCoreSysClkFreq
                0x0000358c       0x1e ./drivers/fsl_clock.o
                0x0000358c                CLOCK_GetCoreSysClkFreq
 .text.CLOCK_GetOsc32kFreq
                0x000035aa       0x32 ./drivers/fsl_clock.o
                0x000035aa                CLOCK_GetOsc32kFreq
 .text.CLOCK_GetOsc32MFreq
                0x000035dc       0x32 ./drivers/fsl_clock.o
                0x000035dc                CLOCK_GetOsc32MFreq
 .text.CLOCK_EnableAPBBridge
                0x0000360e       0x1c ./drivers/fsl_clock.o
                0x0000360e                CLOCK_EnableAPBBridge
 .text.CLOCK_u8OscCapConvert
                0x0000362a       0x54 ./drivers/fsl_clock.o
 .text.DelayLoopN
                0x0000367e       0x22 ./drivers/fsl_clock.o
                0x0000367e                DelayLoopN
 .text.DelayLoop
                0x000036a0       0x1e ./drivers/fsl_common.o
 .text.EnableIRQ
                0x000036be       0x2c ./drivers/fsl_ctimer.o
 .text.CTIMER_GetStatusFlags
                0x000036ea       0x16 ./drivers/fsl_ctimer.o
 .text.CTIMER_ClearStatusFlags
                0x00003700       0x1a ./drivers/fsl_ctimer.o
 .text.CTIMER1_DriverIRQHandler
                0x0000371a       0x14 ./drivers/fsl_ctimer.o
                0x0000371a                CTIMER1_DriverIRQHandler
 .text.FLEXCOMM_PeripheralIsPresent
                0x0000372e       0x62 ./drivers/fsl_flexcomm.o
 .text.FLEXCOMM_SetPeriph
                0x00003790       0x74 ./drivers/fsl_flexcomm.o
 .text.GPIO_PinInit
                0x00003804       0x7c ./drivers/fsl_gpio.o
                0x00003804                GPIO_PinInit
 .text.RESET_PeripheralReset
                0x00003880       0x1c ./drivers/fsl_reset.o
                0x00003880                RESET_PeripheralReset
 .text.USART_EnableContinuousSCLK
                0x0000389c       0x36 ./drivers/fsl_usart.o
 .text.CLOCK_GetOsc32kFreq
                0x000038d2       0x32 ./device/system_JN5189.o
 .text.HAL_UartGetStatus
                0x00003904       0x20 ./component/uart/usart_adapter.o
 .text.DisableGlobalIRQ
                0x00003924       0x20 ./component/serial_manager/serial_manager.o
 .text.EnableGlobalIRQ
                0x00003944       0x1e ./component/serial_manager/serial_manager.o
 .text.SerialManager_StartWriting
                0x00003962       0x48 ./component/serial_manager/serial_manager.o
 .text.SerialManager_WriteBlocking
                0x000039aa       0x20 ./component/serial_manager/serial_manager.o
                0x000039aa                SerialManager_WriteBlocking
 .text.BOARD_InitBootClocks
                0x000039ca        0xc ./board/clock_config.o
                0x000039ca                BOARD_InitBootClocks
 .text.BOARD_InitBootPeripherals
                0x000039d6        0xc ./board/peripherals.o
                0x000039d6                BOARD_InitBootPeripherals
 .text.IOCON_PinMuxSet
                0x000039e2       0x30 ./board/pin_mux.o
 .text.BOARD_InitBootPins
                0x00003a12        0xc ./board/pin_mux.o
                0x00003a12                BOARD_InitBootPins
 .text.__main   0x00003a1e        0xe C:/NXP/MCUXpressoIDE_24.12.148/ide/plugins/com.nxp.mcuxpresso.tools.win32_24.12.0.202407110909/tools/bin/../lib/gcc/arm-none-eabi/13.2.1/../../../../arm-none-eabi/lib/thumb/v7e-m/nofp\libcr_nohost_nf.a(_cr__main.o)
                0x00003a1e                __main
 .text.__sys_appexit
                0x00003a2c        0x2 C:/NXP/MCUXpressoIDE_24.12.148/ide/plugins/com.nxp.mcuxpresso.tools.win32_24.12.0.202407110909/tools/bin/../lib/gcc/arm-none-eabi/13.2.1/../../../../arm-none-eabi/lib/thumb/v7e-m/nofp\libcr_nohost_nf.a(__sys_appexit.o)
                0x00003a2c                __sys_appexit
                0x00003a2c                __exit
 .text.memset   0x00003a2e        0x4 C:/NXP/MCUXpressoIDE_24.12.148/ide/plugins/com.nxp.mcuxpresso.tools.win32_24.12.0.202407110909/tools/bin/../lib/gcc/arm-none-eabi/13.2.1/../../../../arm-none-eabi/lib/thumb/v7e-m/nofp\libcr_c.a(memset.o)
                0x00003a2e                memset
 .text._deferredlazyseek
                0x00003a32       0x40 C:/NXP/MCUXpressoIDE_24.12.148/ide/plugins/com.nxp.mcuxpresso.tools.win32_24.12.0.202407110909/tools/bin/../lib/gcc/arm-none-eabi/13.2.1/../../../../arm-none-eabi/lib/thumb/v7e-m/nofp\libcr_c.a(_deferredlazyseek.o)
                0x00003a32                _deferredlazyseek
 .text.__flsbuf
                0x00003a72      0x126 C:/NXP/MCUXpressoIDE_24.12.148/ide/plugins/com.nxp.mcuxpresso.tools.win32_24.12.0.202407110909/tools/bin/../lib/gcc/arm-none-eabi/13.2.1/../../../../arm-none-eabi/lib/thumb/v7e-m/nofp\libcr_c.a(_deferredlazyseek.o)
                0x00003a72                __flsbuf
 .text._fflush  0x00003b98       0x52 C:/NXP/MCUXpressoIDE_24.12.148/ide/plugins/com.nxp.mcuxpresso.tools.win32_24.12.0.202407110909/tools/bin/../lib/gcc/arm-none-eabi/13.2.1/../../../../arm-none-eabi/lib/thumb/v7e-m/nofp\libcr_c.a(_fflush.o)
                0x00003b98                _fflush
 .text.free     0x00003bea       0x30 C:/NXP/MCUXpressoIDE_24.12.148/ide/plugins/com.nxp.mcuxpresso.tools.win32_24.12.0.202407110909/tools/bin/../lib/gcc/arm-none-eabi/13.2.1/../../../../arm-none-eabi/lib/thumb/v7e-m/nofp\libcr_c.a(alloc.o)
                0x00003bea                free
 .text.fputs    0x00003c1a       0x2c C:/NXP/MCUXpressoIDE_24.12.148/ide/plugins/com.nxp.mcuxpresso.tools.win32_24.12.0.202407110909/tools/bin/../lib/gcc/arm-none-eabi/13.2.1/../../../../arm-none-eabi/lib/thumb/v7e-m/nofp\libcr_c.a(fputs.o)
                0x00003c1a                fputs
 .text.setvbuf  0x00003c46       0x3e C:/NXP/MCUXpressoIDE_24.12.148/ide/plugins/com.nxp.mcuxpresso.tools.win32_24.12.0.202407110909/tools/bin/../lib/gcc/arm-none-eabi/13.2.1/../../../../arm-none-eabi/lib/thumb/v7e-m/nofp\libcr_c.a(setvbuf.o)
                0x00003c46                setvbuf
 .text.abs      0x00003c84        0x8 C:/NXP/MCUXpressoIDE_24.12.148/ide/plugins/com.nxp.mcuxpresso.tools.win32_24.12.0.202407110909/tools/bin/../lib/gcc/arm-none-eabi/13.2.1/../../../../arm-none-eabi/lib/thumb/v7e-m/nofp\libcr_c.a(stdlib.o)
                0x00003c84                abs
 .text.strlen   0x00003c8c       0x4e C:/NXP/MCUXpressoIDE_24.12.148/ide/plugins/com.nxp.mcuxpresso.tools.win32_24.12.0.202407110909/tools/bin/../lib/gcc/arm-none-eabi/13.2.1/../../../../arm-none-eabi/lib/thumb/v7e-m/nofp\libcr_c.a(strlen.o)
                0x00003c8c                strlen
 .text._fdopen  0x00003cda       0x68 C:/NXP/MCUXpressoIDE_24.12.148/ide/plugins/com.nxp.mcuxpresso.tools.win32_24.12.0.202407110909/tools/bin/../lib/gcc/arm-none-eabi/13.2.1/../../../../arm-none-eabi/lib/thumb/v7e-m/nofp\libcr_c.a(_fdopen.o)
                0x00003cda                _fdopen
 .text.fclose   0x00003d42       0x58 C:/NXP/MCUXpressoIDE_24.12.148/ide/plugins/com.nxp.mcuxpresso.tools.win32_24.12.0.202407110909/tools/bin/../lib/gcc/arm-none-eabi/13.2.1/../../../../arm-none-eabi/lib/thumb/v7e-m/nofp\libcr_c.a(fclose.o)
                0x00003d42                fclose
 .text.remove   0x00003d9a       0x14 C:/NXP/MCUXpressoIDE_24.12.148/ide/plugins/com.nxp.mcuxpresso.tools.win32_24.12.0.202407110909/tools/bin/../lib/gcc/arm-none-eabi/13.2.1/../../../../arm-none-eabi/lib/thumb/v7e-m/nofp\libcr_c.a(remove.o)
                0x00003d9a                remove
 .text._do_fflush
                0x00003dae       0x40 C:/NXP/MCUXpressoIDE_24.12.148/ide/plugins/com.nxp.mcuxpresso.tools.win32_24.12.0.202407110909/tools/bin/../lib/gcc/arm-none-eabi/13.2.1/../../../../arm-none-eabi/lib/thumb/v7e-m/nofp\libcr_c.a(_do_fflush.o)
                0x00003dae                _do_fflush
 .text.__aeabi_division_uldivmod
                0x00003dee      0x174 C:/NXP/MCUXpressoIDE_24.12.148/ide/plugins/com.nxp.mcuxpresso.tools.win32_24.12.0.202407110909/tools/bin/../lib/gcc/arm-none-eabi/13.2.1/thumb/v7e-m/nofp\libcr_eabihelpers.a(division_64.o)
                0x00003dee                __aeabi_uldivmod
                0x00003df2                __bhs_ldivmod1
 .text.__aeabi_division_idiv0
                0x00003f62        0x2 C:/NXP/MCUXpressoIDE_24.12.148/ide/plugins/com.nxp.mcuxpresso.tools.win32_24.12.0.202407110909/tools/bin/../lib/gcc/arm-none-eabi/13.2.1/thumb/v7e-m/nofp\libcr_eabihelpers.a(division_idiv0.o)
                0x00003f62                __aeabi_idiv0
 .text.__aeabi_memset_lowlevel
                0x00003f64       0x32 C:/NXP/MCUXpressoIDE_24.12.148/ide/plugins/com.nxp.mcuxpresso.tools.win32_24.12.0.202407110909/tools/bin/../lib/gcc/arm-none-eabi/13.2.1/thumb/v7e-m/nofp\libcr_eabihelpers.a(memcpy.o)
                0x00003f64                __aeabi_lowlevel_memset
 .text.__sys_close
                0x00003f96        0x6 C:/NXP/MCUXpressoIDE_24.12.148/ide/plugins/com.nxp.mcuxpresso.tools.win32_24.12.0.202407110909/tools/bin/../lib/gcc/arm-none-eabi/13.2.1/../../../../arm-none-eabi/lib/thumb/v7e-m/nofp\libcr_nohost_nf.a(__sys_close.o)
                0x00003f96                __sys_close
 .text.__sys_flen
                0x00003f9c        0x6 C:/NXP/MCUXpressoIDE_24.12.148/ide/plugins/com.nxp.mcuxpresso.tools.win32_24.12.0.202407110909/tools/bin/../lib/gcc/arm-none-eabi/13.2.1/../../../../arm-none-eabi/lib/thumb/v7e-m/nofp\libcr_nohost_nf.a(__sys_flen.o)
                0x00003f9c                __sys_flen
 .text.__sys_istty
                0x00003fa2        0x6 C:/NXP/MCUXpressoIDE_24.12.148/ide/plugins/com.nxp.mcuxpresso.tools.win32_24.12.0.202407110909/tools/bin/../lib/gcc/arm-none-eabi/13.2.1/../../../../arm-none-eabi/lib/thumb/v7e-m/nofp\libcr_nohost_nf.a(__sys_istty.o)
                0x00003fa2                __sys_istty
 .text.__sys_remove
                0x00003fa8        0x6 C:/NXP/MCUXpressoIDE_24.12.148/ide/plugins/com.nxp.mcuxpresso.tools.win32_24.12.0.202407110909/tools/bin/../lib/gcc/arm-none-eabi/13.2.1/../../../../arm-none-eabi/lib/thumb/v7e-m/nofp\libcr_nohost_nf.a(__sys_remove.o)
                0x00003fa8                __sys_remove
 .text.__sys_seek
                0x00003fae        0x6 C:/NXP/MCUXpressoIDE_24.12.148/ide/plugins/com.nxp.mcuxpresso.tools.win32_24.12.0.202407110909/tools/bin/../lib/gcc/arm-none-eabi/13.2.1/../../../../arm-none-eabi/lib/thumb/v7e-m/nofp\libcr_nohost_nf.a(__sys_seek.o)
                0x00003fae                __sys_seek
 .text.__sys_tmpnam
                0x00003fb4        0x6 C:/NXP/MCUXpressoIDE_24.12.148/ide/plugins/com.nxp.mcuxpresso.tools.win32_24.12.0.202407110909/tools/bin/../lib/gcc/arm-none-eabi/13.2.1/../../../../arm-none-eabi/lib/thumb/v7e-m/nofp\libcr_nohost_nf.a(__sys_tmpnam.o)
                0x00003fb4                __sys_tmpnam
 .text.__sys_write
                0x00003fba        0x4 C:/NXP/MCUXpressoIDE_24.12.148/ide/plugins/com.nxp.mcuxpresso.tools.win32_24.12.0.202407110909/tools/bin/../lib/gcc/arm-none-eabi/13.2.1/../../../../arm-none-eabi/lib/thumb/v7e-m/nofp\libcr_nohost_nf.a(__sys_write.o)
                0x00003fba                __sys_write
 *(SORT_BY_ALIGNMENT(.rodata) SORT_BY_ALIGNMENT(.rodata.*) SORT_BY_ALIGNMENT(.constdata) SORT_BY_ALIGNMENT(.constdata.*))
 *fill*         0x00003fbe        0x2 ff
 .rodata.DbgConsole_SendDataReliable.str1.4
                0x00003fc0      0x8e0 ./utilities/fsl_debug_console.o
                                 0x4c (size before relaxing)
 .rodata.DbgConsole_Init.str1.4
                0x000048a0       0xca ./utilities/fsl_debug_console.o
 .rodata.main.str1.4
                0x000048a0       0x2e ./source/JN5189_Project.o
 .rodata.ADC_GetInstance.str1.4
                0x000048a0       0x31 ./drivers/fsl_adc.o
 .rodata.ADC_Init.str1.4
                0x000048a0       0x1e ./drivers/fsl_adc.o
 .rodata.ADC_SetConvSeqAConfig.str1.4
                0x000048a0       0x1f ./drivers/fsl_adc.o
 .rodata.ADC_GetChannelConversionResult.str1.4
                0x000048a0       0x48 ./drivers/fsl_adc.o
 .rodata.CLOCK_XtalBasicTrim.str1.4
                0x000048a0       0x2f ./drivers/fsl_clock.o
 .rodata.SDK_DelayAtLeastUs.str1.4
                0x000048a0       0x4b ./drivers/fsl_common.o
 .rodata.s_ctimerBases
                0x000048a0        0x8 ./drivers/fsl_ctimer.o
 .rodata.s_ctimerClocks
                0x000048a8        0x8 ./drivers/fsl_ctimer.o
 .rodata.s_ctimerResets
                0x000048b0        0x8 ./drivers/fsl_ctimer.o
 .rodata.s_ctimerIRQ
                0x000048b8        0x2 ./drivers/fsl_ctimer.o
 .rodata.CTIMER_GetInstance.str1.4
                0x000048ba       0x2e ./drivers/fsl_ctimer.o
 .rodata.CTIMER_Init.str1.4
                0x000048ba       0x19 ./drivers/fsl_ctimer.o
 .rodata.CTIMER_GetDefaultConfig.str1.4
                0x000048ba       0x1a ./drivers/fsl_ctimer.o
 *fill*         0x000048ba        0x2 ff
 .rodata.s_flexcommBaseAddrs
                0x000048bc       0x1c ./drivers/fsl_flexcomm.o
 .rodata.s_flexcommClocks
                0x000048d8       0x1c ./drivers/fsl_flexcomm.o
 .rodata.s_flexcommResets
                0x000048f4       0x1c ./drivers/fsl_flexcomm.o
 .rodata.FLEXCOMM_GetInstance.str1.4
                0x00004910       0x1a ./drivers/fsl_flexcomm.o
 .rodata.FLEXCOMM0_DriverIRQHandler.str1.4
                0x00004910       0x2d ./drivers/fsl_flexcomm.o
 .rodata.FLEXCOMM1_DriverIRQHandler.str1.4
                0x00004910       0x2d ./drivers/fsl_flexcomm.o
 .rodata.FLEXCOMM2_DriverIRQHandler.str1.4
                0x00004910       0x2d ./drivers/fsl_flexcomm.o
 .rodata.FLEXCOMM3_DriverIRQHandler.str1.4
                0x00004910       0x2d ./drivers/fsl_flexcomm.o
 .rodata.FLEXCOMM4_DriverIRQHandler.str1.4
                0x00004910       0x2d ./drivers/fsl_flexcomm.o
 .rodata.FLEXCOMM5_DriverIRQHandler.str1.4
                0x00004910       0x2d ./drivers/fsl_flexcomm.o
 .rodata.FLEXCOMM6_DriverIRQHandler.str1.4
                0x00004910       0x2d ./drivers/fsl_flexcomm.o
 .rodata.RESET_SetPeripheralReset.str1.4
                0x00004910       0x1e ./drivers/fsl_reset.o
 .rodata.RESET_ClearPeripheralReset.str1.4
                0x00004910       0x1e ./drivers/fsl_reset.o
 .rodata.USART_Init.str1.4
                0x00004910       0x4e ./drivers/fsl_usart.o
 .rodata.USART_GetDefaultConfig.str1.4
                0x00004910       0x21 ./drivers/fsl_usart.o
 .rodata.USART_SetBaudRate.str1.4
                0x00004910       0x51 ./drivers/fsl_usart.o
 .rodata.USART_WriteBlocking.str1.4
                0x00004910       0x36 ./drivers/fsl_usart.o
 .rodata.s_UsartAdapterBase
                0x00004910        0x8 ./component/uart/usart_adapter.o
 .rodata.HAL_UartInit.str1.4
                0x00004918       0xdb ./component/uart/usart_adapter.o
 .rodata.HAL_UartSendBlocking.str1.4
                0x00004918       0x59 ./component/uart/usart_adapter.o
 .rodata.SerialManager_Write.str1.4
                0x00004918       0x82 ./component/serial_manager/serial_manager.o
 .rodata.SerialManager_Init.str1.4
                0x00004918       0x44 ./component/serial_manager/serial_manager.o
 .rodata.SerialManager_OpenWriteHandle.str1.4
                0x00004918       0x48 ./component/serial_manager/serial_manager.o
 .rodata.SerialManager_OpenReadHandle.str1.4
                0x00004918       0x4b ./component/serial_manager/serial_manager.o
 .rodata.Serial_UartInit.str1.4
                0x00004918       0x4e ./component/serial_manager/serial_port_uart.o
 .rodata.Serial_UartWrite.str1.4
                0x00004918       0x68 ./component/serial_manager/serial_port_uart.o
 .rodata.BOARD_Clock32MCapacitanceCharacteristics
                0x00004918        0xc ./board/board_utility.o
                0x00004918                BOARD_Clock32MCapacitanceCharacteristics
 .rodata.__num_Ciob_streams
                0x00004924        0x4 C:/NXP/MCUXpressoIDE_24.12.148/ide/plugins/com.nxp.mcuxpresso.tools.win32_24.12.0.202407110909/tools/bin/../lib/gcc/arm-none-eabi/13.2.1/../../../../arm-none-eabi/lib/thumb/v7e-m/nofp\libcr_nohost_nf.a(__ciob.o)
                0x00004924                __num_Ciob_streams
 .rodata.__assertion_failed.str1.1
                0x00004928       0x31 C:/NXP/MCUXpressoIDE_24.12.148/ide/plugins/com.nxp.mcuxpresso.tools.win32_24.12.0.202407110909/tools/bin/../lib/gcc/arm-none-eabi/13.2.1/../../../../arm-none-eabi/lib/thumb/v7e-m/nofp\libcr_nohost_nf.a(_cr_assert.o)
                                 0x15 (size before relaxing)
 .rodata._Csys_alloc.str1.1
                0x00004959       0x18 C:/NXP/MCUXpressoIDE_24.12.148/ide/plugins/com.nxp.mcuxpresso.tools.win32_24.12.0.202407110909/tools/bin/../lib/gcc/arm-none-eabi/13.2.1/../../../../arm-none-eabi/lib/thumb/v7e-m/nofp\libcr_c.a(alloc.o)
 .rodata._initio.str1.1
                0x00004959        0x4 C:/NXP/MCUXpressoIDE_24.12.148/ide/plugins/com.nxp.mcuxpresso.tools.win32_24.12.0.202407110909/tools/bin/../lib/gcc/arm-none-eabi/13.2.1/../../../../arm-none-eabi/lib/thumb/v7e-m/nofp\libcr_c.a(initio.o)
                0x000049f4                        . = ALIGN (0x4)
 *fill*         0x00004959        0x3 ff

.glue_7         0x0000495c        0x0
 .glue_7        0x0000495c        0x0 linker stubs

.glue_7t        0x0000495c        0x0
 .glue_7t       0x0000495c        0x0 linker stubs

.vfp11_veneer   0x0000495c        0x0
 .vfp11_veneer  0x0000495c        0x0 linker stubs

.v4_bx          0x0000495c        0x0
 .v4_bx         0x0000495c        0x0 linker stubs

.iplt           0x0000495c        0x0
 .iplt          0x0000495c        0x0 ./utilities/fsl_debug_console.o

.rel.dyn        0x0000495c        0x0
 .rel.iplt      0x0000495c        0x0 ./utilities/fsl_debug_console.o

.ARM.extab
 *(SORT_BY_ALIGNMENT(.ARM.extab*) SORT_BY_ALIGNMENT(.gnu.linkonce.armextab.*))

.ARM.exidx      0x0000495c        0x0
                0x0000495c                        __exidx_start = .
 *(SORT_BY_ALIGNMENT(.ARM.exidx*) SORT_BY_ALIGNMENT(.gnu.linkonce.armexidx.*))
                0x0000495c                        __exidx_end = .
                0x0000495c                        _etext = .

.data_RAM2      0x04020000        0x0 load address 0x0000495c
 FILL mask 0xff
                [!provide]                        PROVIDE (__start_data_RAM2 = .)
                [!provide]                        PROVIDE (__start_data_SRAM1 = .)
 *(SORT_BY_ALIGNMENT(.ramfunc.$RAM2))
 *(SORT_BY_ALIGNMENT(.ramfunc.$SRAM1))
 *(SORT_BY_ALIGNMENT(.data.$RAM2))
 *(SORT_BY_ALIGNMENT(.data.$SRAM1))
 *(SORT_BY_ALIGNMENT(.data.$RAM2.*))
 *(SORT_BY_ALIGNMENT(.data.$SRAM1.*))
                0x04020000                        . = ALIGN (0x4)
                [!provide]                        PROVIDE (__end_data_RAM2 = .)
                [!provide]                        PROVIDE (__end_data_SRAM1 = .)

.uninit_RESERVED
                0x04000000        0x0
                0x04000000                        _start_uninit_RESERVED = .
 *(SORT_BY_ALIGNMENT(.bss.$RESERVED*))
                0x04000000                        . = ALIGN (0x4)
                0x04000000                        _end_uninit_RESERVED = .

.data           0x04000000        0x4 load address 0x0000495c
 FILL mask 0xff
                0x04000000                        _data = .
                [!provide]                        PROVIDE (__start_data_RAM = .)
                [!provide]                        PROVIDE (__start_data_SRAM = .)
 *(SORT_BY_ALIGNMENT(vtable))
 *(SORT_BY_ALIGNMENT(.ramfunc*))
 *(SORT_BY_ALIGNMENT(CodeQuickAccess))
 *(SORT_BY_ALIGNMENT(DataQuickAccess))
 *(SORT_BY_ALIGNMENT(RamFunction))
 *(SORT_BY_ALIGNMENT(.data*))
 .data.SystemCoreClock
                0x04000000        0x4 ./device/system_JN5189.o
                0x04000000                SystemCoreClock
                0x04000004                        . = ALIGN (0x4)
                0x04000004                        _edata = .
                [!provide]                        PROVIDE (__end_data_RAM = .)
                [!provide]                        PROVIDE (__end_data_SRAM = .)

.igot.plt       0x04000004        0x0 load address 0x00004960
 .igot.plt      0x04000004        0x0 ./utilities/fsl_debug_console.o

.bss_RAM2       0x04020000        0x0
                [!provide]                        PROVIDE (__start_bss_RAM2 = .)
                [!provide]                        PROVIDE (__start_bss_SRAM1 = .)
 *(SORT_BY_ALIGNMENT(.bss.$RAM2))
 *(SORT_BY_ALIGNMENT(.bss.$SRAM1))
 *(SORT_BY_ALIGNMENT(.bss.$RAM2.*))
 *(SORT_BY_ALIGNMENT(.bss.$SRAM1.*))
                0x04020000                        . = ALIGN ((. != 0x0)?0x4:0x1)
                [!provide]                        PROVIDE (__end_bss_RAM2 = .)
                [!provide]                        PROVIDE (__end_bss_SRAM1 = .)

.bss            0x04000004      0x160
                0x04000004                        _bss = .
                [!provide]                        PROVIDE (__start_bss_RAM = .)
                [!provide]                        PROVIDE (__start_bss_SRAM = .)
 *(SORT_BY_ALIGNMENT(.bss*))
 .bss.s_debugConsoleState
                0x04000004       0x1c ./utilities/fsl_debug_console.o
 .bss.g_serialHandle
                0x04000020        0x4 ./utilities/fsl_debug_console.o
                0x04000020                g_serialHandle
 .bss.adcResultValue
                0x04000024        0x4 ./source/JN5189_Project.o
                0x04000024                adcResultValue
 .bss.adcBuffer
                0x04000028       0x20 ./source/JN5189_Project.o
                0x04000028                adcBuffer
 .bss.runningSum
                0x04000048        0x4 ./source/JN5189_Project.o
                0x04000048                runningSum
 .bss.noiseFloor
                0x0400004c        0x4 ./source/JN5189_Project.o
                0x0400004c                noiseFloor
 .bss.finalVal  0x04000050        0x4 ./source/JN5189_Project.o
                0x04000050                finalVal
 .bss.state     0x04000054        0x4 ./source/JN5189_Project.o
                0x04000054                state
 .bss.s_ctimerCallback
                0x04000058        0x8 ./drivers/fsl_ctimer.o
 .bss.ctimerCallbackType
                0x04000060        0x2 ./drivers/fsl_ctimer.o
 *fill*         0x04000062        0x2 
 .bss.s_flexcommIrqHandler
                0x04000064       0x1c ./drivers/fsl_flexcomm.o
 .bss.s_flexcommHandle
                0x04000080       0x1c ./drivers/fsl_flexcomm.o
 .bss.__Ciob    0x0400009c       0xb4 C:/NXP/MCUXpressoIDE_24.12.148/ide/plugins/com.nxp.mcuxpresso.tools.win32_24.12.0.202407110909/tools/bin/../lib/gcc/arm-none-eabi/13.2.1/../../../../arm-none-eabi/lib/thumb/v7e-m/nofp\libcr_nohost_nf.a(__ciob.o)
                0x0400009c                __Ciob
 .bss.__end_of_heap
                0x04000150        0x4 C:/NXP/MCUXpressoIDE_24.12.148/ide/plugins/com.nxp.mcuxpresso.tools.win32_24.12.0.202407110909/tools/bin/../lib/gcc/arm-none-eabi/13.2.1/../../../../arm-none-eabi/lib/thumb/v7e-m/nofp\libcr_c.a(__init_alloc.o)
                0x04000150                __end_of_heap
 .bss.__heaps   0x04000154        0x4 C:/NXP/MCUXpressoIDE_24.12.148/ide/plugins/com.nxp.mcuxpresso.tools.win32_24.12.0.202407110909/tools/bin/../lib/gcc/arm-none-eabi/13.2.1/../../../../arm-none-eabi/lib/thumb/v7e-m/nofp\libcr_c.a(__init_alloc.o)
                0x04000154                __heaps
 .bss.errno     0x04000158        0x4 C:/NXP/MCUXpressoIDE_24.12.148/ide/plugins/com.nxp.mcuxpresso.tools.win32_24.12.0.202407110909/tools/bin/../lib/gcc/arm-none-eabi/13.2.1/../../../../arm-none-eabi/lib/thumb/v7e-m/nofp\libcr_c.a(errno.o)
                0x04000158                errno
 .bss.currentMean
                0x0400015c        0x2 ./source/JN5189_Project.o
                0x0400015c                currentMean
 .bss.ledTimeoutCounter
                0x0400015e        0x2 ./source/JN5189_Project.o
                0x0400015e                ledTimeoutCounter
 .bss.isNewDataReady
                0x04000160        0x1 ./source/JN5189_Project.o
                0x04000160                isNewDataReady
 .bss.bufIndex  0x04000161        0x1 ./source/JN5189_Project.o
                0x04000161                bufIndex
 .bss.diagTimer
                0x04000162        0x1 ./source/JN5189_Project.o
                0x04000162                diagTimer
 .bss.diagADC   0x04000163        0x1 ./source/JN5189_Project.o
                0x04000163                diagADC
 *(SORT_BY_ALIGNMENT(COMMON))
                0x04000164                        . = ALIGN (0x4)
                0x04000164                        _ebss = .
                [!provide]                        PROVIDE (__end_bss_RAM = .)
                [!provide]                        PROVIDE (__end_bss_SRAM = .)
                [!provide]                        PROVIDE (end = .)

.noinit_RAM2    0x04020000        0x0
                [!provide]                        PROVIDE (__start_noinit_RAM2 = .)
                [!provide]                        PROVIDE (__start_noinit_SRAM1 = .)
 *(SORT_BY_ALIGNMENT(.noinit.$RAM2))
 *(SORT_BY_ALIGNMENT(.noinit.$SRAM1))
 *(SORT_BY_ALIGNMENT(.noinit.$RAM2.*))
 *(SORT_BY_ALIGNMENT(.noinit.$SRAM1.*))
                0x04020000                        . = ALIGN (0x4)
                [!provide]                        PROVIDE (__end_noinit_RAM2 = .)
                [!provide]                        PROVIDE (__end_noinit_SRAM1 = .)

.noinit         0x04000164        0x0
                0x04000164                        _noinit = .
                [!provide]                        PROVIDE (__start_noinit_RAM = .)
                [!provide]                        PROVIDE (__start_noinit_SRAM = .)
 *(SORT_BY_ALIGNMENT(.noinit*))
                0x04000164                        . = ALIGN (0x4)
                0x04000164                        _end_noinit = .
                [!provide]                        PROVIDE (__end_noinit_RAM = .)
                [!provide]                        PROVIDE (__end_noinit_SRAM = .)
                0x00001000                        _HeapSize = 0x1000

.heap           0x04000164     0x1000
                0x04000164                        _pvHeapStart = .
                0x04001164                        . = (. + _HeapSize)
 *fill*         0x04000164     0x1000 
                0x04001164                        . = ALIGN (0x4)
                0x04001164                        _pvHeapLimit = .
                0x00001000                        _StackSize = 0x1000

.heap2stackfill
                0x04001164     0x1000
                0x04002164                        . = (. + _StackSize)
 *fill*         0x04001164     0x1000 

.stack          0x04014fe0        0x0
                0x04014fe0                        _vStackBase = .
                0x04014fe0                        . = ALIGN (0x4)
                0x04015fe0                        _vStackTop = (. + _StackSize)
                0x00000000                        _image_start = LOADADDR (.text)
                0x00004960                        _image_end = (LOADADDR (.data) + SIZEOF (.data))
                0x00004960                        _image_size = (_image_end - _image_start)
OUTPUT(JN5189_Project.axf elf32-littlearm)
LOAD linker stubs

.debug_info     0x00000000    0x19d03
 .debug_info    0x00000000     0x1586 ./utilities/fsl_debug_console.o
 .debug_info    0x00001586      0x51f ./utilities/fsl_str.o
 .debug_info    0x00001aa5     0x1691 ./startup/startup_jn5189.o
 .debug_info    0x00003136     0x23d1 ./source/JN5189_Project.o
 .debug_info    0x00005507       0x3c ./source/semihost_hardfault.o
 .debug_info    0x00005543     0x17a0 ./drivers/fsl_adc.o
 .debug_info    0x00006ce3     0x2164 ./drivers/fsl_clock.o
 .debug_info    0x00008e47     0x10db ./drivers/fsl_common.o
 .debug_info    0x00009f22     0x1e62 ./drivers/fsl_ctimer.o
 .debug_info    0x0000bd84     0x16f3 ./drivers/fsl_flexcomm.o
 .debug_info    0x0000d477     0x13db ./drivers/fsl_gpio.o
 .debug_info    0x0000e852      0xe7c ./drivers/fsl_reset.o
 .debug_info    0x0000f6ce     0x1fbb ./drivers/fsl_usart.o
 .debug_info    0x00011689     0x10e0 ./device/system_JN5189.o
 .debug_info    0x00012769     0x159c ./component/uart/usart_adapter.o
 .debug_info    0x00013d05      0x8e2 ./component/serial_manager/serial_manager.o
 .debug_info    0x000145e7      0x536 ./component/serial_manager/serial_port_uart.o
 .debug_info    0x00014b1d      0x35a ./board/board.o
 .debug_info    0x00014e77     0x1125 ./board/board_utility.o
 .debug_info    0x00015f9c      0x50d ./board/clock_config.o
 .debug_info    0x000164a9       0x3c ./board/peripherals.o
 .debug_info    0x000164e5      0x377 ./board/pin_mux.o
 .debug_info    0x0001685c       0x85 C:/NXP/MCUXpressoIDE_24.12.148/ide/plugins/com.nxp.mcuxpresso.tools.win32_24.12.0.202407110909/tools/bin/../lib/gcc/arm-none-eabi/13.2.1/../../../../arm-none-eabi/lib/thumb/v7e-m/nofp\libcr_nohost_nf.a(_cr__main.o)
 .debug_info    0x000168e1      0x235 C:/NXP/MCUXpressoIDE_24.12.148/ide/plugins/com.nxp.mcuxpresso.tools.win32_24.12.0.202407110909/tools/bin/../lib/gcc/arm-none-eabi/13.2.1/../../../../arm-none-eabi/lib/thumb/v7e-m/nofp\libcr_nohost_nf.a(_cr_assert.o)
 .debug_info    0x00016b16      0x18b C:/NXP/MCUXpressoIDE_24.12.148/ide/plugins/com.nxp.mcuxpresso.tools.win32_24.12.0.202407110909/tools/bin/../lib/gcc/arm-none-eabi/13.2.1/../../../../arm-none-eabi/lib/thumb/v7e-m/nofp\libcr_nohost_nf.a(__ciob.o)
 .debug_info    0x00016ca1       0x38 C:/NXP/MCUXpressoIDE_24.12.148/ide/plugins/com.nxp.mcuxpresso.tools.win32_24.12.0.202407110909/tools/bin/../lib/gcc/arm-none-eabi/13.2.1/../../../../arm-none-eabi/lib/thumb/v7e-m/nofp\libcr_nohost_nf.a(__sys_appexit.o)
 .debug_info    0x00016cd9       0xfc C:/NXP/MCUXpressoIDE_24.12.148/ide/plugins/com.nxp.mcuxpresso.tools.win32_24.12.0.202407110909/tools/bin/../lib/gcc/arm-none-eabi/13.2.1/../../../../arm-none-eabi/lib/thumb/v7e-m/nofp\libcr_c.a(memset.o)
 .debug_info    0x00016dd5      0x369 C:/NXP/MCUXpressoIDE_24.12.148/ide/plugins/com.nxp.mcuxpresso.tools.win32_24.12.0.202407110909/tools/bin/../lib/gcc/arm-none-eabi/13.2.1/../../../../arm-none-eabi/lib/thumb/v7e-m/nofp\libcr_c.a(_deferredlazyseek.o)
 .debug_info    0x0001713e      0x1e3 C:/NXP/MCUXpressoIDE_24.12.148/ide/plugins/com.nxp.mcuxpresso.tools.win32_24.12.0.202407110909/tools/bin/../lib/gcc/arm-none-eabi/13.2.1/../../../../arm-none-eabi/lib/thumb/v7e-m/nofp\libcr_c.a(_fflush.o)
 .debug_info    0x00017321      0x289 C:/NXP/MCUXpressoIDE_24.12.148/ide/plugins/com.nxp.mcuxpresso.tools.win32_24.12.0.202407110909/tools/bin/../lib/gcc/arm-none-eabi/13.2.1/../../../../arm-none-eabi/lib/thumb/v7e-m/nofp\libcr_c.a(_writebuf.o)
 .debug_info    0x000175aa      0x520 C:/NXP/MCUXpressoIDE_24.12.148/ide/plugins/com.nxp.mcuxpresso.tools.win32_24.12.0.202407110909/tools/bin/../lib/gcc/arm-none-eabi/13.2.1/../../../../arm-none-eabi/lib/thumb/v7e-m/nofp\libcr_c.a(alloc.o)
 .debug_info    0x00017aca      0x1e0 C:/NXP/MCUXpressoIDE_24.12.148/ide/plugins/com.nxp.mcuxpresso.tools.win32_24.12.0.202407110909/tools/bin/../lib/gcc/arm-none-eabi/13.2.1/../../../../arm-none-eabi/lib/thumb/v7e-m/nofp\libcr_c.a(fputs.o)
 .debug_info    0x00017caa      0x276 C:/NXP/MCUXpressoIDE_24.12.148/ide/plugins/com.nxp.mcuxpresso.tools.win32_24.12.0.202407110909/tools/bin/../lib/gcc/arm-none-eabi/13.2.1/../../../../arm-none-eabi/lib/thumb/v7e-m/nofp\libcr_c.a(fseek.o)
 .debug_info    0x00017f20      0x197 C:/NXP/MCUXpressoIDE_24.12.148/ide/plugins/com.nxp.mcuxpresso.tools.win32_24.12.0.202407110909/tools/bin/../lib/gcc/arm-none-eabi/13.2.1/../../../../arm-none-eabi/lib/thumb/v7e-m/nofp\libcr_c.a(ftell.o)
 .debug_info    0x000180b7      0x339 C:/NXP/MCUXpressoIDE_24.12.148/ide/plugins/com.nxp.mcuxpresso.tools.win32_24.12.0.202407110909/tools/bin/../lib/gcc/arm-none-eabi/13.2.1/../../../../arm-none-eabi/lib/thumb/v7e-m/nofp\libcr_c.a(initio.o)
 .debug_info    0x000183f0      0x1fd C:/NXP/MCUXpressoIDE_24.12.148/ide/plugins/com.nxp.mcuxpresso.tools.win32_24.12.0.202407110909/tools/bin/../lib/gcc/arm-none-eabi/13.2.1/../../../../arm-none-eabi/lib/thumb/v7e-m/nofp\libcr_c.a(setvbuf.o)
 .debug_info    0x000185ed      0x4bb C:/NXP/MCUXpressoIDE_24.12.148/ide/plugins/com.nxp.mcuxpresso.tools.win32_24.12.0.202407110909/tools/bin/../lib/gcc/arm-none-eabi/13.2.1/../../../../arm-none-eabi/lib/thumb/v7e-m/nofp\libcr_c.a(stdlib.o)
 .debug_info    0x00018aa8       0xe1 C:/NXP/MCUXpressoIDE_24.12.148/ide/plugins/com.nxp.mcuxpresso.tools.win32_24.12.0.202407110909/tools/bin/../lib/gcc/arm-none-eabi/13.2.1/../../../../arm-none-eabi/lib/thumb/v7e-m/nofp\libcr_c.a(strlen.o)
 .debug_info    0x00018b89       0xd4 C:/NXP/MCUXpressoIDE_24.12.148/ide/plugins/com.nxp.mcuxpresso.tools.win32_24.12.0.202407110909/tools/bin/../lib/gcc/arm-none-eabi/13.2.1/../../../../arm-none-eabi/lib/thumb/v7e-m/nofp\libcr_c.a(__init_alloc.o)
 .debug_info    0x00018c5d      0x107 C:/NXP/MCUXpressoIDE_24.12.148/ide/plugins/com.nxp.mcuxpresso.tools.win32_24.12.0.202407110909/tools/bin/../lib/gcc/arm-none-eabi/13.2.1/../../../../arm-none-eabi/lib/thumb/v7e-m/nofp\libcr_c.a(_cr_sbrk.o)
 .debug_info    0x00018d64      0x24b C:/NXP/MCUXpressoIDE_24.12.148/ide/plugins/com.nxp.mcuxpresso.tools.win32_24.12.0.202407110909/tools/bin/../lib/gcc/arm-none-eabi/13.2.1/../../../../arm-none-eabi/lib/thumb/v7e-m/nofp\libcr_c.a(_fdopen.o)
 .debug_info    0x00018faf       0x44 C:/NXP/MCUXpressoIDE_24.12.148/ide/plugins/com.nxp.mcuxpresso.tools.win32_24.12.0.202407110909/tools/bin/../lib/gcc/arm-none-eabi/13.2.1/../../../../arm-none-eabi/lib/thumb/v7e-m/nofp\libcr_c.a(errno.o)
 .debug_info    0x00018ff3      0x318 C:/NXP/MCUXpressoIDE_24.12.148/ide/plugins/com.nxp.mcuxpresso.tools.win32_24.12.0.202407110909/tools/bin/../lib/gcc/arm-none-eabi/13.2.1/../../../../arm-none-eabi/lib/thumb/v7e-m/nofp\libcr_c.a(fclose.o)
 .debug_info    0x0001930b      0x209 C:/NXP/MCUXpressoIDE_24.12.148/ide/plugins/com.nxp.mcuxpresso.tools.win32_24.12.0.202407110909/tools/bin/../lib/gcc/arm-none-eabi/13.2.1/../../../../arm-none-eabi/lib/thumb/v7e-m/nofp\libcr_c.a(fflush.o)
 .debug_info    0x00019514      0x1d7 C:/NXP/MCUXpressoIDE_24.12.148/ide/plugins/com.nxp.mcuxpresso.tools.win32_24.12.0.202407110909/tools/bin/../lib/gcc/arm-none-eabi/13.2.1/../../../../arm-none-eabi/lib/thumb/v7e-m/nofp\libcr_c.a(remove.o)
 .debug_info    0x000196eb       0x78 C:/NXP/MCUXpressoIDE_24.12.148/ide/plugins/com.nxp.mcuxpresso.tools.win32_24.12.0.202407110909/tools/bin/../lib/gcc/arm-none-eabi/13.2.1/../../../../arm-none-eabi/lib/thumb/v7e-m/nofp\libcr_c.a(_cr_check_heap.o)
 .debug_info    0x00019763      0x23a C:/NXP/MCUXpressoIDE_24.12.148/ide/plugins/com.nxp.mcuxpresso.tools.win32_24.12.0.202407110909/tools/bin/../lib/gcc/arm-none-eabi/13.2.1/../../../../arm-none-eabi/lib/thumb/v7e-m/nofp\libcr_c.a(_do_fflush.o)
 .debug_info    0x0001999d       0x6a C:/NXP/MCUXpressoIDE_24.12.148/ide/plugins/com.nxp.mcuxpresso.tools.win32_24.12.0.202407110909/tools/bin/../lib/gcc/arm-none-eabi/13.2.1/../../../../arm-none-eabi/lib/thumb/v7e-m/nofp\libcr_nohost_nf.a(__sys_close.o)
 .debug_info    0x00019a07       0x6a C:/NXP/MCUXpressoIDE_24.12.148/ide/plugins/com.nxp.mcuxpresso.tools.win32_24.12.0.202407110909/tools/bin/../lib/gcc/arm-none-eabi/13.2.1/../../../../arm-none-eabi/lib/thumb/v7e-m/nofp\libcr_nohost_nf.a(__sys_flen.o)
 .debug_info    0x00019a71       0x6a C:/NXP/MCUXpressoIDE_24.12.148/ide/plugins/com.nxp.mcuxpresso.tools.win32_24.12.0.202407110909/tools/bin/../lib/gcc/arm-none-eabi/13.2.1/../../../../arm-none-eabi/lib/thumb/v7e-m/nofp\libcr_nohost_nf.a(__sys_istty.o)
 .debug_info    0x00019adb       0x8a C:/NXP/MCUXpressoIDE_24.12.148/ide/plugins/com.nxp.mcuxpresso.tools.win32_24.12.0.202407110909/tools/bin/../lib/gcc/arm-none-eabi/13.2.1/../../../../arm-none-eabi/lib/thumb/v7e-m/nofp\libcr_nohost_nf.a(__sys_remove.o)
 .debug_info    0x00019b65       0x78 C:/NXP/MCUXpressoIDE_24.12.148/ide/plugins/com.nxp.mcuxpresso.tools.win32_24.12.0.202407110909/tools/bin/../lib/gcc/arm-none-eabi/13.2.1/../../../../arm-none-eabi/lib/thumb/v7e-m/nofp\libcr_nohost_nf.a(__sys_seek.o)
 .debug_info    0x00019bdd       0x93 C:/NXP/MCUXpressoIDE_24.12.148/ide/plugins/com.nxp.mcuxpresso.tools.win32_24.12.0.202407110909/tools/bin/../lib/gcc/arm-none-eabi/13.2.1/../../../../arm-none-eabi/lib/thumb/v7e-m/nofp\libcr_nohost_nf.a(__sys_tmpnam.o)
 .debug_info    0x00019c70       0x93 C:/NXP/MCUXpressoIDE_24.12.148/ide/plugins/com.nxp.mcuxpresso.tools.win32_24.12.0.202407110909/tools/bin/../lib/gcc/arm-none-eabi/13.2.1/../../../../arm-none-eabi/lib/thumb/v7e-m/nofp\libcr_nohost_nf.a(__sys_write.o)

.debug_abbrev   0x00000000     0x4a7e
 .debug_abbrev  0x00000000      0x2c1 ./utilities/fsl_debug_console.o
 .debug_abbrev  0x000002c1      0x191 ./utilities/fsl_str.o
 .debug_abbrev  0x00000452      0x245 ./startup/startup_jn5189.o
 .debug_abbrev  0x00000697      0x37d ./source/JN5189_Project.o
 .debug_abbrev  0x00000a14       0x31 ./source/semihost_hardfault.o
 .debug_abbrev  0x00000a45      0x26b ./drivers/fsl_adc.o
 .debug_abbrev  0x00000cb0      0x383 ./drivers/fsl_clock.o
 .debug_abbrev  0x00001033      0x293 ./drivers/fsl_common.o
 .debug_abbrev  0x000012c6      0x388 ./drivers/fsl_ctimer.o
 .debug_abbrev  0x0000164e      0x29b ./drivers/fsl_flexcomm.o
 .debug_abbrev  0x000018e9      0x21d ./drivers/fsl_gpio.o
 .debug_abbrev  0x00001b06      0x1bc ./drivers/fsl_reset.o
 .debug_abbrev  0x00001cc2      0x3ac ./drivers/fsl_usart.o
 .debug_abbrev  0x0000206e      0x212 ./device/system_JN5189.o
 .debug_abbrev  0x00002280      0x27a ./component/uart/usart_adapter.o
 .debug_abbrev  0x000024fa      0x23b ./component/serial_manager/serial_manager.o
 .debug_abbrev  0x00002735      0x164 ./component/serial_manager/serial_port_uart.o
 .debug_abbrev  0x00002899      0x13b ./board/board.o
 .debug_abbrev  0x000029d4      0x1ad ./board/board_utility.o
 .debug_abbrev  0x00002b81       0xec ./board/clock_config.o
 .debug_abbrev  0x00002c6d       0x31 ./board/peripherals.o
 .debug_abbrev  0x00002c9e      0x163 ./board/pin_mux.o
 .debug_abbrev  0x00002e01       0x70 C:/NXP/MCUXpressoIDE_24.12.148/ide/plugins/com.nxp.mcuxpresso.tools.win32_24.12.0.202407110909/tools/bin/../lib/gcc/arm-none-eabi/13.2.1/../../../../arm-none-eabi/lib/thumb/v7e-m/nofp\libcr_nohost_nf.a(_cr__main.o)
 .debug_abbrev  0x00002e71      0x12f C:/NXP/MCUXpressoIDE_24.12.148/ide/plugins/com.nxp.mcuxpresso.tools.win32_24.12.0.202407110909/tools/bin/../lib/gcc/arm-none-eabi/13.2.1/../../../../arm-none-eabi/lib/thumb/v7e-m/nofp\libcr_nohost_nf.a(_cr_assert.o)
 .debug_abbrev  0x00002fa0       0xb5 C:/NXP/MCUXpressoIDE_24.12.148/ide/plugins/com.nxp.mcuxpresso.tools.win32_24.12.0.202407110909/tools/bin/../lib/gcc/arm-none-eabi/13.2.1/../../../../arm-none-eabi/lib/thumb/v7e-m/nofp\libcr_nohost_nf.a(__ciob.o)
 .debug_abbrev  0x00003055       0x2e C:/NXP/MCUXpressoIDE_24.12.148/ide/plugins/com.nxp.mcuxpresso.tools.win32_24.12.0.202407110909/tools/bin/../lib/gcc/arm-none-eabi/13.2.1/../../../../arm-none-eabi/lib/thumb/v7e-m/nofp\libcr_nohost_nf.a(__sys_appexit.o)
 .debug_abbrev  0x00003083       0xa8 C:/NXP/MCUXpressoIDE_24.12.148/ide/plugins/com.nxp.mcuxpresso.tools.win32_24.12.0.202407110909/tools/bin/../lib/gcc/arm-none-eabi/13.2.1/../../../../arm-none-eabi/lib/thumb/v7e-m/nofp\libcr_c.a(memset.o)
 .debug_abbrev  0x0000312b      0x152 C:/NXP/MCUXpressoIDE_24.12.148/ide/plugins/com.nxp.mcuxpresso.tools.win32_24.12.0.202407110909/tools/bin/../lib/gcc/arm-none-eabi/13.2.1/../../../../arm-none-eabi/lib/thumb/v7e-m/nofp\libcr_c.a(_deferredlazyseek.o)
 .debug_abbrev  0x0000327d       0xf1 C:/NXP/MCUXpressoIDE_24.12.148/ide/plugins/com.nxp.mcuxpresso.tools.win32_24.12.0.202407110909/tools/bin/../lib/gcc/arm-none-eabi/13.2.1/../../../../arm-none-eabi/lib/thumb/v7e-m/nofp\libcr_c.a(_fflush.o)
 .debug_abbrev  0x0000336e      0x126 C:/NXP/MCUXpressoIDE_24.12.148/ide/plugins/com.nxp.mcuxpresso.tools.win32_24.12.0.202407110909/tools/bin/../lib/gcc/arm-none-eabi/13.2.1/../../../../arm-none-eabi/lib/thumb/v7e-m/nofp\libcr_c.a(_writebuf.o)
 .debug_abbrev  0x00003494      0x284 C:/NXP/MCUXpressoIDE_24.12.148/ide/plugins/com.nxp.mcuxpresso.tools.win32_24.12.0.202407110909/tools/bin/../lib/gcc/arm-none-eabi/13.2.1/../../../../arm-none-eabi/lib/thumb/v7e-m/nofp\libcr_c.a(alloc.o)
 .debug_abbrev  0x00003718      0x10c C:/NXP/MCUXpressoIDE_24.12.148/ide/plugins/com.nxp.mcuxpresso.tools.win32_24.12.0.202407110909/tools/bin/../lib/gcc/arm-none-eabi/13.2.1/../../../../arm-none-eabi/lib/thumb/v7e-m/nofp\libcr_c.a(fputs.o)
 .debug_abbrev  0x00003824      0x11b C:/NXP/MCUXpressoIDE_24.12.148/ide/plugins/com.nxp.mcuxpresso.tools.win32_24.12.0.202407110909/tools/bin/../lib/gcc/arm-none-eabi/13.2.1/../../../../arm-none-eabi/lib/thumb/v7e-m/nofp\libcr_c.a(fseek.o)
 .debug_abbrev  0x0000393f       0xc2 C:/NXP/MCUXpressoIDE_24.12.148/ide/plugins/com.nxp.mcuxpresso.tools.win32_24.12.0.202407110909/tools/bin/../lib/gcc/arm-none-eabi/13.2.1/../../../../arm-none-eabi/lib/thumb/v7e-m/nofp\libcr_c.a(ftell.o)
 .debug_abbrev  0x00003a01      0x169 C:/NXP/MCUXpressoIDE_24.12.148/ide/plugins/com.nxp.mcuxpresso.tools.win32_24.12.0.202407110909/tools/bin/../lib/gcc/arm-none-eabi/13.2.1/../../../../arm-none-eabi/lib/thumb/v7e-m/nofp\libcr_c.a(initio.o)
 .debug_abbrev  0x00003b6a       0xe1 C:/NXP/MCUXpressoIDE_24.12.148/ide/plugins/com.nxp.mcuxpresso.tools.win32_24.12.0.202407110909/tools/bin/../lib/gcc/arm-none-eabi/13.2.1/../../../../arm-none-eabi/lib/thumb/v7e-m/nofp\libcr_c.a(setvbuf.o)
 .debug_abbrev  0x00003c4b      0x2b7 C:/NXP/MCUXpressoIDE_24.12.148/ide/plugins/com.nxp.mcuxpresso.tools.win32_24.12.0.202407110909/tools/bin/../lib/gcc/arm-none-eabi/13.2.1/../../../../arm-none-eabi/lib/thumb/v7e-m/nofp\libcr_c.a(stdlib.o)
 .debug_abbrev  0x00003f02       0xa7 C:/NXP/MCUXpressoIDE_24.12.148/ide/plugins/com.nxp.mcuxpresso.tools.win32_24.12.0.202407110909/tools/bin/../lib/gcc/arm-none-eabi/13.2.1/../../../../arm-none-eabi/lib/thumb/v7e-m/nofp\libcr_c.a(strlen.o)
 .debug_abbrev  0x00003fa9       0xaf C:/NXP/MCUXpressoIDE_24.12.148/ide/plugins/com.nxp.mcuxpresso.tools.win32_24.12.0.202407110909/tools/bin/../lib/gcc/arm-none-eabi/13.2.1/../../../../arm-none-eabi/lib/thumb/v7e-m/nofp\libcr_c.a(__init_alloc.o)
 .debug_abbrev  0x00004058       0xd3 C:/NXP/MCUXpressoIDE_24.12.148/ide/plugins/com.nxp.mcuxpresso.tools.win32_24.12.0.202407110909/tools/bin/../lib/gcc/arm-none-eabi/13.2.1/../../../../arm-none-eabi/lib/thumb/v7e-m/nofp\libcr_c.a(_cr_sbrk.o)
 .debug_abbrev  0x0000412b      0x119 C:/NXP/MCUXpressoIDE_24.12.148/ide/plugins/com.nxp.mcuxpresso.tools.win32_24.12.0.202407110909/tools/bin/../lib/gcc/arm-none-eabi/13.2.1/../../../../arm-none-eabi/lib/thumb/v7e-m/nofp\libcr_c.a(_fdopen.o)
 .debug_abbrev  0x00004244       0x44 C:/NXP/MCUXpressoIDE_24.12.148/ide/plugins/com.nxp.mcuxpresso.tools.win32_24.12.0.202407110909/tools/bin/../lib/gcc/arm-none-eabi/13.2.1/../../../../arm-none-eabi/lib/thumb/v7e-m/nofp\libcr_c.a(errno.o)
 .debug_abbrev  0x00004288      0x155 C:/NXP/MCUXpressoIDE_24.12.148/ide/plugins/com.nxp.mcuxpresso.tools.win32_24.12.0.202407110909/tools/bin/../lib/gcc/arm-none-eabi/13.2.1/../../../../arm-none-eabi/lib/thumb/v7e-m/nofp\libcr_c.a(fclose.o)
 .debug_abbrev  0x000043dd      0x125 C:/NXP/MCUXpressoIDE_24.12.148/ide/plugins/com.nxp.mcuxpresso.tools.win32_24.12.0.202407110909/tools/bin/../lib/gcc/arm-none-eabi/13.2.1/../../../../arm-none-eabi/lib/thumb/v7e-m/nofp\libcr_c.a(fflush.o)
 .debug_abbrev  0x00004502       0xfb C:/NXP/MCUXpressoIDE_24.12.148/ide/plugins/com.nxp.mcuxpresso.tools.win32_24.12.0.202407110909/tools/bin/../lib/gcc/arm-none-eabi/13.2.1/../../../../arm-none-eabi/lib/thumb/v7e-m/nofp\libcr_c.a(remove.o)
 .debug_abbrev  0x000045fd       0x6b C:/NXP/MCUXpressoIDE_24.12.148/ide/plugins/com.nxp.mcuxpresso.tools.win32_24.12.0.202407110909/tools/bin/../lib/gcc/arm-none-eabi/13.2.1/../../../../arm-none-eabi/lib/thumb/v7e-m/nofp\libcr_c.a(_cr_check_heap.o)
 .debug_abbrev  0x00004668      0x12c C:/NXP/MCUXpressoIDE_24.12.148/ide/plugins/com.nxp.mcuxpresso.tools.win32_24.12.0.202407110909/tools/bin/../lib/gcc/arm-none-eabi/13.2.1/../../../../arm-none-eabi/lib/thumb/v7e-m/nofp\libcr_c.a(_do_fflush.o)
 .debug_abbrev  0x00004794       0x5c C:/NXP/MCUXpressoIDE_24.12.148/ide/plugins/com.nxp.mcuxpresso.tools.win32_24.12.0.202407110909/tools/bin/../lib/gcc/arm-none-eabi/13.2.1/../../../../arm-none-eabi/lib/thumb/v7e-m/nofp\libcr_nohost_nf.a(__sys_close.o)
 .debug_abbrev  0x000047f0       0x5c C:/NXP/MCUXpressoIDE_24.12.148/ide/plugins/com.nxp.mcuxpresso.tools.win32_24.12.0.202407110909/tools/bin/../lib/gcc/arm-none-eabi/13.2.1/../../../../arm-none-eabi/lib/thumb/v7e-m/nofp\libcr_nohost_nf.a(__sys_flen.o)
 .debug_abbrev  0x0000484c       0x5c C:/NXP/MCUXpressoIDE_24.12.148/ide/plugins/com.nxp.mcuxpresso.tools.win32_24.12.0.202407110909/tools/bin/../lib/gcc/arm-none-eabi/13.2.1/../../../../arm-none-eabi/lib/thumb/v7e-m/nofp\libcr_nohost_nf.a(__sys_istty.o)
 .debug_abbrev  0x000048a8       0x7d C:/NXP/MCUXpressoIDE_24.12.148/ide/plugins/com.nxp.mcuxpresso.tools.win32_24.12.0.202407110909/tools/bin/../lib/gcc/arm-none-eabi/13.2.1/../../../../arm-none-eabi/lib/thumb/v7e-m/nofp\libcr_nohost_nf.a(__sys_remove.o)
 .debug_abbrev  0x00004925       0x6d C:/NXP/MCUXpressoIDE_24.12.148/ide/plugins/com.nxp.mcuxpresso.tools.win32_24.12.0.202407110909/tools/bin/../lib/gcc/arm-none-eabi/13.2.1/../../../../arm-none-eabi/lib/thumb/v7e-m/nofp\libcr_nohost_nf.a(__sys_seek.o)
 .debug_abbrev  0x00004992       0x76 C:/NXP/MCUXpressoIDE_24.12.148/ide/plugins/com.nxp.mcuxpresso.tools.win32_24.12.0.202407110909/tools/bin/../lib/gcc/arm-none-eabi/13.2.1/../../../../arm-none-eabi/lib/thumb/v7e-m/nofp\libcr_nohost_nf.a(__sys_tmpnam.o)
 .debug_abbrev  0x00004a08       0x76 C:/NXP/MCUXpressoIDE_24.12.148/ide/plugins/com.nxp.mcuxpresso.tools.win32_24.12.0.202407110909/tools/bin/../lib/gcc/arm-none-eabi/13.2.1/../../../../arm-none-eabi/lib/thumb/v7e-m/nofp\libcr_nohost_nf.a(__sys_write.o)

.debug_aranges  0x00000000      0xf20
 .debug_aranges
                0x00000000       0x80 ./utilities/fsl_debug_console.o
 .debug_aranges
                0x00000080       0x38 ./utilities/fsl_str.o
 .debug_aranges
                0x000000b8      0x238 ./startup/startup_jn5189.o
 .debug_aranges
                0x000002f0       0x80 ./source/JN5189_Project.o
 .debug_aranges
                0x00000370       0x20 ./source/semihost_hardfault.o
 .debug_aranges
                0x00000390       0x58 ./drivers/fsl_adc.o
 .debug_aranges
                0x000003e8      0x158 ./drivers/fsl_clock.o
 .debug_aranges
                0x00000540       0x68 ./drivers/fsl_common.o
 .debug_aranges
                0x000005a8       0xb8 ./drivers/fsl_ctimer.o
 .debug_aranges
                0x00000660       0x78 ./drivers/fsl_flexcomm.o
 .debug_aranges
                0x000006d8       0x28 ./drivers/fsl_gpio.o
 .debug_aranges
                0x00000700       0x40 ./drivers/fsl_reset.o
 .debug_aranges
                0x00000740       0xe0 ./drivers/fsl_usart.o
 .debug_aranges
                0x00000820       0x78 ./device/system_JN5189.o
 .debug_aranges
                0x00000898       0x40 ./component/uart/usart_adapter.o
 .debug_aranges
                0x000008d8       0x98 ./component/serial_manager/serial_manager.o
 .debug_aranges
                0x00000970       0x38 ./component/serial_manager/serial_port_uart.o
 .debug_aranges
                0x000009a8       0x30 ./board/board.o
 .debug_aranges
                0x000009d8       0x40 ./board/board_utility.o
 .debug_aranges
                0x00000a18       0x28 ./board/clock_config.o
 .debug_aranges
                0x00000a40       0x20 ./board/peripherals.o
 .debug_aranges
                0x00000a60       0x30 ./board/pin_mux.o
 .debug_aranges
                0x00000a90       0x20 C:/NXP/MCUXpressoIDE_24.12.148/ide/plugins/com.nxp.mcuxpresso.tools.win32_24.12.0.202407110909/tools/bin/../lib/gcc/arm-none-eabi/13.2.1/../../../../arm-none-eabi/lib/thumb/v7e-m/nofp\libcr_nohost_nf.a(_cr__main.o)
 .debug_aranges
                0x00000ab0       0x20 C:/NXP/MCUXpressoIDE_24.12.148/ide/plugins/com.nxp.mcuxpresso.tools.win32_24.12.0.202407110909/tools/bin/../lib/gcc/arm-none-eabi/13.2.1/../../../../arm-none-eabi/lib/thumb/v7e-m/nofp\libcr_nohost_nf.a(_cr_assert.o)
 .debug_aranges
                0x00000ad0       0x18 C:/NXP/MCUXpressoIDE_24.12.148/ide/plugins/com.nxp.mcuxpresso.tools.win32_24.12.0.202407110909/tools/bin/../lib/gcc/arm-none-eabi/13.2.1/../../../../arm-none-eabi/lib/thumb/v7e-m/nofp\libcr_nohost_nf.a(__ciob.o)
 .debug_aranges
                0x00000ae8       0x20 C:/NXP/MCUXpressoIDE_24.12.148/ide/plugins/com.nxp.mcuxpresso.tools.win32_24.12.0.202407110909/tools/bin/../lib/gcc/arm-none-eabi/13.2.1/../../../../arm-none-eabi/lib/thumb/v7e-m/nofp\libcr_nohost_nf.a(__sys_appexit.o)
 .debug_aranges
                0x00000b08       0x20 C:/NXP/MCUXpressoIDE_24.12.148/ide/plugins/com.nxp.mcuxpresso.tools.win32_24.12.0.202407110909/tools/bin/../lib/gcc/arm-none-eabi/13.2.1/../../../../arm-none-eabi/lib/thumb/v7e-m/nofp\libcr_c.a(memset.o)
 .debug_aranges
                0x00000b28       0x28 C:/NXP/MCUXpressoIDE_24.12.148/ide/plugins/com.nxp.mcuxpresso.tools.win32_24.12.0.202407110909/tools/bin/../lib/gcc/arm-none-eabi/13.2.1/../../../../arm-none-eabi/lib/thumb/v7e-m/nofp\libcr_c.a(_deferredlazyseek.o)
 .debug_aranges
                0x00000b50       0x20 C:/NXP/MCUXpressoIDE_24.12.148/ide/plugins/com.nxp.mcuxpresso.tools.win32_24.12.0.202407110909/tools/bin/../lib/gcc/arm-none-eabi/13.2.1/../../../../arm-none-eabi/lib/thumb/v7e-m/nofp\libcr_c.a(_fflush.o)
 .debug_aranges
                0x00000b70       0x20 C:/NXP/MCUXpressoIDE_24.12.148/ide/plugins/com.nxp.mcuxpresso.tools.win32_24.12.0.202407110909/tools/bin/../lib/gcc/arm-none-eabi/13.2.1/../../../../arm-none-eabi/lib/thumb/v7e-m/nofp\libcr_c.a(_writebuf.o)
 .debug_aranges
                0x00000b90       0x40 C:/NXP/MCUXpressoIDE_24.12.148/ide/plugins/com.nxp.mcuxpresso.tools.win32_24.12.0.202407110909/tools/bin/../lib/gcc/arm-none-eabi/13.2.1/../../../../arm-none-eabi/lib/thumb/v7e-m/nofp\libcr_c.a(alloc.o)
 .debug_aranges
                0x00000bd0       0x20 C:/NXP/MCUXpressoIDE_24.12.148/ide/plugins/com.nxp.mcuxpresso.tools.win32_24.12.0.202407110909/tools/bin/../lib/gcc/arm-none-eabi/13.2.1/../../../../arm-none-eabi/lib/thumb/v7e-m/nofp\libcr_c.a(fputs.o)
 .debug_aranges
                0x00000bf0       0x20 C:/NXP/MCUXpressoIDE_24.12.148/ide/plugins/com.nxp.mcuxpresso.tools.win32_24.12.0.202407110909/tools/bin/../lib/gcc/arm-none-eabi/13.2.1/../../../../arm-none-eabi/lib/thumb/v7e-m/nofp\libcr_c.a(fseek.o)
 .debug_aranges
                0x00000c10       0x20 C:/NXP/MCUXpressoIDE_24.12.148/ide/plugins/com.nxp.mcuxpresso.tools.win32_24.12.0.202407110909/tools/bin/../lib/gcc/arm-none-eabi/13.2.1/../../../../arm-none-eabi/lib/thumb/v7e-m/nofp\libcr_c.a(ftell.o)
 .debug_aranges
                0x00000c30       0x28 C:/NXP/MCUXpressoIDE_24.12.148/ide/plugins/com.nxp.mcuxpresso.tools.win32_24.12.0.202407110909/tools/bin/../lib/gcc/arm-none-eabi/13.2.1/../../../../arm-none-eabi/lib/thumb/v7e-m/nofp\libcr_c.a(initio.o)
 .debug_aranges
                0x00000c58       0x20 C:/NXP/MCUXpressoIDE_24.12.148/ide/plugins/com.nxp.mcuxpresso.tools.win32_24.12.0.202407110909/tools/bin/../lib/gcc/arm-none-eabi/13.2.1/../../../../arm-none-eabi/lib/thumb/v7e-m/nofp\libcr_c.a(setvbuf.o)
 .debug_aranges
                0x00000c78       0x88 C:/NXP/MCUXpressoIDE_24.12.148/ide/plugins/com.nxp.mcuxpresso.tools.win32_24.12.0.202407110909/tools/bin/../lib/gcc/arm-none-eabi/13.2.1/../../../../arm-none-eabi/lib/thumb/v7e-m/nofp\libcr_c.a(stdlib.o)
 .debug_aranges
                0x00000d00       0x20 C:/NXP/MCUXpressoIDE_24.12.148/ide/plugins/com.nxp.mcuxpresso.tools.win32_24.12.0.202407110909/tools/bin/../lib/gcc/arm-none-eabi/13.2.1/../../../../arm-none-eabi/lib/thumb/v7e-m/nofp\libcr_c.a(strlen.o)
 .debug_aranges
                0x00000d20       0x20 C:/NXP/MCUXpressoIDE_24.12.148/ide/plugins/com.nxp.mcuxpresso.tools.win32_24.12.0.202407110909/tools/bin/../lib/gcc/arm-none-eabi/13.2.1/../../../../arm-none-eabi/lib/thumb/v7e-m/nofp\libcr_c.a(__init_alloc.o)
 .debug_aranges
                0x00000d40       0x20 C:/NXP/MCUXpressoIDE_24.12.148/ide/plugins/com.nxp.mcuxpresso.tools.win32_24.12.0.202407110909/tools/bin/../lib/gcc/arm-none-eabi/13.2.1/../../../../arm-none-eabi/lib/thumb/v7e-m/nofp\libcr_c.a(_cr_sbrk.o)
 .debug_aranges
                0x00000d60       0x20 C:/NXP/MCUXpressoIDE_24.12.148/ide/plugins/com.nxp.mcuxpresso.tools.win32_24.12.0.202407110909/tools/bin/../lib/gcc/arm-none-eabi/13.2.1/../../../../arm-none-eabi/lib/thumb/v7e-m/nofp\libcr_c.a(_fdopen.o)
 .debug_aranges
                0x00000d80       0x18 C:/NXP/MCUXpressoIDE_24.12.148/ide/plugins/com.nxp.mcuxpresso.tools.win32_24.12.0.202407110909/tools/bin/../lib/gcc/arm-none-eabi/13.2.1/../../../../arm-none-eabi/lib/thumb/v7e-m/nofp\libcr_c.a(errno.o)
 .debug_aranges
                0x00000d98       0x20 C:/NXP/MCUXpressoIDE_24.12.148/ide/plugins/com.nxp.mcuxpresso.tools.win32_24.12.0.202407110909/tools/bin/../lib/gcc/arm-none-eabi/13.2.1/../../../../arm-none-eabi/lib/thumb/v7e-m/nofp\libcr_c.a(fclose.o)
 .debug_aranges
                0x00000db8       0x20 C:/NXP/MCUXpressoIDE_24.12.148/ide/plugins/com.nxp.mcuxpresso.tools.win32_24.12.0.202407110909/tools/bin/../lib/gcc/arm-none-eabi/13.2.1/../../../../arm-none-eabi/lib/thumb/v7e-m/nofp\libcr_c.a(fflush.o)
 .debug_aranges
                0x00000dd8       0x28 C:/NXP/MCUXpressoIDE_24.12.148/ide/plugins/com.nxp.mcuxpresso.tools.win32_24.12.0.202407110909/tools/bin/../lib/gcc/arm-none-eabi/13.2.1/../../../../arm-none-eabi/lib/thumb/v7e-m/nofp\libcr_c.a(remove.o)
 .debug_aranges
                0x00000e00       0x20 C:/NXP/MCUXpressoIDE_24.12.148/ide/plugins/com.nxp.mcuxpresso.tools.win32_24.12.0.202407110909/tools/bin/../lib/gcc/arm-none-eabi/13.2.1/../../../../arm-none-eabi/lib/thumb/v7e-m/nofp\libcr_c.a(_cr_check_heap.o)
 .debug_aranges
                0x00000e20       0x20 C:/NXP/MCUXpressoIDE_24.12.148/ide/plugins/com.nxp.mcuxpresso.tools.win32_24.12.0.202407110909/tools/bin/../lib/gcc/arm-none-eabi/13.2.1/../../../../arm-none-eabi/lib/thumb/v7e-m/nofp\libcr_c.a(_do_fflush.o)
 .debug_aranges
                0x00000e40       0x20 C:/NXP/MCUXpressoIDE_24.12.148/ide/plugins/com.nxp.mcuxpresso.tools.win32_24.12.0.202407110909/tools/bin/../lib/gcc/arm-none-eabi/13.2.1/../../../../arm-none-eabi/lib/thumb/v7e-m/nofp\libcr_nohost_nf.a(__sys_close.o)
 .debug_aranges
                0x00000e60       0x20 C:/NXP/MCUXpressoIDE_24.12.148/ide/plugins/com.nxp.mcuxpresso.tools.win32_24.12.0.202407110909/tools/bin/../lib/gcc/arm-none-eabi/13.2.1/../../../../arm-none-eabi/lib/thumb/v7e-m/nofp\libcr_nohost_nf.a(__sys_flen.o)
 .debug_aranges
                0x00000e80       0x20 C:/NXP/MCUXpressoIDE_24.12.148/ide/plugins/com.nxp.mcuxpresso.tools.win32_24.12.0.202407110909/tools/bin/../lib/gcc/arm-none-eabi/13.2.1/../../../../arm-none-eabi/lib/thumb/v7e-m/nofp\libcr_nohost_nf.a(__sys_istty.o)
 .debug_aranges
                0x00000ea0       0x20 C:/NXP/MCUXpressoIDE_24.12.148/ide/plugins/com.nxp.mcuxpresso.tools.win32_24.12.0.202407110909/tools/bin/../lib/gcc/arm-none-eabi/13.2.1/../../../../arm-none-eabi/lib/thumb/v7e-m/nofp\libcr_nohost_nf.a(__sys_remove.o)
 .debug_aranges
                0x00000ec0       0x20 C:/NXP/MCUXpressoIDE_24.12.148/ide/plugins/com.nxp.mcuxpresso.tools.win32_24.12.0.202407110909/tools/bin/../lib/gcc/arm-none-eabi/13.2.1/../../../../arm-none-eabi/lib/thumb/v7e-m/nofp\libcr_nohost_nf.a(__sys_seek.o)
 .debug_aranges
                0x00000ee0       0x20 C:/NXP/MCUXpressoIDE_24.12.148/ide/plugins/com.nxp.mcuxpresso.tools.win32_24.12.0.202407110909/tools/bin/../lib/gcc/arm-none-eabi/13.2.1/../../../../arm-none-eabi/lib/thumb/v7e-m/nofp\libcr_nohost_nf.a(__sys_tmpnam.o)
 .debug_aranges
                0x00000f00       0x20 C:/NXP/MCUXpressoIDE_24.12.148/ide/plugins/com.nxp.mcuxpresso.tools.win32_24.12.0.202407110909/tools/bin/../lib/gcc/arm-none-eabi/13.2.1/../../../../arm-none-eabi/lib/thumb/v7e-m/nofp\libcr_nohost_nf.a(__sys_write.o)

.debug_ranges   0x00000000      0xc18
 .debug_ranges  0x00000000       0x70 ./utilities/fsl_debug_console.o
 .debug_ranges  0x00000070       0x28 ./utilities/fsl_str.o
 .debug_ranges  0x00000098      0x228 ./startup/startup_jn5189.o
 .debug_ranges  0x000002c0       0x70 ./source/JN5189_Project.o
 .debug_ranges  0x00000330       0x10 ./source/semihost_hardfault.o
 .debug_ranges  0x00000340       0x48 ./drivers/fsl_adc.o
 .debug_ranges  0x00000388      0x148 ./drivers/fsl_clock.o
 .debug_ranges  0x000004d0       0x58 ./drivers/fsl_common.o
 .debug_ranges  0x00000528       0xa8 ./drivers/fsl_ctimer.o
 .debug_ranges  0x000005d0       0x68 ./drivers/fsl_flexcomm.o
 .debug_ranges  0x00000638       0x18 ./drivers/fsl_gpio.o
 .debug_ranges  0x00000650       0x30 ./drivers/fsl_reset.o
 .debug_ranges  0x00000680       0xd0 ./drivers/fsl_usart.o
 .debug_ranges  0x00000750       0x68 ./device/system_JN5189.o
 .debug_ranges  0x000007b8       0x30 ./component/uart/usart_adapter.o
 .debug_ranges  0x000007e8       0x88 ./component/serial_manager/serial_manager.o
 .debug_ranges  0x00000870       0x28 ./component/serial_manager/serial_port_uart.o
 .debug_ranges  0x00000898       0x20 ./board/board.o
 .debug_ranges  0x000008b8       0x30 ./board/board_utility.o
 .debug_ranges  0x000008e8       0x18 ./board/clock_config.o
 .debug_ranges  0x00000900       0x10 ./board/peripherals.o
 .debug_ranges  0x00000910       0x20 ./board/pin_mux.o
 .debug_ranges  0x00000930       0x10 C:/NXP/MCUXpressoIDE_24.12.148/ide/plugins/com.nxp.mcuxpresso.tools.win32_24.12.0.202407110909/tools/bin/../lib/gcc/arm-none-eabi/13.2.1/../../../../arm-none-eabi/lib/thumb/v7e-m/nofp\libcr_nohost_nf.a(_cr__main.o)
 .debug_ranges  0x00000940       0x10 C:/NXP/MCUXpressoIDE_24.12.148/ide/plugins/com.nxp.mcuxpresso.tools.win32_24.12.0.202407110909/tools/bin/../lib/gcc/arm-none-eabi/13.2.1/../../../../arm-none-eabi/lib/thumb/v7e-m/nofp\libcr_nohost_nf.a(_cr_assert.o)
 .debug_ranges  0x00000950       0x10 C:/NXP/MCUXpressoIDE_24.12.148/ide/plugins/com.nxp.mcuxpresso.tools.win32_24.12.0.202407110909/tools/bin/../lib/gcc/arm-none-eabi/13.2.1/../../../../arm-none-eabi/lib/thumb/v7e-m/nofp\libcr_nohost_nf.a(__sys_appexit.o)
 .debug_ranges  0x00000960       0x10 C:/NXP/MCUXpressoIDE_24.12.148/ide/plugins/com.nxp.mcuxpresso.tools.win32_24.12.0.202407110909/tools/bin/../lib/gcc/arm-none-eabi/13.2.1/../../../../arm-none-eabi/lib/thumb/v7e-m/nofp\libcr_c.a(memset.o)
 .debug_ranges  0x00000970       0x30 C:/NXP/MCUXpressoIDE_24.12.148/ide/plugins/com.nxp.mcuxpresso.tools.win32_24.12.0.202407110909/tools/bin/../lib/gcc/arm-none-eabi/13.2.1/../../../../arm-none-eabi/lib/thumb/v7e-m/nofp\libcr_c.a(_deferredlazyseek.o)
 .debug_ranges  0x000009a0       0x10 C:/NXP/MCUXpressoIDE_24.12.148/ide/plugins/com.nxp.mcuxpresso.tools.win32_24.12.0.202407110909/tools/bin/../lib/gcc/arm-none-eabi/13.2.1/../../../../arm-none-eabi/lib/thumb/v7e-m/nofp\libcr_c.a(_fflush.o)
 .debug_ranges  0x000009b0       0x10 C:/NXP/MCUXpressoIDE_24.12.148/ide/plugins/com.nxp.mcuxpresso.tools.win32_24.12.0.202407110909/tools/bin/../lib/gcc/arm-none-eabi/13.2.1/../../../../arm-none-eabi/lib/thumb/v7e-m/nofp\libcr_c.a(_writebuf.o)
 .debug_ranges  0x000009c0       0x48 C:/NXP/MCUXpressoIDE_24.12.148/ide/plugins/com.nxp.mcuxpresso.tools.win32_24.12.0.202407110909/tools/bin/../lib/gcc/arm-none-eabi/13.2.1/../../../../arm-none-eabi/lib/thumb/v7e-m/nofp\libcr_c.a(alloc.o)
 .debug_ranges  0x00000a08       0x10 C:/NXP/MCUXpressoIDE_24.12.148/ide/plugins/com.nxp.mcuxpresso.tools.win32_24.12.0.202407110909/tools/bin/../lib/gcc/arm-none-eabi/13.2.1/../../../../arm-none-eabi/lib/thumb/v7e-m/nofp\libcr_c.a(fputs.o)
 .debug_ranges  0x00000a18       0x10 C:/NXP/MCUXpressoIDE_24.12.148/ide/plugins/com.nxp.mcuxpresso.tools.win32_24.12.0.202407110909/tools/bin/../lib/gcc/arm-none-eabi/13.2.1/../../../../arm-none-eabi/lib/thumb/v7e-m/nofp\libcr_c.a(fseek.o)
 .debug_ranges  0x00000a28       0x10 C:/NXP/MCUXpressoIDE_24.12.148/ide/plugins/com.nxp.mcuxpresso.tools.win32_24.12.0.202407110909/tools/bin/../lib/gcc/arm-none-eabi/13.2.1/../../../../arm-none-eabi/lib/thumb/v7e-m/nofp\libcr_c.a(ftell.o)
 .debug_ranges  0x00000a38       0x18 C:/NXP/MCUXpressoIDE_24.12.148/ide/plugins/com.nxp.mcuxpresso.tools.win32_24.12.0.202407110909/tools/bin/../lib/gcc/arm-none-eabi/13.2.1/../../../../arm-none-eabi/lib/thumb/v7e-m/nofp\libcr_c.a(initio.o)
 .debug_ranges  0x00000a50       0x10 C:/NXP/MCUXpressoIDE_24.12.148/ide/plugins/com.nxp.mcuxpresso.tools.win32_24.12.0.202407110909/tools/bin/../lib/gcc/arm-none-eabi/13.2.1/../../../../arm-none-eabi/lib/thumb/v7e-m/nofp\libcr_c.a(setvbuf.o)
 .debug_ranges  0x00000a60       0x78 C:/NXP/MCUXpressoIDE_24.12.148/ide/plugins/com.nxp.mcuxpresso.tools.win32_24.12.0.202407110909/tools/bin/../lib/gcc/arm-none-eabi/13.2.1/../../../../arm-none-eabi/lib/thumb/v7e-m/nofp\libcr_c.a(stdlib.o)
 .debug_ranges  0x00000ad8       0x10 C:/NXP/MCUXpressoIDE_24.12.148/ide/plugins/com.nxp.mcuxpresso.tools.win32_24.12.0.202407110909/tools/bin/../lib/gcc/arm-none-eabi/13.2.1/../../../../arm-none-eabi/lib/thumb/v7e-m/nofp\libcr_c.a(strlen.o)
 .debug_ranges  0x00000ae8       0x10 C:/NXP/MCUXpressoIDE_24.12.148/ide/plugins/com.nxp.mcuxpresso.tools.win32_24.12.0.202407110909/tools/bin/../lib/gcc/arm-none-eabi/13.2.1/../../../../arm-none-eabi/lib/thumb/v7e-m/nofp\libcr_c.a(__init_alloc.o)
 .debug_ranges  0x00000af8       0x10 C:/NXP/MCUXpressoIDE_24.12.148/ide/plugins/com.nxp.mcuxpresso.tools.win32_24.12.0.202407110909/tools/bin/../lib/gcc/arm-none-eabi/13.2.1/../../../../arm-none-eabi/lib/thumb/v7e-m/nofp\libcr_c.a(_cr_sbrk.o)
 .debug_ranges  0x00000b08       0x10 C:/NXP/MCUXpressoIDE_24.12.148/ide/plugins/com.nxp.mcuxpresso.tools.win32_24.12.0.202407110909/tools/bin/../lib/gcc/arm-none-eabi/13.2.1/../../../../arm-none-eabi/lib/thumb/v7e-m/nofp\libcr_c.a(_fdopen.o)
 .debug_ranges  0x00000b18       0x10 C:/NXP/MCUXpressoIDE_24.12.148/ide/plugins/com.nxp.mcuxpresso.tools.win32_24.12.0.202407110909/tools/bin/../lib/gcc/arm-none-eabi/13.2.1/../../../../arm-none-eabi/lib/thumb/v7e-m/nofp\libcr_c.a(fclose.o)