C:\NXP\mg_workspace\Czujnik-ruchu-HNM01-do-sterowania-sieci-o-wietlenia\JN5189_Project3\CMSIS/core_cm4.h:1677:22:__NVIC_EnableIRQ	16	static
C:\NXP\mg_workspace\Czujnik-ruchu-HNM01-do-sterowania-sieci-o-wietlenia\JN5189_Project3\drivers/fsl_common.h:440:28:EnableIRQ	16	static
C:\NXP\mg_workspace\Czujnik-ruchu-HNM01-do-sterowania-sieci-o-wietlenia\JN5189_Project3\drivers/fsl_adc.h:435:20:ADC_EnableConvSeqA	16	static
C:\NXP\mg_workspace\Czujnik-ruchu-HNM01-do-sterowania-sieci-o-wietlenia\JN5189_Project3\drivers/fsl_adc.h:476:20:ADC_EnableConvSeqABurstMode	16	static
C:\NXP\mg_workspace\Czujnik-ruchu-HNM01-do-sterowania-sieci-o-wietlenia\JN5189_Project3\drivers/fsl_adc.h:690:20:ADC_EnableInterrupts	16	static
C:\NXP\mg_workspace\Czujnik-ruchu-HNM01-do-sterowania-sieci-o-wietlenia\JN5189_Project3\drivers/fsl_adc.h:755:20:ADC_ClearStatusFlags	16	static
../source/adc_sensor.c:13:6:ADC_Init_Custom	40	static
../source/adc_sensor.c:37:6:ADC0_SEQA_IRQHandler	24	static
../source/adc_sensor.c:57:6:ADC_GetData_Frequence_Timeout	24	static
