C:\NXP\mg_workspace\Czujnik-ruchu-HNM01-do-sterowania-sieci-o-wietlenia\JN5189_Project3\CMSIS/core_cm4.h:1677:22:__NVIC_EnableIRQ	16	static
C:\NXP\mg_workspace\Czujnik-ruchu-HNM01-do-sterowania-sieci-o-wietlenia\JN5189_Project3\CMSIS/core_cm4.h:1805:22:__NVIC_SetPriority	16	static
C:\NXP\mg_workspace\Czujnik-ruchu-HNM01-do-sterowania-sieci-o-wietlenia\JN5189_Project3\CMSIS/core_cm4.h:2011:26:SysTick_Config	16	static
C:\NXP\mg_workspace\Czujnik-ruchu-HNM01-do-sterowania-sieci-o-wietlenia\JN5189_Project3\drivers/fsl_common.h:440:28:EnableIRQ	16	static
C:\NXP\mg_workspace\Czujnik-ruchu-HNM01-do-sterowania-sieci-o-wietlenia\JN5189_Project3\drivers/fsl_gpio.h:154:20:GPIO_PinWrite	24	static
C:\NXP\mg_workspace\Czujnik-ruchu-HNM01-do-sterowania-sieci-o-wietlenia\JN5189_Project3\drivers/fsl_adc.h:435:20:ADC_EnableConvSeqA	16	static
C:\NXP\mg_workspace\Czujnik-ruchu-HNM01-do-sterowania-sieci-o-wietlenia\JN5189_Project3\drivers/fsl_adc.h:476:20:ADC_EnableConvSeqABurstMode	16	static
C:\NXP\mg_workspace\Czujnik-ruchu-HNM01-do-sterowania-sieci-o-wietlenia\JN5189_Project3\drivers/fsl_adc.h:690:20:ADC_EnableInterrupts	16	static
C:\NXP\mg_workspace\Czujnik-ruchu-HNM01-do-sterowania-sieci-o-wietlenia\JN5189_Project3\drivers/fsl_adc.h:755:20:ADC_ClearStatusFlags	16	static
../source/JN5189_Project.c:74:6:SysTick_Handler	8	static
../source/JN5189_Project.c:110:6:ADC0_SEQA_IRQHandler	24	static
../source/JN5189_Project.c:142:5:main	72	static
