../utilities/fsl_debug_console.c:318:10:DbgConsole_ReadOneCharacter	24	static
../utilities/fsl_debug_console.c:385:5:DbgConsole_SendData	24	static
../utilities/fsl_debug_console.c:452:5:DbgConsole_SendDataReliable	24	static
../utilities/fsl_debug_console.c:529:5:DbgConsole_ReadLine	24	static
../utilities/fsl_debug_console.c:584:5:DbgConsole_ReadCharacter	24	static
../utilities/fsl_debug_console.c:612:13:DbgConsole_PrintCallback	32	static
../utilities/fsl_debug_console.c:633:10:DbgConsole_Init	64	static
../utilities/fsl_debug_console.c:757:10:DbgConsole_Deinit	8	static
../utilities/fsl_debug_console.c:788:40:DbgConsole_Flush	4	static
../utilities/fsl_debug_console.c:827:5:DbgConsole_Printf	152	static
../utilities/fsl_debug_console.c:850:5:DbgConsole_Putchar	16	static
../utilities/fsl_debug_console.c:857:5:DbgConsole_Scanf	40	static
../utilities/fsl_debug_console.c:909:5:DbgConsole_Getchar	16	static
