C:\NXP\mg_workspace\Czujnik-ruchu-HNM01-do-sterowania-sieci-o-wietlenia\JN5189_Project2\CMSIS/core_cm4.h:1677:22:__NVIC_EnableIRQ	16	static
C:\NXP\mg_workspace\Czujnik-ruchu-HNM01-do-sterowania-sieci-o-wietlenia\JN5189_Project2\CMSIS/core_cm4.h:1713:22:__NVIC_DisableIRQ	16	static
C:\NXP\mg_workspace\Czujnik-ruchu-HNM01-do-sterowania-sieci-o-wietlenia\JN5189_Project2\drivers/rom_pmc.h:55:24:pmc_reset_get_cause	16	static
C:\NXP\mg_workspace\Czujnik-ruchu-HNM01-do-sterowania-sieci-o-wietlenia\JN5189_Project2\drivers/rom_pmc.h:70:20:pmc_reset_clear_cause	24	static
../drivers/rom_lowpower.h:432:20:Chip_LOWPOWER_GetSystemVoltages	24	static
../drivers/rom_lowpower.h:445:20:Chip_LOWPOWER_SetSystemVoltages	24	static
../drivers/rom_lowpower.h:458:20:Chip_LOWPOWER_SetLowPowerMode	24	static
../drivers/fsl_power.c:182:13:POWER_FlexcomClocksDisable	8	static
../drivers/fsl_power.c:272:13:POWER_UpdateTrimmingVoltageValue	16	static
../drivers/fsl_power.c:289:17:POWER_GetIoClampConfig	16	static
../drivers/fsl_power.c:313:10:POWER_GetLibVersion	4	static
../drivers/fsl_power.c:322:15:POWER_GetResetCause	16	static
../drivers/fsl_power.c:373:6:POWER_ClearResetCause	8	static
../drivers/fsl_power.c:378:6:POWER_DisplayActiveVoltage	24	static
../drivers/fsl_power.c:398:6:POWER_ApplyActiveVoltage	16	static
../drivers/fsl_power.c:419:6:POWER_ApplyLdoActiveVoltage	16	static
../drivers/fsl_power.c:437:6:POWER_ApplyLdoActiveVoltage_1V1	8	static
../drivers/fsl_power.c:445:6:POWER_ApplyLdoActiveVoltage_1V0	8	static
../drivers/fsl_power.c:463:6:POWER_Init	8	static
../drivers/fsl_power.c:497:6:POWER_SetTrimDefaultActiveVoltage	8	static
../drivers/fsl_power.c:557:6:POWER_BodVbatGetDefaultConfig	16	static
../drivers/fsl_power.c:570:6:POWER_BodVbatConfig	24	static
../drivers/fsl_power.c:646:6:POWER_EnterDeepSleepMode	16	static
../drivers/fsl_power.c:661:6:POWER_GetPowerDownConfig	64	static
../drivers/fsl_power.c:882:6:POWER_GoToPowerDown	24	static
../drivers/fsl_power.c:907:6:POWER_RegisterPowerDownEntryHookFunction	16	static
../drivers/fsl_power.c:912:6:POWER_EnterPowerDownMode	80	static
../drivers/fsl_power.c:925:6:POWER_EnterDeepDownMode	88	static
../drivers/fsl_power.c:1011:6:POWER_EnterPowerMode	24	static
../drivers/fsl_power.c:1037:6:POWER_SetDcdc1v8	24	static
../drivers/fsl_power.c:1090:6:POWER_SetDcdc1v3	24	static
