C:\NXP\mg_workspace\Czujnik-ruchu-HNM01-do-sterowania-sieci-o-wietlenia\JN5189_Project3\drivers/rom_api.h:147:24:BOOT_GetStartPowerMode	8	static
../startup/startup_jn5189.c:345:6:data_init	4	static
../startup/startup_jn5189.c:354:6:bss_init	0	static
../startup/startup_jn5189.c:379:6:ResetISR	0	static
../startup/startup_jn5189.c:406:56:ResetISR2	16	static
../startup/startup_jn5189.c:571:14:NMI_Handler	0	static
../startup/startup_jn5189.c:575:14:HardFault_Handler	0	static
../startup/startup_jn5189.c:579:14:MemManage_Handler	0	static
../startup/startup_jn5189.c:583:14:BusFault_Handler	0	static
../startup/startup_jn5189.c:587:14:UsageFault_Handler	0	static
../startup/startup_jn5189.c:591:14:SVC_Handler	0	static
../startup/startup_jn5189.c:595:14:PendSV_Handler	0	static
../startup/startup_jn5189.c:599:14:SysTick_Handler	0	static
../startup/startup_jn5189.c:607:14:IntDefaultHandler	0	static
../startup/startup_jn5189.c:617:11:WDT_BOD_IRQHandler	8	static
../startup/startup_jn5189.c:621:11:DMA0_IRQHandler	8	static
../startup/startup_jn5189.c:625:11:GINT0_IRQHandler	8	static
../startup/startup_jn5189.c:629:11:CIC_IRB_IRQHandler	8	static
../startup/startup_jn5189.c:633:11:PIN_INT0_IRQHandler	8	static
../startup/startup_jn5189.c:637:11:PIN_INT1_IRQHandler	8	static
../startup/startup_jn5189.c:641:11:PIN_INT2_IRQHandler	8	static
../startup/startup_jn5189.c:645:11:PIN_INT3_IRQHandler	8	static
../startup/startup_jn5189.c:649:11:SPIFI0_IRQHandler	8	static
../startup/startup_jn5189.c:653:11:CTIMER0_IRQHandler	8	static
../startup/startup_jn5189.c:657:11:CTIMER1_IRQHandler	8	static
../startup/startup_jn5189.c:661:11:FLEXCOMM0_IRQHandler	8	static
../startup/startup_jn5189.c:665:11:FLEXCOMM1_IRQHandler	8	static
../startup/startup_jn5189.c:669:11:FLEXCOMM2_IRQHandler	8	static
../startup/startup_jn5189.c:673:11:FLEXCOMM3_IRQHandler	8	static
../startup/startup_jn5189.c:677:11:FLEXCOMM4_IRQHandler	8	static
../startup/startup_jn5189.c:681:11:FLEXCOMM5_IRQHandler	8	static
../startup/startup_jn5189.c:685:11:PWM0_IRQHandler	8	static
../startup/startup_jn5189.c:689:11:PWM1_IRQHandler	8	static
../startup/startup_jn5189.c:693:11:PWM2_IRQHandler	8	static
../startup/startup_jn5189.c:697:11:PWM3_IRQHandler	8	static
../startup/startup_jn5189.c:701:11:PWM4_IRQHandler	8	static
../startup/startup_jn5189.c:705:11:PWM5_IRQHandler	8	static
../startup/startup_jn5189.c:709:11:PWM6_IRQHandler	8	static
../startup/startup_jn5189.c:713:11:PWM7_IRQHandler	8	static
../startup/startup_jn5189.c:717:11:PWM8_IRQHandler	8	static
../startup/startup_jn5189.c:721:11:PWM9_IRQHandler	8	static
../startup/startup_jn5189.c:725:11:PWM10_IRQHandler	8	static
../startup/startup_jn5189.c:729:11:FLEXCOMM6_IRQHandler	8	static
../startup/startup_jn5189.c:733:11:RTC_IRQHandler	8	static
../startup/startup_jn5189.c:737:11:NFCTag_IRQHandler	8	static
../startup/startup_jn5189.c:741:11:MAILBOX_IRQHandler	8	static
../startup/startup_jn5189.c:745:11:ADC0_SEQA_IRQHandler	8	static
../startup/startup_jn5189.c:749:11:ADC0_SEQB_IRQHandler	8	static
../startup/startup_jn5189.c:753:11:ADC0_THCMP_IRQHandler	8	static
../startup/startup_jn5189.c:757:11:DMIC0_IRQHandler	8	static
../startup/startup_jn5189.c:761:11:HWVAD0_IRQHandler	8	static
../startup/startup_jn5189.c:765:11:BLE_DP_IRQHandler	8	static
../startup/startup_jn5189.c:769:11:BLE_DP0_IRQHandler	8	static
../startup/startup_jn5189.c:773:11:BLE_DP1_IRQHandler	8	static
../startup/startup_jn5189.c:777:11:BLE_DP2_IRQHandler	8	static
../startup/startup_jn5189.c:781:11:BLE_LL_ALL_IRQHandler	8	static
../startup/startup_jn5189.c:819:11:RFP_TMU_IRQHandler	8	static
../startup/startup_jn5189.c:823:11:RFP_AGC_IRQHandler	8	static
../startup/startup_jn5189.c:827:11:ISO7816_IRQHandler	8	static
../startup/startup_jn5189.c:831:11:ANA_COMP_IRQHandler	8	static
../startup/startup_jn5189.c:835:11:WAKE_UP_TIMER0_IRQHandler	8	static
../startup/startup_jn5189.c:839:11:WAKE_UP_TIMER1_IRQHandler	8	static
../startup/startup_jn5189.c:843:11:PVTVF0_AMBER_IRQHandler	8	static
../startup/startup_jn5189.c:847:11:PVTVF0_RED_IRQHandler	8	static
../startup/startup_jn5189.c:851:11:PVTVF1_AMBER_IRQHandler	8	static
../startup/startup_jn5189.c:855:11:PVTVF1_RED_IRQHandler	8	static
../startup/startup_jn5189.c:859:11:BLE_WAKE_UP_TIMER_IRQHandler	8	static
../startup/startup_jn5189.c:863:11:SHA_IRQHandler	8	static
